[0.116s] Invoking command in '/media/sf_inspection_bot_ws/build/inspection_bot_msgs': CMAKE_PREFIX_PATH=/opt/ros/foxy /usr/bin/cmake /media/sf_inspection_bot_ws/src/inspection_bot_msgs -DAMENT_CMAKE_SYMLINK_INSTALL=1 -DCMAKE_INSTALL_PREFIX=/media/sf_inspection_bot_ws/install/inspection_bot_msgs
[1.170s] -- The C compiler identification is GNU 9.4.0
[1.926s] -- The CXX compiler identification is GNU 9.4.0
[1.983s] -- Check for working C compiler: /usr/bin/cc
[2.678s] -- Check for working C compiler: /usr/bin/cc -- works
[2.689s] -- Detecting C compiler ABI info
[3.249s] -- Detecting C compiler ABI info - done
[3.291s] -- Detecting C compile features
[3.294s] -- Detecting C compile features - done
[3.328s] -- Check for working CXX compiler: /usr/bin/c++
[3.857s] -- Check for working CXX compiler: /usr/bin/c++ -- works
[3.865s] -- Detecting CXX compiler ABI info
[4.444s] -- Detecting CXX compiler ABI info - done
[4.478s] -- Detecting CXX compile features
[4.482s] -- Detecting CXX compile features - done
[4.563s] -- Found ament_cmake: 0.9.12 (/opt/ros/foxy/share/ament_cmake/cmake)
[4.615s] -- Found PythonInterp: /usr/bin/python3 (found suitable version "3.8.10", minimum required is "3") 
[4.620s] -- Using PYTHON_EXECUTABLE: /usr/bin/python3
[4.874s] -- Override CMake install command with custom implementation using symlinks instead of copying resources
[5.052s] -- Found rosidl_default_generators: 1.0.1 (/opt/ros/foxy/share/rosidl_default_generators/cmake)
[5.147s] -- Using all available rosidl_typesupport_c: rosidl_typesupport_fastrtps_c;rosidl_typesupport_introspection_c
[5.162s] -- Found rosidl_adapter: 1.3.1 (/opt/ros/foxy/share/rosidl_adapter/cmake)
[5.586s] -- Found OpenSSL: /usr/lib/x86_64-linux-gnu/libcrypto.so (found version "1.1.1f")  
[5.665s] -- Found FastRTPS: /opt/ros/foxy/include  
[5.970s] -- Using all available rosidl_typesupport_cpp: rosidl_typesupport_fastrtps_cpp;rosidl_typesupport_introspection_cpp
[6.080s] -- Found std_msgs: 2.0.5 (/opt/ros/foxy/share/std_msgs/cmake)
[6.212s] -- Found geometry_msgs: 2.0.5 (/opt/ros/foxy/share/geometry_msgs/cmake)
[6.438s] -- Found PythonInterp: /usr/bin/python3 (found version "3.8.10") 
[8.016s] -- Found ament_cmake_ros: 0.9.2 (/opt/ros/foxy/share/ament_cmake_ros/cmake)
[11.088s] -- Using all available rosidl_typesupport_c: rosidl_typesupport_fastrtps_c;rosidl_typesupport_introspection_c
[13.257s] -- Using all available rosidl_typesupport_cpp: rosidl_typesupport_fastrtps_cpp;rosidl_typesupport_introspection_cpp
[13.310s] -- Found PythonInterp: /usr/bin/python3 (found suitable version "3.8.10", minimum required is "3.5") 
[13.311s] -- Found python_cmake_module: 0.8.1 (/opt/ros/foxy/share/python_cmake_module/cmake)
[13.369s] -- Found PythonLibs: /usr/lib/x86_64-linux-gnu/libpython3.8.so (found suitable version "3.8.10", minimum required is "3.5") 
[13.371s] -- Using PYTHON_EXECUTABLE: /usr/bin/python3
[13.375s] -- Using PYTHON_INCLUDE_DIRS: /usr/include/python3.8
[13.377s] -- Using PYTHON_LIBRARIES: /usr/lib/x86_64-linux-gnu/libpython3.8.so
[13.414s] -- Found PythonExtra: .so  
[14.774s] -- Configuring done
[17.302s] -- Generating done
[17.815s] -- Build files have been written to: /media/sf_inspection_bot_ws/build/inspection_bot_msgs
