[2.575s] DEBUG:colcon:Command line arguments: ['/usr/bin/colcon', 'build']
[2.577s] DEBUG:colcon:Parsed command line arguments: Namespace(allow_overriding=[], ament_cmake_args=None, base_paths=['.'], build_base='build', catkin_cmake_args=None, catkin_skip_building_tests=False, cmake_args=None, cmake_clean_cache=False, cmake_clean_first=False, cmake_force_configure=False, cmake_target=None, cmake_target_skip_unavailable=False, continue_on_error=False, event_handlers=None, executor='parallel', ignore_user_meta=False, install_base='install', log_base=None, log_level=None, main=<bound method BuildVerb.main of <colcon_core.verb.build.BuildVerb object at 0x7f884d383970>>, merge_install=False, metas=['./colcon.meta'], packages_above=None, packages_above_and_dependencies=None, packages_above_depth=None, packages_end=None, packages_ignore=None, packages_ignore_regex=None, packages_select=None, packages_select_build_failed=False, packages_select_by_dep=None, packages_select_regex=None, packages_select_test_failures=False, packages_skip=None, packages_skip_build_finished=False, packages_skip_by_dep=None, packages_skip_regex=None, packages_skip_test_passed=False, packages_skip_up_to=None, packages_start=None, packages_up_to=None, packages_up_to_regex=None, parallel_workers=3, paths=None, symlink_install=False, test_result_base=None, verb_extension=<colcon_core.verb.build.BuildVerb object at 0x7f884d383970>, verb_name='build', verb_parser=<colcon_defaults.argument_parser.defaults.DefaultArgumentsDecorator object at 0x7f884d383ee0>)
[3.211s] Level 1:colcon.colcon_core.package_discovery:discover_packages(colcon_meta) check parameters
[3.213s] Level 1:colcon.colcon_core.package_discovery:discover_packages(recursive) check parameters
[3.214s] Level 1:colcon.colcon_core.package_discovery:discover_packages(ignore) check parameters
[3.214s] Level 1:colcon.colcon_core.package_discovery:discover_packages(path) check parameters
[3.215s] Level 1:colcon.colcon_core.package_discovery:discover_packages(colcon_meta) discover
[3.215s] Level 1:colcon.colcon_core.package_discovery:discover_packages(recursive) discover
[3.216s] INFO:colcon.colcon_core.package_discovery:Crawling recursively for packages in '/media/sf_inspection_bot_ws/src'
[3.218s] Level 1:colcon.colcon_core.package_identification:_identify(.) by extensions ['ignore', 'ignore_ament_install']
[3.219s] Level 1:colcon.colcon_core.package_identification:_identify(.) by extension 'ignore'
[3.221s] Level 1:colcon.colcon_core.package_identification:_identify(.) by extension 'ignore_ament_install'
[3.223s] Level 1:colcon.colcon_core.package_identification:_identify(.) by extensions ['colcon_pkg']
[3.227s] Level 1:colcon.colcon_core.package_identification:_identify(.) by extension 'colcon_pkg'
[3.228s] Level 1:colcon.colcon_core.package_identification:_identify(.) by extensions ['colcon_meta']
[3.229s] Level 1:colcon.colcon_core.package_identification:_identify(.) by extension 'colcon_meta'
[3.230s] Level 1:colcon.colcon_core.package_identification:_identify(.) by extensions ['ros']
[3.231s] Level 1:colcon.colcon_core.package_identification:_identify(.) by extension 'ros'
[3.365s] Level 1:colcon.colcon_core.package_identification:_identify(.) by extensions ['cmake', 'python']
[3.366s] Level 1:colcon.colcon_core.package_identification:_identify(.) by extension 'cmake'
[3.368s] Level 1:colcon.colcon_core.package_identification:_identify(.) by extension 'python'
[3.370s] Level 1:colcon.colcon_core.package_identification:_identify(.) by extensions ['python_setup_py']
[3.371s] Level 1:colcon.colcon_core.package_identification:_identify(.) by extension 'python_setup_py'
[3.379s] Level 1:colcon.colcon_core.package_identification:_identify(build) by extensions ['ignore', 'ignore_ament_install']
[3.381s] Level 1:colcon.colcon_core.package_identification:_identify(build) by extension 'ignore'
[3.383s] Level 1:colcon.colcon_core.package_identification:_identify(build) ignored
[3.388s] Level 1:colcon.colcon_core.package_identification:_identify(inspection_bot_bringup) by extensions ['ignore', 'ignore_ament_install']
[3.390s] Level 1:colcon.colcon_core.package_identification:_identify(inspection_bot_bringup) by extension 'ignore'
[3.392s] Level 1:colcon.colcon_core.package_identification:_identify(inspection_bot_bringup) by extension 'ignore_ament_install'
[3.395s] Level 1:colcon.colcon_core.package_identification:_identify(inspection_bot_bringup) by extensions ['colcon_pkg']
[3.396s] Level 1:colcon.colcon_core.package_identification:_identify(inspection_bot_bringup) by extension 'colcon_pkg'
[3.398s] Level 1:colcon.colcon_core.package_identification:_identify(inspection_bot_bringup) by extensions ['colcon_meta']
[3.400s] Level 1:colcon.colcon_core.package_identification:_identify(inspection_bot_bringup) by extension 'colcon_meta'
[3.402s] Level 1:colcon.colcon_core.package_identification:_identify(inspection_bot_bringup) by extensions ['ros']
[3.403s] Level 1:colcon.colcon_core.package_identification:_identify(inspection_bot_bringup) by extension 'ros'
[3.438s] DEBUG:colcon.colcon_core.package_identification:Package 'inspection_bot_bringup' with type 'ros.ament_cmake' and name 'inspection_bot_bringup'
[3.442s] Level 1:colcon.colcon_core.package_identification:_identify(inspection_bot_dashboard) by extensions ['ignore', 'ignore_ament_install']
[3.443s] Level 1:colcon.colcon_core.package_identification:_identify(inspection_bot_dashboard) by extension 'ignore'
[3.445s] Level 1:colcon.colcon_core.package_identification:_identify(inspection_bot_dashboard) by extension 'ignore_ament_install'
[3.447s] Level 1:colcon.colcon_core.package_identification:_identify(inspection_bot_dashboard) by extensions ['colcon_pkg']
[3.448s] Level 1:colcon.colcon_core.package_identification:_identify(inspection_bot_dashboard) by extension 'colcon_pkg'
[3.450s] Level 1:colcon.colcon_core.package_identification:_identify(inspection_bot_dashboard) by extensions ['colcon_meta']
[3.452s] Level 1:colcon.colcon_core.package_identification:_identify(inspection_bot_dashboard) by extension 'colcon_meta'
[3.454s] Level 1:colcon.colcon_core.package_identification:_identify(inspection_bot_dashboard) by extensions ['ros']
[3.454s] Level 1:colcon.colcon_core.package_identification:_identify(inspection_bot_dashboard) by extension 'ros'
[3.460s] Level 1:colcon.colcon_core.package_identification:_identify(inspection_bot_dashboard) by extensions ['cmake', 'python']
[3.461s] Level 1:colcon.colcon_core.package_identification:_identify(inspection_bot_dashboard) by extension 'cmake'
[3.464s] Level 1:colcon.colcon_core.package_identification:_identify(inspection_bot_dashboard) by extension 'python'
[3.466s] Level 1:colcon.colcon_core.package_identification:_identify(inspection_bot_dashboard) by extensions ['python_setup_py']
[3.467s] Level 1:colcon.colcon_core.package_identification:_identify(inspection_bot_dashboard) by extension 'python_setup_py'
[3.473s] Level 1:colcon.colcon_core.package_identification:_identify(inspection_bot_dashboard/reports) by extensions ['ignore', 'ignore_ament_install']
[3.474s] Level 1:colcon.colcon_core.package_identification:_identify(inspection_bot_dashboard/reports) by extension 'ignore'
[3.475s] Level 1:colcon.colcon_core.package_identification:_identify(inspection_bot_dashboard/reports) by extension 'ignore_ament_install'
[3.477s] Level 1:colcon.colcon_core.package_identification:_identify(inspection_bot_dashboard/reports) by extensions ['colcon_pkg']
[3.478s] Level 1:colcon.colcon_core.package_identification:_identify(inspection_bot_dashboard/reports) by extension 'colcon_pkg'
[3.482s] Level 1:colcon.colcon_core.package_identification:_identify(inspection_bot_dashboard/reports) by extensions ['colcon_meta']
[3.484s] Level 1:colcon.colcon_core.package_identification:_identify(inspection_bot_dashboard/reports) by extension 'colcon_meta'
[3.488s] Level 1:colcon.colcon_core.package_identification:_identify(inspection_bot_dashboard/reports) by extensions ['ros']
[3.488s] Level 1:colcon.colcon_core.package_identification:_identify(inspection_bot_dashboard/reports) by extension 'ros'
[3.494s] Level 1:colcon.colcon_core.package_identification:_identify(inspection_bot_dashboard/reports) by extensions ['cmake', 'python']
[3.497s] Level 1:colcon.colcon_core.package_identification:_identify(inspection_bot_dashboard/reports) by extension 'cmake'
[3.498s] Level 1:colcon.colcon_core.package_identification:_identify(inspection_bot_dashboard/reports) by extension 'python'
[3.499s] Level 1:colcon.colcon_core.package_identification:_identify(inspection_bot_dashboard/reports) by extensions ['python_setup_py']
[3.501s] Level 1:colcon.colcon_core.package_identification:_identify(inspection_bot_dashboard/reports) by extension 'python_setup_py'
[3.505s] Level 1:colcon.colcon_core.package_identification:_identify(inspection_bot_dashboard/static) by extensions ['ignore', 'ignore_ament_install']
[3.507s] Level 1:colcon.colcon_core.package_identification:_identify(inspection_bot_dashboard/static) by extension 'ignore'
[3.509s] Level 1:colcon.colcon_core.package_identification:_identify(inspection_bot_dashboard/static) by extension 'ignore_ament_install'
[3.512s] Level 1:colcon.colcon_core.package_identification:_identify(inspection_bot_dashboard/static) by extensions ['colcon_pkg']
[3.514s] Level 1:colcon.colcon_core.package_identification:_identify(inspection_bot_dashboard/static) by extension 'colcon_pkg'
[3.515s] Level 1:colcon.colcon_core.package_identification:_identify(inspection_bot_dashboard/static) by extensions ['colcon_meta']
[3.516s] Level 1:colcon.colcon_core.package_identification:_identify(inspection_bot_dashboard/static) by extension 'colcon_meta'
[3.517s] Level 1:colcon.colcon_core.package_identification:_identify(inspection_bot_dashboard/static) by extensions ['ros']
[3.519s] Level 1:colcon.colcon_core.package_identification:_identify(inspection_bot_dashboard/static) by extension 'ros'
[3.523s] Level 1:colcon.colcon_core.package_identification:_identify(inspection_bot_dashboard/static) by extensions ['cmake', 'python']
[3.524s] Level 1:colcon.colcon_core.package_identification:_identify(inspection_bot_dashboard/static) by extension 'cmake'
[3.526s] Level 1:colcon.colcon_core.package_identification:_identify(inspection_bot_dashboard/static) by extension 'python'
[3.527s] Level 1:colcon.colcon_core.package_identification:_identify(inspection_bot_dashboard/static) by extensions ['python_setup_py']
[3.528s] Level 1:colcon.colcon_core.package_identification:_identify(inspection_bot_dashboard/static) by extension 'python_setup_py'
[3.532s] Level 1:colcon.colcon_core.package_identification:_identify(inspection_bot_dashboard/templates) by extensions ['ignore', 'ignore_ament_install']
[3.533s] Level 1:colcon.colcon_core.package_identification:_identify(inspection_bot_dashboard/templates) by extension 'ignore'
[3.534s] Level 1:colcon.colcon_core.package_identification:_identify(inspection_bot_dashboard/templates) by extension 'ignore_ament_install'
[3.536s] Level 1:colcon.colcon_core.package_identification:_identify(inspection_bot_dashboard/templates) by extensions ['colcon_pkg']
[3.537s] Level 1:colcon.colcon_core.package_identification:_identify(inspection_bot_dashboard/templates) by extension 'colcon_pkg'
[3.539s] Level 1:colcon.colcon_core.package_identification:_identify(inspection_bot_dashboard/templates) by extensions ['colcon_meta']
[3.540s] Level 1:colcon.colcon_core.package_identification:_identify(inspection_bot_dashboard/templates) by extension 'colcon_meta'
[3.541s] Level 1:colcon.colcon_core.package_identification:_identify(inspection_bot_dashboard/templates) by extensions ['ros']
[3.542s] Level 1:colcon.colcon_core.package_identification:_identify(inspection_bot_dashboard/templates) by extension 'ros'
[3.546s] Level 1:colcon.colcon_core.package_identification:_identify(inspection_bot_dashboard/templates) by extensions ['cmake', 'python']
[3.547s] Level 1:colcon.colcon_core.package_identification:_identify(inspection_bot_dashboard/templates) by extension 'cmake'
[3.548s] Level 1:colcon.colcon_core.package_identification:_identify(inspection_bot_dashboard/templates) by extension 'python'
[3.549s] Level 1:colcon.colcon_core.package_identification:_identify(inspection_bot_dashboard/templates) by extensions ['python_setup_py']
[3.549s] Level 1:colcon.colcon_core.package_identification:_identify(inspection_bot_dashboard/templates) by extension 'python_setup_py'
[3.553s] Level 1:colcon.colcon_core.package_identification:_identify(inspection_bot_description) by extensions ['ignore', 'ignore_ament_install']
[3.553s] Level 1:colcon.colcon_core.package_identification:_identify(inspection_bot_description) by extension 'ignore'
[3.555s] Level 1:colcon.colcon_core.package_identification:_identify(inspection_bot_description) by extension 'ignore_ament_install'
[3.557s] Level 1:colcon.colcon_core.package_identification:_identify(inspection_bot_description) by extensions ['colcon_pkg']
[3.558s] Level 1:colcon.colcon_core.package_identification:_identify(inspection_bot_description) by extension 'colcon_pkg'
[3.560s] Level 1:colcon.colcon_core.package_identification:_identify(inspection_bot_description) by extensions ['colcon_meta']
[3.560s] Level 1:colcon.colcon_core.package_identification:_identify(inspection_bot_description) by extension 'colcon_meta'
[3.561s] Level 1:colcon.colcon_core.package_identification:_identify(inspection_bot_description) by extensions ['ros']
[3.561s] Level 1:colcon.colcon_core.package_identification:_identify(inspection_bot_description) by extension 'ros'
[3.570s] DEBUG:colcon.colcon_core.package_identification:Package 'inspection_bot_description' with type 'ros.ament_cmake' and name 'inspection_bot_description'
[3.574s] Level 1:colcon.colcon_core.package_identification:_identify(inspection_bot_msgs) by extensions ['ignore', 'ignore_ament_install']
[3.575s] Level 1:colcon.colcon_core.package_identification:_identify(inspection_bot_msgs) by extension 'ignore'
[3.576s] Level 1:colcon.colcon_core.package_identification:_identify(inspection_bot_msgs) by extension 'ignore_ament_install'
[3.578s] Level 1:colcon.colcon_core.package_identification:_identify(inspection_bot_msgs) by extensions ['colcon_pkg']
[3.579s] Level 1:colcon.colcon_core.package_identification:_identify(inspection_bot_msgs) by extension 'colcon_pkg'
[3.581s] Level 1:colcon.colcon_core.package_identification:_identify(inspection_bot_msgs) by extensions ['colcon_meta']
[3.582s] Level 1:colcon.colcon_core.package_identification:_identify(inspection_bot_msgs) by extension 'colcon_meta'
[3.584s] Level 1:colcon.colcon_core.package_identification:_identify(inspection_bot_msgs) by extensions ['ros']
[3.584s] Level 1:colcon.colcon_core.package_identification:_identify(inspection_bot_msgs) by extension 'ros'
[3.592s] DEBUG:colcon.colcon_core.package_identification:Package 'inspection_bot_msgs' with type 'ros.ament_cmake' and name 'inspection_bot_msgs'
[3.596s] Level 1:colcon.colcon_core.package_identification:_identify(inspection_bot_nav) by extensions ['ignore', 'ignore_ament_install']
[3.597s] Level 1:colcon.colcon_core.package_identification:_identify(inspection_bot_nav) by extension 'ignore'
[3.598s] Level 1:colcon.colcon_core.package_identification:_identify(inspection_bot_nav) by extension 'ignore_ament_install'
[3.599s] Level 1:colcon.colcon_core.package_identification:_identify(inspection_bot_nav) by extensions ['colcon_pkg']
[3.600s] Level 1:colcon.colcon_core.package_identification:_identify(inspection_bot_nav) by extension 'colcon_pkg'
[3.601s] Level 1:colcon.colcon_core.package_identification:_identify(inspection_bot_nav) by extensions ['colcon_meta']
[3.604s] Level 1:colcon.colcon_core.package_identification:_identify(inspection_bot_nav) by extension 'colcon_meta'
[3.606s] Level 1:colcon.colcon_core.package_identification:_identify(inspection_bot_nav) by extensions ['ros']
[3.608s] Level 1:colcon.colcon_core.package_identification:_identify(inspection_bot_nav) by extension 'ros'
[3.622s] DEBUG:colcon.colcon_core.package_identification:Package 'inspection_bot_nav' with type 'ros.ament_python' and name 'inspection_bot_nav'
[3.627s] Level 1:colcon.colcon_core.package_identification:_identify(inspection_bot_vision) by extensions ['ignore', 'ignore_ament_install']
[3.628s] Level 1:colcon.colcon_core.package_identification:_identify(inspection_bot_vision) by extension 'ignore'
[3.631s] Level 1:colcon.colcon_core.package_identification:_identify(inspection_bot_vision) by extension 'ignore_ament_install'
[3.634s] Level 1:colcon.colcon_core.package_identification:_identify(inspection_bot_vision) by extensions ['colcon_pkg']
[3.634s] Level 1:colcon.colcon_core.package_identification:_identify(inspection_bot_vision) by extension 'colcon_pkg'
[3.636s] Level 1:colcon.colcon_core.package_identification:_identify(inspection_bot_vision) by extensions ['colcon_meta']
[3.637s] Level 1:colcon.colcon_core.package_identification:_identify(inspection_bot_vision) by extension 'colcon_meta'
[3.637s] Level 1:colcon.colcon_core.package_identification:_identify(inspection_bot_vision) by extensions ['ros']
[3.638s] Level 1:colcon.colcon_core.package_identification:_identify(inspection_bot_vision) by extension 'ros'
[3.648s] DEBUG:colcon.colcon_core.package_identification:Package 'inspection_bot_vision' with type 'ros.ament_python' and name 'inspection_bot_vision'
[3.658s] Level 1:colcon.colcon_core.package_identification:_identify(install) by extensions ['ignore', 'ignore_ament_install']
[3.660s] Level 1:colcon.colcon_core.package_identification:_identify(install) by extension 'ignore'
[3.661s] Level 1:colcon.colcon_core.package_identification:_identify(install) ignored
[3.669s] Level 1:colcon.colcon_core.package_identification:_identify(log) by extensions ['ignore', 'ignore_ament_install']
[3.669s] Level 1:colcon.colcon_core.package_identification:_identify(log) by extension 'ignore'
[3.671s] Level 1:colcon.colcon_core.package_identification:_identify(log) ignored
[3.672s] Level 1:colcon.colcon_core.package_discovery:discover_packages(recursive) using defaults
[3.672s] Level 1:colcon.colcon_core.package_discovery:discover_packages(ignore) discover
[3.673s] Level 1:colcon.colcon_core.package_discovery:discover_packages(ignore) using defaults
[3.674s] Level 1:colcon.colcon_core.package_discovery:discover_packages(path) discover
[3.674s] Level 1:colcon.colcon_core.package_discovery:discover_packages(path) using defaults
[3.839s] Level 1:colcon.colcon_core.package_discovery:discover_packages(prefix_path) check parameters
[3.842s] Level 1:colcon.colcon_core.package_discovery:discover_packages(prefix_path) discover
[3.863s] DEBUG:colcon.colcon_installed_package_information.package_discovery:Found 256 installed packages in /opt/ros/foxy
[3.866s] Level 1:colcon.colcon_core.package_discovery:discover_packages(prefix_path) using defaults
[4.136s] Level 5:colcon.colcon_core.verb:set package 'inspection_bot_description' build argument 'cmake_args' from command line to 'None'
[4.137s] Level 5:colcon.colcon_core.verb:set package 'inspection_bot_description' build argument 'cmake_target' from command line to 'None'
[4.137s] Level 5:colcon.colcon_core.verb:set package 'inspection_bot_description' build argument 'cmake_target_skip_unavailable' from command line to 'False'
[4.139s] Level 5:colcon.colcon_core.verb:set package 'inspection_bot_description' build argument 'cmake_clean_cache' from command line to 'False'
[4.141s] Level 5:colcon.colcon_core.verb:set package 'inspection_bot_description' build argument 'cmake_clean_first' from command line to 'False'
[4.142s] Level 5:colcon.colcon_core.verb:set package 'inspection_bot_description' build argument 'cmake_force_configure' from command line to 'False'
[4.143s] Level 5:colcon.colcon_core.verb:set package 'inspection_bot_description' build argument 'ament_cmake_args' from command line to 'None'
[4.143s] Level 5:colcon.colcon_core.verb:set package 'inspection_bot_description' build argument 'catkin_cmake_args' from command line to 'None'
[4.144s] Level 5:colcon.colcon_core.verb:set package 'inspection_bot_description' build argument 'catkin_skip_building_tests' from command line to 'False'
[4.145s] DEBUG:colcon.colcon_core.verb:Building package 'inspection_bot_description' with the following arguments: {'ament_cmake_args': None, 'build_base': '/media/sf_inspection_bot_ws/src/build/inspection_bot_description', 'catkin_cmake_args': None, 'catkin_skip_building_tests': False, 'cmake_args': None, 'cmake_clean_cache': False, 'cmake_clean_first': False, 'cmake_force_configure': False, 'cmake_target': None, 'cmake_target_skip_unavailable': False, 'install_base': '/media/sf_inspection_bot_ws/src/install/inspection_bot_description', 'merge_install': False, 'path': '/media/sf_inspection_bot_ws/src/inspection_bot_description', 'symlink_install': False, 'test_result_base': None}
[4.146s] Level 5:colcon.colcon_core.verb:set package 'inspection_bot_msgs' build argument 'cmake_args' from command line to 'None'
[4.147s] Level 5:colcon.colcon_core.verb:set package 'inspection_bot_msgs' build argument 'cmake_target' from command line to 'None'
[4.147s] Level 5:colcon.colcon_core.verb:set package 'inspection_bot_msgs' build argument 'cmake_target_skip_unavailable' from command line to 'False'
[4.148s] Level 5:colcon.colcon_core.verb:set package 'inspection_bot_msgs' build argument 'cmake_clean_cache' from command line to 'False'
[4.151s] Level 5:colcon.colcon_core.verb:set package 'inspection_bot_msgs' build argument 'cmake_clean_first' from command line to 'False'
[4.151s] Level 5:colcon.colcon_core.verb:set package 'inspection_bot_msgs' build argument 'cmake_force_configure' from command line to 'False'
[4.151s] Level 5:colcon.colcon_core.verb:set package 'inspection_bot_msgs' build argument 'ament_cmake_args' from command line to 'None'
[4.152s] Level 5:colcon.colcon_core.verb:set package 'inspection_bot_msgs' build argument 'catkin_cmake_args' from command line to 'None'
[4.152s] Level 5:colcon.colcon_core.verb:set package 'inspection_bot_msgs' build argument 'catkin_skip_building_tests' from command line to 'False'
[4.153s] DEBUG:colcon.colcon_core.verb:Building package 'inspection_bot_msgs' with the following arguments: {'ament_cmake_args': None, 'build_base': '/media/sf_inspection_bot_ws/src/build/inspection_bot_msgs', 'catkin_cmake_args': None, 'catkin_skip_building_tests': False, 'cmake_args': None, 'cmake_clean_cache': False, 'cmake_clean_first': False, 'cmake_force_configure': False, 'cmake_target': None, 'cmake_target_skip_unavailable': False, 'install_base': '/media/sf_inspection_bot_ws/src/install/inspection_bot_msgs', 'merge_install': False, 'path': '/media/sf_inspection_bot_ws/src/inspection_bot_msgs', 'symlink_install': False, 'test_result_base': None}
[4.156s] Level 5:colcon.colcon_core.verb:set package 'inspection_bot_nav' build argument 'cmake_args' from command line to 'None'
[4.158s] Level 5:colcon.colcon_core.verb:set package 'inspection_bot_nav' build argument 'cmake_target' from command line to 'None'
[4.158s] Level 5:colcon.colcon_core.verb:set package 'inspection_bot_nav' build argument 'cmake_target_skip_unavailable' from command line to 'False'
[4.159s] Level 5:colcon.colcon_core.verb:set package 'inspection_bot_nav' build argument 'cmake_clean_cache' from command line to 'False'
[4.159s] Level 5:colcon.colcon_core.verb:set package 'inspection_bot_nav' build argument 'cmake_clean_first' from command line to 'False'
[4.160s] Level 5:colcon.colcon_core.verb:set package 'inspection_bot_nav' build argument 'cmake_force_configure' from command line to 'False'
[4.160s] Level 5:colcon.colcon_core.verb:set package 'inspection_bot_nav' build argument 'ament_cmake_args' from command line to 'None'
[4.160s] Level 5:colcon.colcon_core.verb:set package 'inspection_bot_nav' build argument 'catkin_cmake_args' from command line to 'None'
[4.161s] Level 5:colcon.colcon_core.verb:set package 'inspection_bot_nav' build argument 'catkin_skip_building_tests' from command line to 'False'
[4.162s] DEBUG:colcon.colcon_core.verb:Building package 'inspection_bot_nav' with the following arguments: {'ament_cmake_args': None, 'build_base': '/media/sf_inspection_bot_ws/src/build/inspection_bot_nav', 'catkin_cmake_args': None, 'catkin_skip_building_tests': False, 'cmake_args': None, 'cmake_clean_cache': False, 'cmake_clean_first': False, 'cmake_force_configure': False, 'cmake_target': None, 'cmake_target_skip_unavailable': False, 'install_base': '/media/sf_inspection_bot_ws/src/install/inspection_bot_nav', 'merge_install': False, 'path': '/media/sf_inspection_bot_ws/src/inspection_bot_nav', 'symlink_install': False, 'test_result_base': None}
[4.164s] Level 5:colcon.colcon_core.verb:set package 'inspection_bot_vision' build argument 'cmake_args' from command line to 'None'
[4.164s] Level 5:colcon.colcon_core.verb:set package 'inspection_bot_vision' build argument 'cmake_target' from command line to 'None'
[4.165s] Level 5:colcon.colcon_core.verb:set package 'inspection_bot_vision' build argument 'cmake_target_skip_unavailable' from command line to 'False'
[4.166s] Level 5:colcon.colcon_core.verb:set package 'inspection_bot_vision' build argument 'cmake_clean_cache' from command line to 'False'
[4.167s] Level 5:colcon.colcon_core.verb:set package 'inspection_bot_vision' build argument 'cmake_clean_first' from command line to 'False'
[4.167s] Level 5:colcon.colcon_core.verb:set package 'inspection_bot_vision' build argument 'cmake_force_configure' from command line to 'False'
[4.168s] Level 5:colcon.colcon_core.verb:set package 'inspection_bot_vision' build argument 'ament_cmake_args' from command line to 'None'
[4.168s] Level 5:colcon.colcon_core.verb:set package 'inspection_bot_vision' build argument 'catkin_cmake_args' from command line to 'None'
[4.169s] Level 5:colcon.colcon_core.verb:set package 'inspection_bot_vision' build argument 'catkin_skip_building_tests' from command line to 'False'
[4.172s] DEBUG:colcon.colcon_core.verb:Building package 'inspection_bot_vision' with the following arguments: {'ament_cmake_args': None, 'build_base': '/media/sf_inspection_bot_ws/src/build/inspection_bot_vision', 'catkin_cmake_args': None, 'catkin_skip_building_tests': False, 'cmake_args': None, 'cmake_clean_cache': False, 'cmake_clean_first': False, 'cmake_force_configure': False, 'cmake_target': None, 'cmake_target_skip_unavailable': False, 'install_base': '/media/sf_inspection_bot_ws/src/install/inspection_bot_vision', 'merge_install': False, 'path': '/media/sf_inspection_bot_ws/src/inspection_bot_vision', 'symlink_install': False, 'test_result_base': None}
[4.174s] Level 5:colcon.colcon_core.verb:set package 'inspection_bot_bringup' build argument 'cmake_args' from command line to 'None'
[4.175s] Level 5:colcon.colcon_core.verb:set package 'inspection_bot_bringup' build argument 'cmake_target' from command line to 'None'
[4.175s] Level 5:colcon.colcon_core.verb:set package 'inspection_bot_bringup' build argument 'cmake_target_skip_unavailable' from command line to 'False'
[4.176s] Level 5:colcon.colcon_core.verb:set package 'inspection_bot_bringup' build argument 'cmake_clean_cache' from command line to 'False'
[4.176s] Level 5:colcon.colcon_core.verb:set package 'inspection_bot_bringup' build argument 'cmake_clean_first' from command line to 'False'
[4.177s] Level 5:colcon.colcon_core.verb:set package 'inspection_bot_bringup' build argument 'cmake_force_configure' from command line to 'False'
[4.177s] Level 5:colcon.colcon_core.verb:set package 'inspection_bot_bringup' build argument 'ament_cmake_args' from command line to 'None'
[4.178s] Level 5:colcon.colcon_core.verb:set package 'inspection_bot_bringup' build argument 'catkin_cmake_args' from command line to 'None'
[4.178s] Level 5:colcon.colcon_core.verb:set package 'inspection_bot_bringup' build argument 'catkin_skip_building_tests' from command line to 'False'
[4.178s] DEBUG:colcon.colcon_core.verb:Building package 'inspection_bot_bringup' with the following arguments: {'ament_cmake_args': None, 'build_base': '/media/sf_inspection_bot_ws/src/build/inspection_bot_bringup', 'catkin_cmake_args': None, 'catkin_skip_building_tests': False, 'cmake_args': None, 'cmake_clean_cache': False, 'cmake_clean_first': False, 'cmake_force_configure': False, 'cmake_target': None, 'cmake_target_skip_unavailable': False, 'install_base': '/media/sf_inspection_bot_ws/src/install/inspection_bot_bringup', 'merge_install': False, 'path': '/media/sf_inspection_bot_ws/src/inspection_bot_bringup', 'symlink_install': False, 'test_result_base': None}
[4.179s] INFO:colcon.colcon_core.executor:Executing jobs using 'parallel' executor
[4.183s] DEBUG:colcon.colcon_parallel_executor.executor.parallel:run_until_complete
[4.188s] INFO:colcon.colcon_ros.task.ament_cmake.build:Building ROS package in '/media/sf_inspection_bot_ws/src/inspection_bot_msgs' with build type 'ament_cmake'
[4.190s] INFO:colcon.colcon_cmake.task.cmake.build:Building CMake package in '/media/sf_inspection_bot_ws/src/inspection_bot_msgs'
[4.219s] INFO:colcon.colcon_core.plugin_system:Skipping extension 'colcon_core.shell.bat': Not used on non-Windows systems
[4.220s] INFO:colcon.colcon_core.shell:Skip shell extension 'powershell' for command environment: Not usable outside of PowerShell
[4.220s] DEBUG:colcon.colcon_core.shell:Skip shell extension 'dsv' for command environment
[4.240s] INFO:colcon.colcon_ros.task.ament_cmake.build:Building ROS package in '/media/sf_inspection_bot_ws/src/inspection_bot_description' with build type 'ament_cmake'
[4.242s] INFO:colcon.colcon_cmake.task.cmake.build:Building CMake package in '/media/sf_inspection_bot_ws/src/inspection_bot_description'
[4.243s] INFO:colcon.colcon_core.shell:Skip shell extension 'powershell' for command environment: Not usable outside of PowerShell
[4.245s] DEBUG:colcon.colcon_core.shell:Skip shell extension 'dsv' for command environment
[4.358s] DEBUG:colcon.colcon_core.event_handler.log_command:Invoking command in '/media/sf_inspection_bot_ws/src/build/inspection_bot_msgs': CMAKE_PREFIX_PATH=/opt/ros/foxy /usr/bin/cmake --build /media/sf_inspection_bot_ws/src/build/inspection_bot_msgs -- -j3 -l3
[4.435s] DEBUG:colcon.colcon_core.event_handler.log_command:Invoking command in '/media/sf_inspection_bot_ws/src/build/inspection_bot_description': CMAKE_PREFIX_PATH=/opt/ros/foxy /usr/bin/cmake /media/sf_inspection_bot_ws/src/inspection_bot_description -DCMAKE_INSTALL_PREFIX=/media/sf_inspection_bot_ws/src/install/inspection_bot_description
[6.818s] DEBUG:colcon.colcon_core.event_handler.log_command:Invoked command in '/media/sf_inspection_bot_ws/src/build/inspection_bot_msgs' returned '0': CMAKE_PREFIX_PATH=/opt/ros/foxy /usr/bin/cmake --build /media/sf_inspection_bot_ws/src/build/inspection_bot_msgs -- -j3 -l3
[6.886s] DEBUG:colcon.colcon_core.event_handler.log_command:Invoking command in '/media/sf_inspection_bot_ws/src/build/inspection_bot_msgs': CMAKE_PREFIX_PATH=/opt/ros/foxy /usr/bin/cmake --install /media/sf_inspection_bot_ws/src/build/inspection_bot_msgs
[8.402s] Level 1:colcon.colcon_core.environment:create_environment_scripts_only(inspection_bot_msgs)
[8.432s] DEBUG:colcon.colcon_core.event_handler.log_command:Invoked command in '/media/sf_inspection_bot_ws/src/build/inspection_bot_msgs' returned '0': CMAKE_PREFIX_PATH=/opt/ros/foxy /usr/bin/cmake --install /media/sf_inspection_bot_ws/src/build/inspection_bot_msgs
[8.465s] Level 1:colcon.colcon_core.environment:checking '/media/sf_inspection_bot_ws/src/install/inspection_bot_msgs' for CMake module files
[8.538s] Level 1:colcon.colcon_core.environment:checking '/media/sf_inspection_bot_ws/src/install/inspection_bot_msgs' for CMake config files
[8.595s] Level 1:colcon.colcon_core.shell:create_environment_hook('inspection_bot_msgs', 'cmake_prefix_path')
[8.596s] INFO:colcon.colcon_core.shell:Creating environment hook '/media/sf_inspection_bot_ws/src/install/inspection_bot_msgs/share/inspection_bot_msgs/hook/cmake_prefix_path.ps1'
[8.728s] INFO:colcon.colcon_core.shell:Creating environment descriptor '/media/sf_inspection_bot_ws/src/install/inspection_bot_msgs/share/inspection_bot_msgs/hook/cmake_prefix_path.dsv'
[8.757s] INFO:colcon.colcon_core.shell:Creating environment hook '/media/sf_inspection_bot_ws/src/install/inspection_bot_msgs/share/inspection_bot_msgs/hook/cmake_prefix_path.sh'
[8.782s] Level 1:colcon.colcon_core.environment:checking '/media/sf_inspection_bot_ws/src/install/inspection_bot_msgs/lib'
[8.788s] Level 1:colcon.colcon_core.shell:create_environment_hook('inspection_bot_msgs', 'ld_library_path_lib')
[8.789s] INFO:colcon.colcon_core.shell:Creating environment hook '/media/sf_inspection_bot_ws/src/install/inspection_bot_msgs/share/inspection_bot_msgs/hook/ld_library_path_lib.ps1'
[8.822s] INFO:colcon.colcon_core.shell:Creating environment descriptor '/media/sf_inspection_bot_ws/src/install/inspection_bot_msgs/share/inspection_bot_msgs/hook/ld_library_path_lib.dsv'
[8.827s] INFO:colcon.colcon_core.shell:Creating environment hook '/media/sf_inspection_bot_ws/src/install/inspection_bot_msgs/share/inspection_bot_msgs/hook/ld_library_path_lib.sh'
[8.833s] Level 1:colcon.colcon_core.environment:checking '/media/sf_inspection_bot_ws/src/install/inspection_bot_msgs/bin'
[8.835s] Level 1:colcon.colcon_core.environment:checking '/media/sf_inspection_bot_ws/src/install/inspection_bot_msgs/lib/pkgconfig/inspection_bot_msgs.pc'
[8.836s] Level 1:colcon.colcon_core.environment:checking '/media/sf_inspection_bot_ws/src/install/inspection_bot_msgs/lib/python3.8/site-packages'
[8.839s] Level 1:colcon.colcon_core.shell:create_environment_hook('inspection_bot_msgs', 'pythonpath')
[8.841s] INFO:colcon.colcon_core.shell:Creating environment hook '/media/sf_inspection_bot_ws/src/install/inspection_bot_msgs/share/inspection_bot_msgs/hook/pythonpath.ps1'
[8.869s] INFO:colcon.colcon_core.shell:Creating environment descriptor '/media/sf_inspection_bot_ws/src/install/inspection_bot_msgs/share/inspection_bot_msgs/hook/pythonpath.dsv'
[8.874s] INFO:colcon.colcon_core.shell:Creating environment hook '/media/sf_inspection_bot_ws/src/install/inspection_bot_msgs/share/inspection_bot_msgs/hook/pythonpath.sh'
[8.879s] Level 1:colcon.colcon_core.environment:checking '/media/sf_inspection_bot_ws/src/install/inspection_bot_msgs/bin'
[8.880s] INFO:colcon.colcon_core.shell:Creating package script '/media/sf_inspection_bot_ws/src/install/inspection_bot_msgs/share/inspection_bot_msgs/package.ps1'
[8.924s] INFO:colcon.colcon_core.shell:Creating package descriptor '/media/sf_inspection_bot_ws/src/install/inspection_bot_msgs/share/inspection_bot_msgs/package.dsv'
[8.936s] INFO:colcon.colcon_core.shell:Creating package script '/media/sf_inspection_bot_ws/src/install/inspection_bot_msgs/share/inspection_bot_msgs/package.sh'
[8.949s] INFO:colcon.colcon_core.shell:Creating package script '/media/sf_inspection_bot_ws/src/install/inspection_bot_msgs/share/inspection_bot_msgs/package.bash'
[8.961s] INFO:colcon.colcon_core.shell:Creating package script '/media/sf_inspection_bot_ws/src/install/inspection_bot_msgs/share/inspection_bot_msgs/package.zsh'
[8.973s] Level 1:colcon.colcon_core.environment:create_file_with_runtime_dependencies(/media/sf_inspection_bot_ws/src/install/inspection_bot_msgs/share/colcon-core/packages/inspection_bot_msgs)
[9.006s] Level 1:colcon.colcon_core.environment:create_environment_scripts_only(inspection_bot_msgs)
[9.012s] Level 1:colcon.colcon_core.environment:checking '/media/sf_inspection_bot_ws/src/install/inspection_bot_msgs' for CMake module files
[9.083s] Level 1:colcon.colcon_core.environment:checking '/media/sf_inspection_bot_ws/src/install/inspection_bot_msgs' for CMake config files
[9.144s] Level 1:colcon.colcon_core.shell:create_environment_hook('inspection_bot_msgs', 'cmake_prefix_path')
[9.145s] INFO:colcon.colcon_core.shell:Creating environment hook '/media/sf_inspection_bot_ws/src/install/inspection_bot_msgs/share/inspection_bot_msgs/hook/cmake_prefix_path.ps1'
[9.173s] INFO:colcon.colcon_core.shell:Creating environment descriptor '/media/sf_inspection_bot_ws/src/install/inspection_bot_msgs/share/inspection_bot_msgs/hook/cmake_prefix_path.dsv'
[9.181s] INFO:colcon.colcon_core.shell:Creating environment hook '/media/sf_inspection_bot_ws/src/install/inspection_bot_msgs/share/inspection_bot_msgs/hook/cmake_prefix_path.sh'
[9.196s] Level 1:colcon.colcon_core.environment:checking '/media/sf_inspection_bot_ws/src/install/inspection_bot_msgs/lib'
[9.200s] Level 1:colcon.colcon_core.shell:create_environment_hook('inspection_bot_msgs', 'ld_library_path_lib')
[9.201s] INFO:colcon.colcon_core.shell:Creating environment hook '/media/sf_inspection_bot_ws/src/install/inspection_bot_msgs/share/inspection_bot_msgs/hook/ld_library_path_lib.ps1'
[9.238s] INFO:colcon.colcon_core.shell:Creating environment descriptor '/media/sf_inspection_bot_ws/src/install/inspection_bot_msgs/share/inspection_bot_msgs/hook/ld_library_path_lib.dsv'
[9.250s] INFO:colcon.colcon_core.shell:Creating environment hook '/media/sf_inspection_bot_ws/src/install/inspection_bot_msgs/share/inspection_bot_msgs/hook/ld_library_path_lib.sh'
[9.261s] Level 1:colcon.colcon_core.environment:checking '/media/sf_inspection_bot_ws/src/install/inspection_bot_msgs/bin'
[9.263s] Level 1:colcon.colcon_core.environment:checking '/media/sf_inspection_bot_ws/src/install/inspection_bot_msgs/lib/pkgconfig/inspection_bot_msgs.pc'
[9.265s] Level 1:colcon.colcon_core.environment:checking '/media/sf_inspection_bot_ws/src/install/inspection_bot_msgs/lib/python3.8/site-packages'
[9.266s] Level 1:colcon.colcon_core.shell:create_environment_hook('inspection_bot_msgs', 'pythonpath')
[9.268s] INFO:colcon.colcon_core.shell:Creating environment hook '/media/sf_inspection_bot_ws/src/install/inspection_bot_msgs/share/inspection_bot_msgs/hook/pythonpath.ps1'
[9.295s] INFO:colcon.colcon_core.shell:Creating environment descriptor '/media/sf_inspection_bot_ws/src/install/inspection_bot_msgs/share/inspection_bot_msgs/hook/pythonpath.dsv'
[9.301s] INFO:colcon.colcon_core.shell:Creating environment hook '/media/sf_inspection_bot_ws/src/install/inspection_bot_msgs/share/inspection_bot_msgs/hook/pythonpath.sh'
[9.315s] Level 1:colcon.colcon_core.environment:checking '/media/sf_inspection_bot_ws/src/install/inspection_bot_msgs/bin'
[9.318s] INFO:colcon.colcon_core.shell:Creating package script '/media/sf_inspection_bot_ws/src/install/inspection_bot_msgs/share/inspection_bot_msgs/package.ps1'
[9.348s] INFO:colcon.colcon_core.shell:Creating package descriptor '/media/sf_inspection_bot_ws/src/install/inspection_bot_msgs/share/inspection_bot_msgs/package.dsv'
[9.356s] INFO:colcon.colcon_core.shell:Creating package script '/media/sf_inspection_bot_ws/src/install/inspection_bot_msgs/share/inspection_bot_msgs/package.sh'
[9.365s] INFO:colcon.colcon_core.shell:Creating package script '/media/sf_inspection_bot_ws/src/install/inspection_bot_msgs/share/inspection_bot_msgs/package.bash'
[9.371s] INFO:colcon.colcon_core.shell:Creating package script '/media/sf_inspection_bot_ws/src/install/inspection_bot_msgs/share/inspection_bot_msgs/package.zsh'
[9.377s] Level 1:colcon.colcon_core.environment:create_file_with_runtime_dependencies(/media/sf_inspection_bot_ws/src/install/inspection_bot_msgs/share/colcon-core/packages/inspection_bot_msgs)
[9.385s] INFO:colcon.colcon_ros.task.ament_python.build:Building ROS package in '/media/sf_inspection_bot_ws/src/inspection_bot_nav' with build type 'ament_python'
[9.387s] Level 1:colcon.colcon_core.shell:create_environment_hook('inspection_bot_nav', 'ament_prefix_path')
[9.389s] INFO:colcon.colcon_core.shell:Creating environment hook '/media/sf_inspection_bot_ws/src/install/inspection_bot_nav/share/inspection_bot_nav/hook/ament_prefix_path.ps1'
[9.406s] INFO:colcon.colcon_core.shell:Creating environment descriptor '/media/sf_inspection_bot_ws/src/install/inspection_bot_nav/share/inspection_bot_nav/hook/ament_prefix_path.dsv'
[9.435s] INFO:colcon.colcon_core.shell:Creating environment hook '/media/sf_inspection_bot_ws/src/install/inspection_bot_nav/share/inspection_bot_nav/hook/ament_prefix_path.sh'
[9.444s] INFO:colcon.colcon_core.shell:Skip shell extension 'powershell' for command environment: Not usable outside of PowerShell
[9.445s] DEBUG:colcon.colcon_core.shell:Skip shell extension 'dsv' for command environment
[9.464s] INFO:colcon.colcon_ros.task.ament_python.build:Building ROS package in '/media/sf_inspection_bot_ws/src/inspection_bot_vision' with build type 'ament_python'
[9.465s] Level 1:colcon.colcon_core.shell:create_environment_hook('inspection_bot_vision', 'ament_prefix_path')
[9.467s] INFO:colcon.colcon_core.shell:Creating environment hook '/media/sf_inspection_bot_ws/src/install/inspection_bot_vision/share/inspection_bot_vision/hook/ament_prefix_path.ps1'
[9.519s] INFO:colcon.colcon_core.shell:Creating environment descriptor '/media/sf_inspection_bot_ws/src/install/inspection_bot_vision/share/inspection_bot_vision/hook/ament_prefix_path.dsv'
[9.527s] INFO:colcon.colcon_core.shell:Creating environment hook '/media/sf_inspection_bot_ws/src/install/inspection_bot_vision/share/inspection_bot_vision/hook/ament_prefix_path.sh'
[9.536s] INFO:colcon.colcon_core.shell:Skip shell extension 'powershell' for command environment: Not usable outside of PowerShell
[9.537s] DEBUG:colcon.colcon_core.shell:Skip shell extension 'dsv' for command environment
[11.328s] INFO:colcon.colcon_core.task.python.build:Building Python package in '/media/sf_inspection_bot_ws/src/inspection_bot_nav'
[11.329s] INFO:colcon.colcon_core.shell:Skip shell extension 'powershell' for command environment: Not usable outside of PowerShell
[11.329s] DEBUG:colcon.colcon_core.shell:Skip shell extension 'dsv' for command environment
[11.772s] INFO:colcon.colcon_core.task.python.build:Building Python package in '/media/sf_inspection_bot_ws/src/inspection_bot_vision'
[11.773s] INFO:colcon.colcon_core.shell:Skip shell extension 'powershell' for command environment: Not usable outside of PowerShell
[11.773s] DEBUG:colcon.colcon_core.shell:Skip shell extension 'dsv' for command environment
[12.373s] DEBUG:colcon.colcon_core.event_handler.log_command:Invoked command in '/media/sf_inspection_bot_ws/src/build/inspection_bot_description' returned '0': CMAKE_PREFIX_PATH=/opt/ros/foxy /usr/bin/cmake /media/sf_inspection_bot_ws/src/inspection_bot_description -DCMAKE_INSTALL_PREFIX=/media/sf_inspection_bot_ws/src/install/inspection_bot_description
[12.387s] DEBUG:colcon.colcon_core.event_handler.log_command:Invoking command in '/media/sf_inspection_bot_ws/src/build/inspection_bot_description': CMAKE_PREFIX_PATH=/opt/ros/foxy /usr/bin/cmake --build /media/sf_inspection_bot_ws/src/build/inspection_bot_description -- -j3 -l3
[12.555s] DEBUG:colcon.colcon_core.event_handler.log_command:Invoked command in '/media/sf_inspection_bot_ws/src/build/inspection_bot_description' returned '0': CMAKE_PREFIX_PATH=/opt/ros/foxy /usr/bin/cmake --build /media/sf_inspection_bot_ws/src/build/inspection_bot_description -- -j3 -l3
[12.579s] DEBUG:colcon.colcon_core.event_handler.log_command:Invoking command in '/media/sf_inspection_bot_ws/src/build/inspection_bot_description': CMAKE_PREFIX_PATH=/opt/ros/foxy /usr/bin/cmake --install /media/sf_inspection_bot_ws/src/build/inspection_bot_description
[13.099s] Level 1:colcon.colcon_core.environment:create_environment_scripts_only(inspection_bot_description)
[13.101s] Level 1:colcon.colcon_core.environment:checking '/media/sf_inspection_bot_ws/src/install/inspection_bot_description' for CMake module files
[13.104s] DEBUG:colcon.colcon_core.event_handler.log_command:Invoked command in '/media/sf_inspection_bot_ws/src/build/inspection_bot_description' returned '0': CMAKE_PREFIX_PATH=/opt/ros/foxy /usr/bin/cmake --install /media/sf_inspection_bot_ws/src/build/inspection_bot_description
[13.113s] Level 1:colcon.colcon_core.environment:checking '/media/sf_inspection_bot_ws/src/install/inspection_bot_description' for CMake config files
[13.136s] Level 1:colcon.colcon_core.shell:create_environment_hook('inspection_bot_description', 'cmake_prefix_path')
[13.137s] INFO:colcon.colcon_core.shell:Creating environment hook '/media/sf_inspection_bot_ws/src/install/inspection_bot_description/share/inspection_bot_description/hook/cmake_prefix_path.ps1'
[13.144s] INFO:colcon.colcon_core.shell:Creating environment descriptor '/media/sf_inspection_bot_ws/src/install/inspection_bot_description/share/inspection_bot_description/hook/cmake_prefix_path.dsv'
[13.180s] INFO:colcon.colcon_core.shell:Creating environment hook '/media/sf_inspection_bot_ws/src/install/inspection_bot_description/share/inspection_bot_description/hook/cmake_prefix_path.sh'
[13.187s] Level 1:colcon.colcon_core.environment:checking '/media/sf_inspection_bot_ws/src/install/inspection_bot_description/bin'
[13.188s] Level 1:colcon.colcon_core.environment:checking '/media/sf_inspection_bot_ws/src/install/inspection_bot_description/lib/pkgconfig/inspection_bot_description.pc'
[13.190s] Level 1:colcon.colcon_core.environment:checking '/media/sf_inspection_bot_ws/src/install/inspection_bot_description/lib/python3.8/site-packages'
[13.192s] Level 1:colcon.colcon_core.environment:checking '/media/sf_inspection_bot_ws/src/install/inspection_bot_description/bin'
[13.194s] INFO:colcon.colcon_core.shell:Creating package script '/media/sf_inspection_bot_ws/src/install/inspection_bot_description/share/inspection_bot_description/package.ps1'
[13.227s] INFO:colcon.colcon_core.shell:Creating package descriptor '/media/sf_inspection_bot_ws/src/install/inspection_bot_description/share/inspection_bot_description/package.dsv'
[13.235s] INFO:colcon.colcon_core.shell:Creating package script '/media/sf_inspection_bot_ws/src/install/inspection_bot_description/share/inspection_bot_description/package.sh'
[13.243s] INFO:colcon.colcon_core.shell:Creating package script '/media/sf_inspection_bot_ws/src/install/inspection_bot_description/share/inspection_bot_description/package.bash'
[13.259s] INFO:colcon.colcon_core.shell:Creating package script '/media/sf_inspection_bot_ws/src/install/inspection_bot_description/share/inspection_bot_description/package.zsh'
[13.269s] Level 1:colcon.colcon_core.environment:create_file_with_runtime_dependencies(/media/sf_inspection_bot_ws/src/install/inspection_bot_description/share/colcon-core/packages/inspection_bot_description)
[13.310s] Level 1:colcon.colcon_core.environment:create_environment_scripts_only(inspection_bot_description)
[13.313s] Level 1:colcon.colcon_core.environment:checking '/media/sf_inspection_bot_ws/src/install/inspection_bot_description' for CMake module files
[13.337s] Level 1:colcon.colcon_core.environment:checking '/media/sf_inspection_bot_ws/src/install/inspection_bot_description' for CMake config files
[13.367s] Level 1:colcon.colcon_core.shell:create_environment_hook('inspection_bot_description', 'cmake_prefix_path')
[13.369s] INFO:colcon.colcon_core.shell:Creating environment hook '/media/sf_inspection_bot_ws/src/install/inspection_bot_description/share/inspection_bot_description/hook/cmake_prefix_path.ps1'
[13.391s] INFO:colcon.colcon_core.shell:Creating environment descriptor '/media/sf_inspection_bot_ws/src/install/inspection_bot_description/share/inspection_bot_description/hook/cmake_prefix_path.dsv'
[13.398s] INFO:colcon.colcon_core.shell:Creating environment hook '/media/sf_inspection_bot_ws/src/install/inspection_bot_description/share/inspection_bot_description/hook/cmake_prefix_path.sh'
[13.416s] Level 1:colcon.colcon_core.environment:checking '/media/sf_inspection_bot_ws/src/install/inspection_bot_description/bin'
[13.419s] Level 1:colcon.colcon_core.environment:checking '/media/sf_inspection_bot_ws/src/install/inspection_bot_description/lib/pkgconfig/inspection_bot_description.pc'
[13.421s] Level 1:colcon.colcon_core.environment:checking '/media/sf_inspection_bot_ws/src/install/inspection_bot_description/lib/python3.8/site-packages'
[13.424s] Level 1:colcon.colcon_core.environment:checking '/media/sf_inspection_bot_ws/src/install/inspection_bot_description/bin'
[13.426s] INFO:colcon.colcon_core.shell:Creating package script '/media/sf_inspection_bot_ws/src/install/inspection_bot_description/share/inspection_bot_description/package.ps1'
[13.448s] INFO:colcon.colcon_core.shell:Creating package descriptor '/media/sf_inspection_bot_ws/src/install/inspection_bot_description/share/inspection_bot_description/package.dsv'
[13.459s] INFO:colcon.colcon_core.shell:Creating package script '/media/sf_inspection_bot_ws/src/install/inspection_bot_description/share/inspection_bot_description/package.sh'
[13.467s] INFO:colcon.colcon_core.shell:Creating package script '/media/sf_inspection_bot_ws/src/install/inspection_bot_description/share/inspection_bot_description/package.bash'
[13.476s] INFO:colcon.colcon_core.shell:Creating package script '/media/sf_inspection_bot_ws/src/install/inspection_bot_description/share/inspection_bot_description/package.zsh'
[13.483s] Level 1:colcon.colcon_core.environment:create_file_with_runtime_dependencies(/media/sf_inspection_bot_ws/src/install/inspection_bot_description/share/colcon-core/packages/inspection_bot_description)
[13.525s] DEBUG:colcon.colcon_core.event_handler.log_command:Invoking command in '/media/sf_inspection_bot_ws/src/inspection_bot_vision': AMENT_PREFIX_PATH=/media/sf_inspection_bot_ws/src/install/inspection_bot_msgs:${AMENT_PREFIX_PATH} CMAKE_PREFIX_PATH=/media/sf_inspection_bot_ws/src/install/inspection_bot_msgs LD_LIBRARY_PATH=/media/sf_inspection_bot_ws/src/install/inspection_bot_msgs/lib:${LD_LIBRARY_PATH} PYTHONPATH=/media/sf_inspection_bot_ws/src/build/inspection_bot_vision/prefix_override:/usr/lib/python3/dist-packages/colcon_core/task/python/colcon_distutils_commands:/media/sf_inspection_bot_ws/src/install/inspection_bot_vision/lib/python3.8/site-packages:/media/sf_inspection_bot_ws/src/install/inspection_bot_msgs/lib/python3.8/site-packages:${PYTHONPATH} /usr/bin/python3 -W ignore:setup.py install is deprecated -W ignore:easy_install command is deprecated setup.py egg_info --egg-base ../build/inspection_bot_vision build --build-base /media/sf_inspection_bot_ws/src/build/inspection_bot_vision/build install --record /media/sf_inspection_bot_ws/src/build/inspection_bot_vision/install.log --single-version-externally-managed install_data
[13.545s] DEBUG:colcon.colcon_core.event_handler.log_command:Invoking command in '/media/sf_inspection_bot_ws/src/inspection_bot_nav': AMENT_PREFIX_PATH=/media/sf_inspection_bot_ws/src/install/inspection_bot_msgs:${AMENT_PREFIX_PATH} CMAKE_PREFIX_PATH=/media/sf_inspection_bot_ws/src/install/inspection_bot_msgs LD_LIBRARY_PATH=/media/sf_inspection_bot_ws/src/install/inspection_bot_msgs/lib:${LD_LIBRARY_PATH} PYTHONPATH=/media/sf_inspection_bot_ws/src/build/inspection_bot_nav/prefix_override:/usr/lib/python3/dist-packages/colcon_core/task/python/colcon_distutils_commands:/media/sf_inspection_bot_ws/src/install/inspection_bot_nav/lib/python3.8/site-packages:/media/sf_inspection_bot_ws/src/install/inspection_bot_msgs/lib/python3.8/site-packages:${PYTHONPATH} /usr/bin/python3 -W ignore:setup.py install is deprecated -W ignore:easy_install command is deprecated setup.py egg_info --egg-base ../build/inspection_bot_nav build --build-base /media/sf_inspection_bot_ws/src/build/inspection_bot_nav/build install --record /media/sf_inspection_bot_ws/src/build/inspection_bot_nav/install.log --single-version-externally-managed install_data
[14.426s] Level 1:colcon.colcon_core.environment:checking '/media/sf_inspection_bot_ws/src/install/inspection_bot_vision' for CMake module files
[14.429s] DEBUG:colcon.colcon_core.event_handler.log_command:Invoked command in '/media/sf_inspection_bot_ws/src/inspection_bot_vision' returned '0': AMENT_PREFIX_PATH=/media/sf_inspection_bot_ws/src/install/inspection_bot_msgs:${AMENT_PREFIX_PATH} CMAKE_PREFIX_PATH=/media/sf_inspection_bot_ws/src/install/inspection_bot_msgs LD_LIBRARY_PATH=/media/sf_inspection_bot_ws/src/install/inspection_bot_msgs/lib:${LD_LIBRARY_PATH} PYTHONPATH=/media/sf_inspection_bot_ws/src/build/inspection_bot_vision/prefix_override:/usr/lib/python3/dist-packages/colcon_core/task/python/colcon_distutils_commands:/media/sf_inspection_bot_ws/src/install/inspection_bot_vision/lib/python3.8/site-packages:/media/sf_inspection_bot_ws/src/install/inspection_bot_msgs/lib/python3.8/site-packages:${PYTHONPATH} /usr/bin/python3 -W ignore:setup.py install is deprecated -W ignore:easy_install command is deprecated setup.py egg_info --egg-base ../build/inspection_bot_vision build --build-base /media/sf_inspection_bot_ws/src/build/inspection_bot_vision/build install --record /media/sf_inspection_bot_ws/src/build/inspection_bot_vision/install.log --single-version-externally-managed install_data
[14.443s] Level 1:colcon.colcon_core.environment:checking '/media/sf_inspection_bot_ws/src/install/inspection_bot_vision' for CMake config files
[14.475s] Level 1:colcon.colcon_core.environment:checking '/media/sf_inspection_bot_ws/src/install/inspection_bot_vision/lib'
[14.476s] Level 1:colcon.colcon_core.environment:checking '/media/sf_inspection_bot_ws/src/install/inspection_bot_vision/bin'
[14.477s] Level 1:colcon.colcon_core.environment:checking '/media/sf_inspection_bot_ws/src/install/inspection_bot_vision/lib/pkgconfig/inspection_bot_vision.pc'
[14.478s] Level 1:colcon.colcon_core.environment:checking '/media/sf_inspection_bot_ws/src/install/inspection_bot_vision/lib/python3.8/site-packages'
[14.478s] Level 1:colcon.colcon_core.shell:create_environment_hook('inspection_bot_vision', 'pythonpath')
[14.479s] INFO:colcon.colcon_core.shell:Creating environment hook '/media/sf_inspection_bot_ws/src/install/inspection_bot_vision/share/inspection_bot_vision/hook/pythonpath.ps1'
[14.482s] INFO:colcon.colcon_core.shell:Creating environment descriptor '/media/sf_inspection_bot_ws/src/install/inspection_bot_vision/share/inspection_bot_vision/hook/pythonpath.dsv'
[14.510s] INFO:colcon.colcon_core.shell:Creating environment hook '/media/sf_inspection_bot_ws/src/install/inspection_bot_vision/share/inspection_bot_vision/hook/pythonpath.sh'
[14.515s] Level 1:colcon.colcon_core.environment:checking '/media/sf_inspection_bot_ws/src/install/inspection_bot_vision/bin'
[14.516s] Level 1:colcon.colcon_core.environment:create_environment_scripts_only(inspection_bot_vision)
[14.516s] INFO:colcon.colcon_core.shell:Creating package script '/media/sf_inspection_bot_ws/src/install/inspection_bot_vision/share/inspection_bot_vision/package.ps1'
[14.521s] INFO:colcon.colcon_core.shell:Creating package descriptor '/media/sf_inspection_bot_ws/src/install/inspection_bot_vision/share/inspection_bot_vision/package.dsv'
[14.537s] INFO:colcon.colcon_core.shell:Creating package script '/media/sf_inspection_bot_ws/src/install/inspection_bot_vision/share/inspection_bot_vision/package.sh'
[14.543s] INFO:colcon.colcon_core.shell:Creating package script '/media/sf_inspection_bot_ws/src/install/inspection_bot_vision/share/inspection_bot_vision/package.bash'
[14.548s] INFO:colcon.colcon_core.shell:Creating package script '/media/sf_inspection_bot_ws/src/install/inspection_bot_vision/share/inspection_bot_vision/package.zsh'
[14.552s] Level 1:colcon.colcon_core.environment:create_file_with_runtime_dependencies(/media/sf_inspection_bot_ws/src/install/inspection_bot_vision/share/colcon-core/packages/inspection_bot_vision)
[14.561s] Level 1:colcon.colcon_core.environment:checking '/media/sf_inspection_bot_ws/src/install/inspection_bot_nav' for CMake module files
[14.574s] DEBUG:colcon.colcon_core.event_handler.log_command:Invoked command in '/media/sf_inspection_bot_ws/src/inspection_bot_nav' returned '0': AMENT_PREFIX_PATH=/media/sf_inspection_bot_ws/src/install/inspection_bot_msgs:${AMENT_PREFIX_PATH} CMAKE_PREFIX_PATH=/media/sf_inspection_bot_ws/src/install/inspection_bot_msgs LD_LIBRARY_PATH=/media/sf_inspection_bot_ws/src/install/inspection_bot_msgs/lib:${LD_LIBRARY_PATH} PYTHONPATH=/media/sf_inspection_bot_ws/src/build/inspection_bot_nav/prefix_override:/usr/lib/python3/dist-packages/colcon_core/task/python/colcon_distutils_commands:/media/sf_inspection_bot_ws/src/install/inspection_bot_nav/lib/python3.8/site-packages:/media/sf_inspection_bot_ws/src/install/inspection_bot_msgs/lib/python3.8/site-packages:${PYTHONPATH} /usr/bin/python3 -W ignore:setup.py install is deprecated -W ignore:easy_install command is deprecated setup.py egg_info --egg-base ../build/inspection_bot_nav build --build-base /media/sf_inspection_bot_ws/src/build/inspection_bot_nav/build install --record /media/sf_inspection_bot_ws/src/build/inspection_bot_nav/install.log --single-version-externally-managed install_data
[14.587s] Level 1:colcon.colcon_core.environment:checking '/media/sf_inspection_bot_ws/src/install/inspection_bot_nav' for CMake config files
[14.614s] Level 1:colcon.colcon_core.environment:checking '/media/sf_inspection_bot_ws/src/install/inspection_bot_nav/lib'
[14.616s] Level 1:colcon.colcon_core.environment:checking '/media/sf_inspection_bot_ws/src/install/inspection_bot_nav/bin'
[14.618s] Level 1:colcon.colcon_core.environment:checking '/media/sf_inspection_bot_ws/src/install/inspection_bot_nav/lib/pkgconfig/inspection_bot_nav.pc'
[14.620s] Level 1:colcon.colcon_core.environment:checking '/media/sf_inspection_bot_ws/src/install/inspection_bot_nav/lib/python3.8/site-packages'
[14.621s] Level 1:colcon.colcon_core.shell:create_environment_hook('inspection_bot_nav', 'pythonpath')
[14.622s] INFO:colcon.colcon_core.shell:Creating environment hook '/media/sf_inspection_bot_ws/src/install/inspection_bot_nav/share/inspection_bot_nav/hook/pythonpath.ps1'
[14.652s] INFO:colcon.colcon_core.shell:Creating environment descriptor '/media/sf_inspection_bot_ws/src/install/inspection_bot_nav/share/inspection_bot_nav/hook/pythonpath.dsv'
[14.658s] INFO:colcon.colcon_core.shell:Creating environment hook '/media/sf_inspection_bot_ws/src/install/inspection_bot_nav/share/inspection_bot_nav/hook/pythonpath.sh'
[14.666s] Level 1:colcon.colcon_core.environment:checking '/media/sf_inspection_bot_ws/src/install/inspection_bot_nav/bin'
[14.668s] Level 1:colcon.colcon_core.environment:create_environment_scripts_only(inspection_bot_nav)
[14.669s] INFO:colcon.colcon_core.shell:Creating package script '/media/sf_inspection_bot_ws/src/install/inspection_bot_nav/share/inspection_bot_nav/package.ps1'
[14.688s] INFO:colcon.colcon_core.shell:Creating package descriptor '/media/sf_inspection_bot_ws/src/install/inspection_bot_nav/share/inspection_bot_nav/package.dsv'
[14.694s] INFO:colcon.colcon_core.shell:Creating package script '/media/sf_inspection_bot_ws/src/install/inspection_bot_nav/share/inspection_bot_nav/package.sh'
[14.701s] INFO:colcon.colcon_core.shell:Creating package script '/media/sf_inspection_bot_ws/src/install/inspection_bot_nav/share/inspection_bot_nav/package.bash'
[14.705s] INFO:colcon.colcon_core.shell:Creating package script '/media/sf_inspection_bot_ws/src/install/inspection_bot_nav/share/inspection_bot_nav/package.zsh'
[14.711s] Level 1:colcon.colcon_core.environment:create_file_with_runtime_dependencies(/media/sf_inspection_bot_ws/src/install/inspection_bot_nav/share/colcon-core/packages/inspection_bot_nav)
[14.720s] INFO:colcon.colcon_ros.task.ament_cmake.build:Building ROS package in '/media/sf_inspection_bot_ws/src/inspection_bot_bringup' with build type 'ament_cmake'
[14.721s] INFO:colcon.colcon_cmake.task.cmake.build:Building CMake package in '/media/sf_inspection_bot_ws/src/inspection_bot_bringup'
[14.723s] INFO:colcon.colcon_core.shell:Skip shell extension 'powershell' for command environment: Not usable outside of PowerShell
[14.723s] DEBUG:colcon.colcon_core.shell:Skip shell extension 'dsv' for command environment
[14.877s] DEBUG:colcon.colcon_core.event_handler.log_command:Invoking command in '/media/sf_inspection_bot_ws/src/build/inspection_bot_bringup': AMENT_PREFIX_PATH=/media/sf_inspection_bot_ws/src/install/inspection_bot_vision:/media/sf_inspection_bot_ws/src/install/inspection_bot_nav:/media/sf_inspection_bot_ws/src/install/inspection_bot_msgs:/media/sf_inspection_bot_ws/src/install/inspection_bot_description:${AMENT_PREFIX_PATH} CMAKE_PREFIX_PATH=/media/sf_inspection_bot_ws/src/install/inspection_bot_msgs:/media/sf_inspection_bot_ws/src/install/inspection_bot_description:/opt/ros/foxy LD_LIBRARY_PATH=/media/sf_inspection_bot_ws/src/install/inspection_bot_msgs/lib:${LD_LIBRARY_PATH} PYTHONPATH=/media/sf_inspection_bot_ws/src/install/inspection_bot_vision/lib/python3.8/site-packages:/media/sf_inspection_bot_ws/src/install/inspection_bot_nav/lib/python3.8/site-packages:/media/sf_inspection_bot_ws/src/install/inspection_bot_msgs/lib/python3.8/site-packages:${PYTHONPATH} /usr/bin/cmake /media/sf_inspection_bot_ws/src/inspection_bot_bringup -DCMAKE_INSTALL_PREFIX=/media/sf_inspection_bot_ws/src/install/inspection_bot_bringup
[19.037s] DEBUG:colcon.colcon_core.event_handler.log_command:Invoked command in '/media/sf_inspection_bot_ws/src/build/inspection_bot_bringup' returned '0': AMENT_PREFIX_PATH=/media/sf_inspection_bot_ws/src/install/inspection_bot_vision:/media/sf_inspection_bot_ws/src/install/inspection_bot_nav:/media/sf_inspection_bot_ws/src/install/inspection_bot_msgs:/media/sf_inspection_bot_ws/src/install/inspection_bot_description:${AMENT_PREFIX_PATH} CMAKE_PREFIX_PATH=/media/sf_inspection_bot_ws/src/install/inspection_bot_msgs:/media/sf_inspection_bot_ws/src/install/inspection_bot_description:/opt/ros/foxy LD_LIBRARY_PATH=/media/sf_inspection_bot_ws/src/install/inspection_bot_msgs/lib:${LD_LIBRARY_PATH} PYTHONPATH=/media/sf_inspection_bot_ws/src/install/inspection_bot_vision/lib/python3.8/site-packages:/media/sf_inspection_bot_ws/src/install/inspection_bot_nav/lib/python3.8/site-packages:/media/sf_inspection_bot_ws/src/install/inspection_bot_msgs/lib/python3.8/site-packages:${PYTHONPATH} /usr/bin/cmake /media/sf_inspection_bot_ws/src/inspection_bot_bringup -DCMAKE_INSTALL_PREFIX=/media/sf_inspection_bot_ws/src/install/inspection_bot_bringup
[19.046s] DEBUG:colcon.colcon_core.event_handler.log_command:Invoking command in '/media/sf_inspection_bot_ws/src/build/inspection_bot_bringup': AMENT_PREFIX_PATH=/media/sf_inspection_bot_ws/src/install/inspection_bot_vision:/media/sf_inspection_bot_ws/src/install/inspection_bot_nav:/media/sf_inspection_bot_ws/src/install/inspection_bot_msgs:/media/sf_inspection_bot_ws/src/install/inspection_bot_description:${AMENT_PREFIX_PATH} CMAKE_PREFIX_PATH=/media/sf_inspection_bot_ws/src/install/inspection_bot_msgs:/media/sf_inspection_bot_ws/src/install/inspection_bot_description:/opt/ros/foxy LD_LIBRARY_PATH=/media/sf_inspection_bot_ws/src/install/inspection_bot_msgs/lib:${LD_LIBRARY_PATH} PYTHONPATH=/media/sf_inspection_bot_ws/src/install/inspection_bot_vision/lib/python3.8/site-packages:/media/sf_inspection_bot_ws/src/install/inspection_bot_nav/lib/python3.8/site-packages:/media/sf_inspection_bot_ws/src/install/inspection_bot_msgs/lib/python3.8/site-packages:${PYTHONPATH} /usr/bin/cmake --build /media/sf_inspection_bot_ws/src/build/inspection_bot_bringup -- -j3 -l3
[19.268s] DEBUG:colcon.colcon_core.event_handler.log_command:Invoked command in '/media/sf_inspection_bot_ws/src/build/inspection_bot_bringup' returned '0': AMENT_PREFIX_PATH=/media/sf_inspection_bot_ws/src/install/inspection_bot_vision:/media/sf_inspection_bot_ws/src/install/inspection_bot_nav:/media/sf_inspection_bot_ws/src/install/inspection_bot_msgs:/media/sf_inspection_bot_ws/src/install/inspection_bot_description:${AMENT_PREFIX_PATH} CMAKE_PREFIX_PATH=/media/sf_inspection_bot_ws/src/install/inspection_bot_msgs:/media/sf_inspection_bot_ws/src/install/inspection_bot_description:/opt/ros/foxy LD_LIBRARY_PATH=/media/sf_inspection_bot_ws/src/install/inspection_bot_msgs/lib:${LD_LIBRARY_PATH} PYTHONPATH=/media/sf_inspection_bot_ws/src/install/inspection_bot_vision/lib/python3.8/site-packages:/media/sf_inspection_bot_ws/src/install/inspection_bot_nav/lib/python3.8/site-packages:/media/sf_inspection_bot_ws/src/install/inspection_bot_msgs/lib/python3.8/site-packages:${PYTHONPATH} /usr/bin/cmake --build /media/sf_inspection_bot_ws/src/build/inspection_bot_bringup -- -j3 -l3
[19.286s] DEBUG:colcon.colcon_core.event_handler.log_command:Invoking command in '/media/sf_inspection_bot_ws/src/build/inspection_bot_bringup': AMENT_PREFIX_PATH=/media/sf_inspection_bot_ws/src/install/inspection_bot_vision:/media/sf_inspection_bot_ws/src/install/inspection_bot_nav:/media/sf_inspection_bot_ws/src/install/inspection_bot_msgs:/media/sf_inspection_bot_ws/src/install/inspection_bot_description:${AMENT_PREFIX_PATH} CMAKE_PREFIX_PATH=/media/sf_inspection_bot_ws/src/install/inspection_bot_msgs:/media/sf_inspection_bot_ws/src/install/inspection_bot_description:/opt/ros/foxy LD_LIBRARY_PATH=/media/sf_inspection_bot_ws/src/install/inspection_bot_msgs/lib:${LD_LIBRARY_PATH} PYTHONPATH=/media/sf_inspection_bot_ws/src/install/inspection_bot_vision/lib/python3.8/site-packages:/media/sf_inspection_bot_ws/src/install/inspection_bot_nav/lib/python3.8/site-packages:/media/sf_inspection_bot_ws/src/install/inspection_bot_msgs/lib/python3.8/site-packages:${PYTHONPATH} /usr/bin/cmake --install /media/sf_inspection_bot_ws/src/build/inspection_bot_bringup
[19.572s] Level 1:colcon.colcon_core.environment:create_environment_scripts_only(inspection_bot_bringup)
[19.573s] Level 1:colcon.colcon_core.environment:checking '/media/sf_inspection_bot_ws/src/install/inspection_bot_bringup' for CMake module files
[19.575s] DEBUG:colcon.colcon_core.event_handler.log_command:Invoked command in '/media/sf_inspection_bot_ws/src/build/inspection_bot_bringup' returned '0': AMENT_PREFIX_PATH=/media/sf_inspection_bot_ws/src/install/inspection_bot_vision:/media/sf_inspection_bot_ws/src/install/inspection_bot_nav:/media/sf_inspection_bot_ws/src/install/inspection_bot_msgs:/media/sf_inspection_bot_ws/src/install/inspection_bot_description:${AMENT_PREFIX_PATH} CMAKE_PREFIX_PATH=/media/sf_inspection_bot_ws/src/install/inspection_bot_msgs:/media/sf_inspection_bot_ws/src/install/inspection_bot_description:/opt/ros/foxy LD_LIBRARY_PATH=/media/sf_inspection_bot_ws/src/install/inspection_bot_msgs/lib:${LD_LIBRARY_PATH} PYTHONPATH=/media/sf_inspection_bot_ws/src/install/inspection_bot_vision/lib/python3.8/site-packages:/media/sf_inspection_bot_ws/src/install/inspection_bot_nav/lib/python3.8/site-packages:/media/sf_inspection_bot_ws/src/install/inspection_bot_msgs/lib/python3.8/site-packages:${PYTHONPATH} /usr/bin/cmake --install /media/sf_inspection_bot_ws/src/build/inspection_bot_bringup
[19.587s] Level 1:colcon.colcon_core.environment:checking '/media/sf_inspection_bot_ws/src/install/inspection_bot_bringup' for CMake config files
[19.607s] Level 1:colcon.colcon_core.shell:create_environment_hook('inspection_bot_bringup', 'cmake_prefix_path')
[19.608s] INFO:colcon.colcon_core.shell:Creating environment hook '/media/sf_inspection_bot_ws/src/install/inspection_bot_bringup/share/inspection_bot_bringup/hook/cmake_prefix_path.ps1'
[19.636s] INFO:colcon.colcon_core.shell:Creating environment descriptor '/media/sf_inspection_bot_ws/src/install/inspection_bot_bringup/share/inspection_bot_bringup/hook/cmake_prefix_path.dsv'
[19.643s] INFO:colcon.colcon_core.shell:Creating environment hook '/media/sf_inspection_bot_ws/src/install/inspection_bot_bringup/share/inspection_bot_bringup/hook/cmake_prefix_path.sh'
[19.649s] Level 1:colcon.colcon_core.environment:checking '/media/sf_inspection_bot_ws/src/install/inspection_bot_bringup/bin'
[19.650s] Level 1:colcon.colcon_core.environment:checking '/media/sf_inspection_bot_ws/src/install/inspection_bot_bringup/lib/pkgconfig/inspection_bot_bringup.pc'
[19.652s] Level 1:colcon.colcon_core.environment:checking '/media/sf_inspection_bot_ws/src/install/inspection_bot_bringup/lib/python3.8/site-packages'
[19.652s] Level 1:colcon.colcon_core.environment:checking '/media/sf_inspection_bot_ws/src/install/inspection_bot_bringup/bin'
[19.653s] INFO:colcon.colcon_core.shell:Creating package script '/media/sf_inspection_bot_ws/src/install/inspection_bot_bringup/share/inspection_bot_bringup/package.ps1'
[19.657s] INFO:colcon.colcon_core.shell:Creating package descriptor '/media/sf_inspection_bot_ws/src/install/inspection_bot_bringup/share/inspection_bot_bringup/package.dsv'
[19.668s] INFO:colcon.colcon_core.shell:Creating package script '/media/sf_inspection_bot_ws/src/install/inspection_bot_bringup/share/inspection_bot_bringup/package.sh'
[19.671s] INFO:colcon.colcon_core.shell:Creating package script '/media/sf_inspection_bot_ws/src/install/inspection_bot_bringup/share/inspection_bot_bringup/package.bash'
[19.675s] INFO:colcon.colcon_core.shell:Creating package script '/media/sf_inspection_bot_ws/src/install/inspection_bot_bringup/share/inspection_bot_bringup/package.zsh'
[19.678s] Level 1:colcon.colcon_core.environment:create_file_with_runtime_dependencies(/media/sf_inspection_bot_ws/src/install/inspection_bot_bringup/share/colcon-core/packages/inspection_bot_bringup)
[19.696s] Level 1:colcon.colcon_core.environment:create_environment_scripts_only(inspection_bot_bringup)
[19.697s] Level 1:colcon.colcon_core.environment:checking '/media/sf_inspection_bot_ws/src/install/inspection_bot_bringup' for CMake module files
[19.712s] Level 1:colcon.colcon_core.environment:checking '/media/sf_inspection_bot_ws/src/install/inspection_bot_bringup' for CMake config files
[19.729s] Level 1:colcon.colcon_core.shell:create_environment_hook('inspection_bot_bringup', 'cmake_prefix_path')
[19.730s] INFO:colcon.colcon_core.shell:Creating environment hook '/media/sf_inspection_bot_ws/src/install/inspection_bot_bringup/share/inspection_bot_bringup/hook/cmake_prefix_path.ps1'
[19.756s] INFO:colcon.colcon_core.shell:Creating environment descriptor '/media/sf_inspection_bot_ws/src/install/inspection_bot_bringup/share/inspection_bot_bringup/hook/cmake_prefix_path.dsv'
[19.764s] INFO:colcon.colcon_core.shell:Creating environment hook '/media/sf_inspection_bot_ws/src/install/inspection_bot_bringup/share/inspection_bot_bringup/hook/cmake_prefix_path.sh'
[19.773s] Level 1:colcon.colcon_core.environment:checking '/media/sf_inspection_bot_ws/src/install/inspection_bot_bringup/bin'
[19.774s] Level 1:colcon.colcon_core.environment:checking '/media/sf_inspection_bot_ws/src/install/inspection_bot_bringup/lib/pkgconfig/inspection_bot_bringup.pc'
[19.775s] Level 1:colcon.colcon_core.environment:checking '/media/sf_inspection_bot_ws/src/install/inspection_bot_bringup/lib/python3.8/site-packages'
[19.776s] Level 1:colcon.colcon_core.environment:checking '/media/sf_inspection_bot_ws/src/install/inspection_bot_bringup/bin'
[19.777s] INFO:colcon.colcon_core.shell:Creating package script '/media/sf_inspection_bot_ws/src/install/inspection_bot_bringup/share/inspection_bot_bringup/package.ps1'
[19.793s] INFO:colcon.colcon_core.shell:Creating package descriptor '/media/sf_inspection_bot_ws/src/install/inspection_bot_bringup/share/inspection_bot_bringup/package.dsv'
[19.797s] INFO:colcon.colcon_core.shell:Creating package script '/media/sf_inspection_bot_ws/src/install/inspection_bot_bringup/share/inspection_bot_bringup/package.sh'
[19.802s] INFO:colcon.colcon_core.shell:Creating package script '/media/sf_inspection_bot_ws/src/install/inspection_bot_bringup/share/inspection_bot_bringup/package.bash'
[19.808s] INFO:colcon.colcon_core.shell:Creating package script '/media/sf_inspection_bot_ws/src/install/inspection_bot_bringup/share/inspection_bot_bringup/package.zsh'
[19.813s] Level 1:colcon.colcon_core.environment:create_file_with_runtime_dependencies(/media/sf_inspection_bot_ws/src/install/inspection_bot_bringup/share/colcon-core/packages/inspection_bot_bringup)
[19.820s] DEBUG:colcon.colcon_parallel_executor.executor.parallel:closing loop
[19.822s] DEBUG:colcon.colcon_parallel_executor.executor.parallel:loop closed
[19.823s] DEBUG:colcon.colcon_parallel_executor.executor.parallel:run_until_complete finished with '0'
[19.823s] DEBUG:colcon.colcon_core.event_reactor:joining thread
[19.867s] INFO:colcon.colcon_core.plugin_system:Skipping extension 'colcon_notification.desktop_notification.terminal_notifier': Not used on non-Darwin systems
[19.868s] INFO:colcon.colcon_core.plugin_system:Skipping extension 'colcon_notification.desktop_notification.win32': Not used on non-Windows systems
[19.870s] INFO:colcon.colcon_notification.desktop_notification:Sending desktop notification using 'notify2'
[20.058s] DEBUG:colcon.colcon_core.event_reactor:joined thread
[20.060s] INFO:colcon.colcon_core.shell:Creating prefix script '/media/sf_inspection_bot_ws/src/install/local_setup.ps1'
[20.076s] INFO:colcon.colcon_core.shell:Creating prefix util module '/media/sf_inspection_bot_ws/src/install/_local_setup_util_ps1.py'
[20.081s] INFO:colcon.colcon_core.shell:Creating prefix chain script '/media/sf_inspection_bot_ws/src/install/setup.ps1'
[20.092s] INFO:colcon.colcon_core.shell:Creating prefix script '/media/sf_inspection_bot_ws/src/install/local_setup.sh'
[20.097s] INFO:colcon.colcon_core.shell:Creating prefix util module '/media/sf_inspection_bot_ws/src/install/_local_setup_util_sh.py'
[20.103s] INFO:colcon.colcon_core.shell:Creating prefix chain script '/media/sf_inspection_bot_ws/src/install/setup.sh'
[20.110s] INFO:colcon.colcon_core.shell:Creating prefix script '/media/sf_inspection_bot_ws/src/install/local_setup.bash'
[20.118s] INFO:colcon.colcon_core.shell:Creating prefix chain script '/media/sf_inspection_bot_ws/src/install/setup.bash'
[20.126s] INFO:colcon.colcon_core.shell:Creating prefix script '/media/sf_inspection_bot_ws/src/install/local_setup.zsh'
[20.133s] INFO:colcon.colcon_core.shell:Creating prefix chain script '/media/sf_inspection_bot_ws/src/install/setup.zsh'
