[0.143s] Invoking command in '/media/sf_inspection_bot_ws/src/build/inspection_bot_bringup': AMENT_PREFIX_PATH=/media/sf_inspection_bot_ws/src/install/inspection_bot_vision:/media/sf_inspection_bot_ws/src/install/inspection_bot_nav:/media/sf_inspection_bot_ws/src/install/inspection_bot_msgs:/media/sf_inspection_bot_ws/src/install/inspection_bot_description:${AMENT_PREFIX_PATH} CMAKE_PREFIX_PATH=/media/sf_inspection_bot_ws/src/install/inspection_bot_msgs:/media/sf_inspection_bot_ws/src/install/inspection_bot_description:/opt/ros/foxy LD_LIBRARY_PATH=/media/sf_inspection_bot_ws/src/install/inspection_bot_msgs/lib:${LD_LIBRARY_PATH} PYTHONPATH=/media/sf_inspection_bot_ws/src/install/inspection_bot_vision/lib/python3.8/site-packages:/media/sf_inspection_bot_ws/src/install/inspection_bot_nav/lib/python3.8/site-packages:/media/sf_inspection_bot_ws/src/install/inspection_bot_msgs/lib/python3.8/site-packages:${PYTHONPATH} /usr/bin/cmake /media/sf_inspection_bot_ws/src/inspection_bot_bringup -DCMAKE_INSTALL_PREFIX=/media/sf_inspection_bot_ws/src/install/inspection_bot_bringup
[0.494s] -- The C compiler identification is GNU 9.4.0
[0.725s] -- The CXX compiler identification is GNU 9.4.0
[0.760s] -- Check for working C compiler: /usr/bin/cc
[1.231s] -- Check for working C compiler: /usr/bin/cc -- works
[1.236s] -- Detecting C compiler ABI info
[1.750s] -- Detecting C compiler ABI info - done
[1.777s] -- Detecting C compile features
[1.782s] -- Detecting C compile features - done
[1.815s] -- Check for working CXX compiler: /usr/bin/c++
[2.313s] -- Check for working CXX compiler: /usr/bin/c++ -- works
[2.319s] -- Detecting CXX compiler ABI info
[2.800s] -- Detecting CXX compiler ABI info - done
[2.842s] -- Detecting CXX compile features
[2.845s] -- Detecting CXX compile features - done
[2.915s] -- Found ament_cmake: 0.9.12 (/opt/ros/foxy/share/ament_cmake/cmake)
[3.068s] -- Found PythonInterp: /usr/bin/python3 (found suitable version "3.8.10", minimum required is "3") 
[3.069s] -- Using PYTHON_EXECUTABLE: /usr/bin/python3
[4.076s] -- Configuring done
[4.201s] -- Generating done
[4.294s] -- Build files have been written to: /media/sf_inspection_bot_ws/src/build/inspection_bot_bringup
[4.303s] Invoked command in '/media/sf_inspection_bot_ws/src/build/inspection_bot_bringup' returned '0': AMENT_PREFIX_PATH=/media/sf_inspection_bot_ws/src/install/inspection_bot_vision:/media/sf_inspection_bot_ws/src/install/inspection_bot_nav:/media/sf_inspection_bot_ws/src/install/inspection_bot_msgs:/media/sf_inspection_bot_ws/src/install/inspection_bot_description:${AMENT_PREFIX_PATH} CMAKE_PREFIX_PATH=/media/sf_inspection_bot_ws/src/install/inspection_bot_msgs:/media/sf_inspection_bot_ws/src/install/inspection_bot_description:/opt/ros/foxy LD_LIBRARY_PATH=/media/sf_inspection_bot_ws/src/install/inspection_bot_msgs/lib:${LD_LIBRARY_PATH} PYTHONPATH=/media/sf_inspection_bot_ws/src/install/inspection_bot_vision/lib/python3.8/site-packages:/media/sf_inspection_bot_ws/src/install/inspection_bot_nav/lib/python3.8/site-packages:/media/sf_inspection_bot_ws/src/install/inspection_bot_msgs/lib/python3.8/site-packages:${PYTHONPATH} /usr/bin/cmake /media/sf_inspection_bot_ws/src/inspection_bot_bringup -DCMAKE_INSTALL_PREFIX=/media/sf_inspection_bot_ws/src/install/inspection_bot_bringup
[4.313s] Invoking command in '/media/sf_inspection_bot_ws/src/build/inspection_bot_bringup': AMENT_PREFIX_PATH=/media/sf_inspection_bot_ws/src/install/inspection_bot_vision:/media/sf_inspection_bot_ws/src/install/inspection_bot_nav:/media/sf_inspection_bot_ws/src/install/inspection_bot_msgs:/media/sf_inspection_bot_ws/src/install/inspection_bot_description:${AMENT_PREFIX_PATH} CMAKE_PREFIX_PATH=/media/sf_inspection_bot_ws/src/install/inspection_bot_msgs:/media/sf_inspection_bot_ws/src/install/inspection_bot_description:/opt/ros/foxy LD_LIBRARY_PATH=/media/sf_inspection_bot_ws/src/install/inspection_bot_msgs/lib:${LD_LIBRARY_PATH} PYTHONPATH=/media/sf_inspection_bot_ws/src/install/inspection_bot_vision/lib/python3.8/site-packages:/media/sf_inspection_bot_ws/src/install/inspection_bot_nav/lib/python3.8/site-packages:/media/sf_inspection_bot_ws/src/install/inspection_bot_msgs/lib/python3.8/site-packages:${PYTHONPATH} /usr/bin/cmake --build /media/sf_inspection_bot_ws/src/build/inspection_bot_bringup -- -j3 -l3
[4.535s] Invoked command in '/media/sf_inspection_bot_ws/src/build/inspection_bot_bringup' returned '0': AMENT_PREFIX_PATH=/media/sf_inspection_bot_ws/src/install/inspection_bot_vision:/media/sf_inspection_bot_ws/src/install/inspection_bot_nav:/media/sf_inspection_bot_ws/src/install/inspection_bot_msgs:/media/sf_inspection_bot_ws/src/install/inspection_bot_description:${AMENT_PREFIX_PATH} CMAKE_PREFIX_PATH=/media/sf_inspection_bot_ws/src/install/inspection_bot_msgs:/media/sf_inspection_bot_ws/src/install/inspection_bot_description:/opt/ros/foxy LD_LIBRARY_PATH=/media/sf_inspection_bot_ws/src/install/inspection_bot_msgs/lib:${LD_LIBRARY_PATH} PYTHONPATH=/media/sf_inspection_bot_ws/src/install/inspection_bot_vision/lib/python3.8/site-packages:/media/sf_inspection_bot_ws/src/install/inspection_bot_nav/lib/python3.8/site-packages:/media/sf_inspection_bot_ws/src/install/inspection_bot_msgs/lib/python3.8/site-packages:${PYTHONPATH} /usr/bin/cmake --build /media/sf_inspection_bot_ws/src/build/inspection_bot_bringup -- -j3 -l3
[4.552s] Invoking command in '/media/sf_inspection_bot_ws/src/build/inspection_bot_bringup': AMENT_PREFIX_PATH=/media/sf_inspection_bot_ws/src/install/inspection_bot_vision:/media/sf_inspection_bot_ws/src/install/inspection_bot_nav:/media/sf_inspection_bot_ws/src/install/inspection_bot_msgs:/media/sf_inspection_bot_ws/src/install/inspection_bot_description:${AMENT_PREFIX_PATH} CMAKE_PREFIX_PATH=/media/sf_inspection_bot_ws/src/install/inspection_bot_msgs:/media/sf_inspection_bot_ws/src/install/inspection_bot_description:/opt/ros/foxy LD_LIBRARY_PATH=/media/sf_inspection_bot_ws/src/install/inspection_bot_msgs/lib:${LD_LIBRARY_PATH} PYTHONPATH=/media/sf_inspection_bot_ws/src/install/inspection_bot_vision/lib/python3.8/site-packages:/media/sf_inspection_bot_ws/src/install/inspection_bot_nav/lib/python3.8/site-packages:/media/sf_inspection_bot_ws/src/install/inspection_bot_msgs/lib/python3.8/site-packages:${PYTHONPATH} /usr/bin/cmake --install /media/sf_inspection_bot_ws/src/build/inspection_bot_bringup
[4.597s] -- Install configuration: ""
[4.602s] -- Installing: /media/sf_inspection_bot_ws/src/install/inspection_bot_bringup/share/inspection_bot_bringup/launch
[4.607s] -- Installing: /media/sf_inspection_bot_ws/src/install/inspection_bot_bringup/share/inspection_bot_bringup/launch/bringup.launch.py
[4.625s] -- Installing: /media/sf_inspection_bot_ws/src/install/inspection_bot_bringup/share/ament_index/resource_index/package_run_dependencies/inspection_bot_bringup
[4.639s] -- Installing: /media/sf_inspection_bot_ws/src/install/inspection_bot_bringup/share/ament_index/resource_index/parent_prefix_path/inspection_bot_bringup
[4.657s] -- Installing: /media/sf_inspection_bot_ws/src/install/inspection_bot_bringup/share/inspection_bot_bringup/environment/ament_prefix_path.sh
[4.667s] -- Installing: /media/sf_inspection_bot_ws/src/install/inspection_bot_bringup/share/inspection_bot_bringup/environment/ament_prefix_path.dsv
[4.683s] -- Installing: /media/sf_inspection_bot_ws/src/install/inspection_bot_bringup/share/inspection_bot_bringup/environment/path.sh
[4.697s] -- Installing: /media/sf_inspection_bot_ws/src/install/inspection_bot_bringup/share/inspection_bot_bringup/environment/path.dsv
[4.709s] -- Installing: /media/sf_inspection_bot_ws/src/install/inspection_bot_bringup/share/inspection_bot_bringup/local_setup.bash
[4.723s] -- Installing: /media/sf_inspection_bot_ws/src/install/inspection_bot_bringup/share/inspection_bot_bringup/local_setup.sh
[4.735s] -- Installing: /media/sf_inspection_bot_ws/src/install/inspection_bot_bringup/share/inspection_bot_bringup/local_setup.zsh
[4.754s] -- Installing: /media/sf_inspection_bot_ws/src/install/inspection_bot_bringup/share/inspection_bot_bringup/local_setup.dsv
[4.765s] -- Installing: /media/sf_inspection_bot_ws/src/install/inspection_bot_bringup/share/inspection_bot_bringup/package.dsv
[4.784s] -- Installing: /media/sf_inspection_bot_ws/src/install/inspection_bot_bringup/share/ament_index/resource_index/packages/inspection_bot_bringup
[4.797s] -- Installing: /media/sf_inspection_bot_ws/src/install/inspection_bot_bringup/share/inspection_bot_bringup/cmake/inspection_bot_bringupConfig.cmake
[4.812s] -- Installing: /media/sf_inspection_bot_ws/src/install/inspection_bot_bringup/share/inspection_bot_bringup/cmake/inspection_bot_bringupConfig-version.cmake
[4.828s] -- Installing: /media/sf_inspection_bot_ws/src/install/inspection_bot_bringup/share/inspection_bot_bringup/package.xml
[4.842s] Invoked command in '/media/sf_inspection_bot_ws/src/build/inspection_bot_bringup' returned '0': AMENT_PREFIX_PATH=/media/sf_inspection_bot_ws/src/install/inspection_bot_vision:/media/sf_inspection_bot_ws/src/install/inspection_bot_nav:/media/sf_inspection_bot_ws/src/install/inspection_bot_msgs:/media/sf_inspection_bot_ws/src/install/inspection_bot_description:${AMENT_PREFIX_PATH} CMAKE_PREFIX_PATH=/media/sf_inspection_bot_ws/src/install/inspection_bot_msgs:/media/sf_inspection_bot_ws/src/install/inspection_bot_description:/opt/ros/foxy LD_LIBRARY_PATH=/media/sf_inspection_bot_ws/src/install/inspection_bot_msgs/lib:${LD_LIBRARY_PATH} PYTHONPATH=/media/sf_inspection_bot_ws/src/install/inspection_bot_vision/lib/python3.8/site-packages:/media/sf_inspection_bot_ws/src/install/inspection_bot_nav/lib/python3.8/site-packages:/media/sf_inspection_bot_ws/src/install/inspection_bot_msgs/lib/python3.8/site-packages:${PYTHONPATH} /usr/bin/cmake --install /media/sf_inspection_bot_ws/src/build/inspection_bot_bringup
