[0.247s] Invoking command in '/media/sf_inspection_bot_ws/src/build/inspection_bot_description': CMAKE_PREFIX_PATH=/opt/ros/foxy /usr/bin/cmake /media/sf_inspection_bot_ws/src/inspection_bot_description -DAMENT_CMAKE_SYMLINK_INSTALL=1 -DCMAKE_INSTALL_PREFIX=/media/sf_inspection_bot_ws/src/install/inspection_bot_description
[0.524s] -- Found ament_cmake: 0.9.12 (/opt/ros/foxy/share/ament_cmake/cmake)
[0.626s] -- Using PYTHON_EXECUTABLE: /usr/bin/python3
[1.148s] -- Override CMake install command with custom implementation using symlinks instead of copying resources
[1.912s] -- Configuring done
[2.146s] -- Generating done
[3.991s] -- Build files have been written to: /media/sf_inspection_bot_ws/src/build/inspection_bot_description
[4.031s] Invoked command in '/media/sf_inspection_bot_ws/src/build/inspection_bot_description' returned '0': CMAKE_PREFIX_PATH=/opt/ros/foxy /usr/bin/cmake /media/sf_inspection_bot_ws/src/inspection_bot_description -DAMENT_CMAKE_SYMLINK_INSTALL=1 -DCMAKE_INSTALL_PREFIX=/media/sf_inspection_bot_ws/src/install/inspection_bot_description
[4.056s] Invoking command in '/media/sf_inspection_bot_ws/src/build/inspection_bot_description': CMAKE_PREFIX_PATH=/opt/ros/foxy /usr/bin/cmake --build /media/sf_inspection_bot_ws/src/build/inspection_bot_description -- -j3 -l3
[4.258s] Invoked command in '/media/sf_inspection_bot_ws/src/build/inspection_bot_description' returned '0': CMAKE_PREFIX_PATH=/opt/ros/foxy /usr/bin/cmake --build /media/sf_inspection_bot_ws/src/build/inspection_bot_description -- -j3 -l3
[4.304s] Invoking command in '/media/sf_inspection_bot_ws/src/build/inspection_bot_description': CMAKE_PREFIX_PATH=/opt/ros/foxy /usr/bin/cmake --install /media/sf_inspection_bot_ws/src/build/inspection_bot_description
[4.314s] -- Install configuration: ""
[4.325s] -- Execute custom install script
[4.340s] -- Symlinking: /media/sf_inspection_bot_ws/src/install/inspection_bot_description/share/inspection_bot_description/worlds/server_room.world
[4.359s] CMake Error: failed to create symbolic link '/media/sf_inspection_bot_ws/src/install/inspection_bot_description/share/inspection_bot_description/worlds/server_room.world': operation not permitted
[4.363s] CMake Error at ament_cmake_symlink_install/ament_cmake_symlink_install.cmake:302 (message):
[4.366s]   Could not create symlink
[4.369s]   '/media/sf_inspection_bot_ws/src/install/inspection_bot_description/share/inspection_bot_description/worlds/server_room.world'
[4.375s]   pointing to
[4.377s]   '/media/sf_inspection_bot_ws/src/inspection_bot_description/worlds/server_room.world'
[4.378s] Call Stack (most recent call first):
[4.381s]   ament_cmake_symlink_install/ament_cmake_symlink_install.cmake:96 (_ament_cmake_symlink_install_create_symlink)
[4.383s]   ament_cmake_symlink_install/ament_cmake_symlink_install.cmake:314 (ament_cmake_symlink_install_directory)
[4.386s]   cmake_install.cmake:41 (include)
[4.388s] 
[4.391s] 
[4.392s] Invoked command in '/media/sf_inspection_bot_ws/src/build/inspection_bot_description' returned '1': CMAKE_PREFIX_PATH=/opt/ros/foxy /usr/bin/cmake --install /media/sf_inspection_bot_ws/src/build/inspection_bot_description
