-- The C compiler identification is GNU 9.4.0
-- The CXX compiler identification is GNU 9.4.0
-- Check for working C compiler: /usr/bin/cc
-- Check for working C compiler: /usr/bin/cc -- works
-- Detecting C compiler ABI info
-- Detecting C compiler ABI info - done
-- Detecting C compile features
-- Detecting C compile features - done
-- Check for working CXX compiler: /usr/bin/c++
-- Check for working CXX compiler: /usr/bin/c++ -- works
-- Detecting CXX compiler ABI info
-- Detecting CXX compiler ABI info - done
-- Detecting CXX compile features
-- Detecting CXX compile features - done
-- Found ament_cmake: 0.9.12 (/opt/ros/foxy/share/ament_cmake/cmake)
-- Found PythonInterp: /usr/bin/python3 (found suitable version "3.8.10", minimum required is "3") 
-- Using PYTHON_EXECUTABLE: /usr/bin/python3
-- Found rosidl_default_generators: 1.0.1 (/opt/ros/foxy/share/rosidl_default_generators/cmake)
-- Using all available rosidl_typesupport_c: rosidl_typesupport_fastrtps_c;rosidl_typesupport_introspection_c
-- Found rosidl_adapter: 1.3.1 (/opt/ros/foxy/share/rosidl_adapter/cmake)
-- Found OpenSSL: /usr/lib/x86_64-linux-gnu/libcrypto.so (found version "1.1.1f")  
-- Found FastRTPS: /opt/ros/foxy/include  
-- Using all available rosidl_typesupport_cpp: rosidl_typesupport_fastrtps_cpp;rosidl_typesupport_introspection_cpp
-- Found std_msgs: 2.0.5 (/opt/ros/foxy/share/std_msgs/cmake)
-- Found geometry_msgs: 2.0.5 (/opt/ros/foxy/share/geometry_msgs/cmake)
-- Found PythonInterp: /usr/bin/python3 (found version "3.8.10") 
-- Found ament_cmake_ros: 0.9.2 (/opt/ros/foxy/share/ament_cmake_ros/cmake)
-- Using all available rosidl_typesupport_c: rosidl_typesupport_fastrtps_c;rosidl_typesupport_introspection_c
-- Using all available rosidl_typesupport_cpp: rosidl_typesupport_fastrtps_cpp;rosidl_typesupport_introspection_cpp
-- Found PythonInterp: /usr/bin/python3 (found suitable version "3.8.10", minimum required is "3.5") 
-- Found python_cmake_module: 0.8.1 (/opt/ros/foxy/share/python_cmake_module/cmake)
-- Found PythonLibs: /usr/lib/x86_64-linux-gnu/libpython3.8.so (found suitable version "3.8.10", minimum required is "3.5") 
-- Using PYTHON_EXECUTABLE: /usr/bin/python3
-- Using PYTHON_INCLUDE_DIRS: /usr/include/python3.8
-- Using PYTHON_LIBRARIES: /usr/lib/x86_64-linux-gnu/libpython3.8.so
-- Found PythonExtra: .so  
-- Configuring done
-- Generating done
-- Build files have been written to: /media/sf_inspection_bot_ws/src/build/inspection_bot_msgs
[35m[1mScanning dependencies of target inspection_bot_msgs__cpp[0m
[  3%] [34m[1mGenerating C code for ROS interfaces[0m
[  6%] [34m[1mGenerating C++ code for ROS interfaces[0m
[35m[1mScanning dependencies of target inspection_bot_msgs__rosidl_generator_c[0m
[  6%] Built target inspection_bot_msgs__cpp
[  9%] [34m[1mGenerating C++ introspection for ROS interfaces[0m
[ 12%] [34m[1mGenerating C++ type support dispatch for ROS interfaces[0m
[ 16%] [32mBuilding C object CMakeFiles/inspection_bot_msgs__rosidl_generator_c.dir/rosidl_generator_c/inspection_bot_msgs/msg/detail/anomaly_event__functions.c.o[0m
[35m[1mScanning dependencies of target inspection_bot_msgs__rosidl_typesupport_introspection_cpp[0m
[35m[1mScanning dependencies of target inspection_bot_msgs__rosidl_typesupport_cpp[0m
[ 19%] [32m[1mLinking C shared library libinspection_bot_msgs__rosidl_generator_c.so[0m
[ 22%] [32mBuilding CXX object CMakeFiles/inspection_bot_msgs__rosidl_typesupport_introspection_cpp.dir/rosidl_typesupport_introspection_cpp/inspection_bot_msgs/msg/detail/anomaly_event__type_support.cpp.o[0m
[ 25%] [32mBuilding CXX object CMakeFiles/inspection_bot_msgs__rosidl_typesupport_cpp.dir/rosidl_typesupport_cpp/inspection_bot_msgs/msg/anomaly_event__type_support.cpp.o[0m
[ 25%] Built target inspection_bot_msgs__rosidl_generator_c
[ 29%] [34m[1mGenerating C++ type support for eProsima Fast-RTPS[0m
[35m[1mScanning dependencies of target inspection_bot_msgs__rosidl_typesupport_fastrtps_cpp[0m
[ 32%] [32mBuilding CXX object CMakeFiles/inspection_bot_msgs__rosidl_typesupport_fastrtps_cpp.dir/rosidl_typesupport_fastrtps_cpp/inspection_bot_msgs/msg/detail/dds_fastrtps/anomaly_event__type_support.cpp.o[0m
[ 35%] [32m[1mLinking CXX shared library libinspection_bot_msgs__rosidl_typesupport_cpp.so[0m
[ 38%] [32m[1mLinking CXX shared library libinspection_bot_msgs__rosidl_typesupport_introspection_cpp.so[0m
[ 38%] Built target inspection_bot_msgs__rosidl_typesupport_cpp
[ 41%] [34m[1mGenerating C introspection for ROS interfaces[0m
[ 41%] Built target inspection_bot_msgs__rosidl_typesupport_introspection_cpp
[ 45%] [34m[1mGenerating C type support dispatch for ROS interfaces[0m
[ 48%] [32m[1mLinking CXX shared library libinspection_bot_msgs__rosidl_typesupport_fastrtps_cpp.so[0m
[35m[1mScanning dependencies of target inspection_bot_msgs__rosidl_typesupport_introspection_c[0m
[35m[1mScanning dependencies of target inspection_bot_msgs__rosidl_typesupport_c[0m
[ 51%] [32mBuilding CXX object CMakeFiles/inspection_bot_msgs__rosidl_typesupport_c.dir/rosidl_typesupport_c/inspection_bot_msgs/msg/anomaly_event__type_support.cpp.o[0m
[ 54%] [32mBuilding C object CMakeFiles/inspection_bot_msgs__rosidl_typesupport_introspection_c.dir/rosidl_typesupport_introspection_c/inspection_bot_msgs/msg/detail/anomaly_event__type_support.c.o[0m
[ 54%] Built target inspection_bot_msgs__rosidl_typesupport_fastrtps_cpp
[ 58%] [34m[1mGenerating C type support for eProsima Fast-RTPS[0m
[ 61%] [32m[1mLinking CXX shared library libinspection_bot_msgs__rosidl_typesupport_c.so[0m
[ 64%] [32m[1mLinking C shared library libinspection_bot_msgs__rosidl_typesupport_introspection_c.so[0m
[ 64%] Built target inspection_bot_msgs__rosidl_typesupport_c
[ 64%] Built target inspection_bot_msgs__rosidl_typesupport_introspection_c
[35m[1mScanning dependencies of target inspection_bot_msgs__rosidl_typesupport_fastrtps_c[0m
[ 67%] [32mBuilding CXX object CMakeFiles/inspection_bot_msgs__rosidl_typesupport_fastrtps_c.dir/rosidl_typesupport_fastrtps_c/inspection_bot_msgs/msg/detail/anomaly_event__type_support_c.cpp.o[0m
[ 70%] [32m[1mLinking CXX shared library libinspection_bot_msgs__rosidl_typesupport_fastrtps_c.so[0m
[ 70%] Built target inspection_bot_msgs__rosidl_typesupport_fastrtps_c
[35m[1mScanning dependencies of target inspection_bot_msgs[0m
[ 70%] Built target inspection_bot_msgs
[35m[1mScanning dependencies of target inspection_bot_msgs__py[0m
[ 74%] [34m[1mGenerating Python code for ROS interfaces[0m
[ 74%] Built target inspection_bot_msgs__py
[35m[1mScanning dependencies of target inspection_bot_msgs__python[0m
[ 77%] [32mBuilding C object CMakeFiles/inspection_bot_msgs__python.dir/rosidl_generator_py/inspection_bot_msgs/msg/_anomaly_event_s.c.o[0m
[ 80%] [32m[1mLinking C shared library rosidl_generator_py/inspection_bot_msgs/libinspection_bot_msgs__python.so[0m
[ 80%] Built target inspection_bot_msgs__python
[35m[1mScanning dependencies of target inspection_bot_msgs__rosidl_typesupport_c__pyext[0m
[35m[1mScanning dependencies of target inspection_bot_msgs__rosidl_typesupport_fastrtps_c__pyext[0m
[35m[1mScanning dependencies of target inspection_bot_msgs__rosidl_typesupport_introspection_c__pyext[0m
[ 83%] [32mBuilding C object CMakeFiles/inspection_bot_msgs__rosidl_typesupport_c__pyext.dir/rosidl_generator_py/inspection_bot_msgs/_inspection_bot_msgs_s.ep.rosidl_typesupport_c.c.o[0m
[ 87%] [32mBuilding C object CMakeFiles/inspection_bot_msgs__rosidl_typesupport_introspection_c__pyext.dir/rosidl_generator_py/inspection_bot_msgs/_inspection_bot_msgs_s.ep.rosidl_typesupport_introspection_c.c.o[0m
[ 90%] [32mBuilding C object CMakeFiles/inspection_bot_msgs__rosidl_typesupport_fastrtps_c__pyext.dir/rosidl_generator_py/inspection_bot_msgs/_inspection_bot_msgs_s.ep.rosidl_typesupport_fastrtps_c.c.o[0m
[ 93%] [32m[1mLinking C shared library rosidl_generator_py/inspection_bot_msgs/inspection_bot_msgs_s__rosidl_typesupport_c.cpython-38-x86_64-linux-gnu.so[0m
[ 96%] [32m[1mLinking C shared library rosidl_generator_py/inspection_bot_msgs/inspection_bot_msgs_s__rosidl_typesupport_introspection_c.cpython-38-x86_64-linux-gnu.so[0m
[ 96%] Built target inspection_bot_msgs__rosidl_typesupport_c__pyext
[ 96%] Built target inspection_bot_msgs__rosidl_typesupport_introspection_c__pyext
[100%] [32m[1mLinking CXX shared library rosidl_generator_py/inspection_bot_msgs/inspection_bot_msgs_s__rosidl_typesupport_fastrtps_c.cpython-38-x86_64-linux-gnu.so[0m
[100%] Built target inspection_bot_msgs__rosidl_typesupport_fastrtps_c__pyext
-- Install configuration: ""
-- Installing: /media/sf_inspection_bot_ws/src/install/inspection_bot_msgs/share/ament_index/resource_index/rosidl_interfaces/inspection_bot_msgs
-- Installing: /media/sf_inspection_bot_ws/src/install/inspection_bot_msgs/include/inspection_bot_msgs
-- Installing: /media/sf_inspection_bot_ws/src/install/inspection_bot_msgs/include/inspection_bot_msgs/msg
-- Installing: /media/sf_inspection_bot_ws/src/install/inspection_bot_msgs/include/inspection_bot_msgs/msg/anomaly_event.h
-- Installing: /media/sf_inspection_bot_ws/src/install/inspection_bot_msgs/include/inspection_bot_msgs/msg/detail
-- Installing: /media/sf_inspection_bot_ws/src/install/inspection_bot_msgs/include/inspection_bot_msgs/msg/detail/anomaly_event__functions.c
-- Installing: /media/sf_inspection_bot_ws/src/install/inspection_bot_msgs/include/inspection_bot_msgs/msg/detail/anomaly_event__functions.h
-- Installing: /media/sf_inspection_bot_ws/src/install/inspection_bot_msgs/include/inspection_bot_msgs/msg/detail/anomaly_event__struct.h
-- Installing: /media/sf_inspection_bot_ws/src/install/inspection_bot_msgs/include/inspection_bot_msgs/msg/detail/anomaly_event__type_support.h
-- Installing: /media/sf_inspection_bot_ws/src/install/inspection_bot_msgs/include/inspection_bot_msgs/msg/rosidl_generator_c__visibility_control.h
-- Installing: /media/sf_inspection_bot_ws/src/install/inspection_bot_msgs/share/inspection_bot_msgs/environment/library_path.sh
-- Installing: /media/sf_inspection_bot_ws/src/install/inspection_bot_msgs/share/inspection_bot_msgs/environment/library_path.dsv
-- Installing: /media/sf_inspection_bot_ws/src/install/inspection_bot_msgs/lib/libinspection_bot_msgs__rosidl_generator_c.so
-- Set runtime path of "/media/sf_inspection_bot_ws/src/install/inspection_bot_msgs/lib/libinspection_bot_msgs__rosidl_generator_c.so" to ""
-- Up-to-date: /media/sf_inspection_bot_ws/src/install/inspection_bot_msgs/include/inspection_bot_msgs
-- Up-to-date: /media/sf_inspection_bot_ws/src/install/inspection_bot_msgs/include/inspection_bot_msgs/msg
-- Up-to-date: /media/sf_inspection_bot_ws/src/install/inspection_bot_msgs/include/inspection_bot_msgs/msg/detail
-- Installing: /media/sf_inspection_bot_ws/src/install/inspection_bot_msgs/include/inspection_bot_msgs/msg/detail/anomaly_event__rosidl_typesupport_fastrtps_c.h
-- Installing: /media/sf_inspection_bot_ws/src/install/inspection_bot_msgs/include/inspection_bot_msgs/msg/rosidl_typesupport_fastrtps_c__visibility_control.h
-- Installing: /media/sf_inspection_bot_ws/src/install/inspection_bot_msgs/lib/libinspection_bot_msgs__rosidl_typesupport_fastrtps_c.so
-- Set runtime path of "/media/sf_inspection_bot_ws/src/install/inspection_bot_msgs/lib/libinspection_bot_msgs__rosidl_typesupport_fastrtps_c.so" to ""
-- Up-to-date: /media/sf_inspection_bot_ws/src/install/inspection_bot_msgs/include/inspection_bot_msgs
-- Up-to-date: /media/sf_inspection_bot_ws/src/install/inspection_bot_msgs/include/inspection_bot_msgs/msg
-- Up-to-date: /media/sf_inspection_bot_ws/src/install/inspection_bot_msgs/include/inspection_bot_msgs/msg/detail
-- Installing: /media/sf_inspection_bot_ws/src/install/inspection_bot_msgs/include/inspection_bot_msgs/msg/detail/anomaly_event__rosidl_typesupport_fastrtps_cpp.hpp
-- Installing: /media/sf_inspection_bot_ws/src/install/inspection_bot_msgs/include/inspection_bot_msgs/msg/detail/dds_fastrtps
-- Installing: /media/sf_inspection_bot_ws/src/install/inspection_bot_msgs/include/inspection_bot_msgs/msg/rosidl_typesupport_fastrtps_cpp__visibility_control.h
-- Installing: /media/sf_inspection_bot_ws/src/install/inspection_bot_msgs/lib/libinspection_bot_msgs__rosidl_typesupport_fastrtps_cpp.so
-- Set runtime path of "/media/sf_inspection_bot_ws/src/install/inspection_bot_msgs/lib/libinspection_bot_msgs__rosidl_typesupport_fastrtps_cpp.so" to ""
-- Up-to-date: /media/sf_inspection_bot_ws/src/install/inspection_bot_msgs/include/inspection_bot_msgs
-- Up-to-date: /media/sf_inspection_bot_ws/src/install/inspection_bot_msgs/include/inspection_bot_msgs/msg
-- Up-to-date: /media/sf_inspection_bot_ws/src/install/inspection_bot_msgs/include/inspection_bot_msgs/msg/detail
-- Installing: /media/sf_inspection_bot_ws/src/install/inspection_bot_msgs/include/inspection_bot_msgs/msg/detail/anomaly_event__rosidl_typesupport_introspection_c.h
-- Installing: /media/sf_inspection_bot_ws/src/install/inspection_bot_msgs/include/inspection_bot_msgs/msg/detail/anomaly_event__type_support.c
-- Installing: /media/sf_inspection_bot_ws/src/install/inspection_bot_msgs/include/inspection_bot_msgs/msg/rosidl_typesupport_introspection_c__visibility_control.h
-- Installing: /media/sf_inspection_bot_ws/src/install/inspection_bot_msgs/lib/libinspection_bot_msgs__rosidl_typesupport_introspection_c.so
-- Set runtime path of "/media/sf_inspection_bot_ws/src/install/inspection_bot_msgs/lib/libinspection_bot_msgs__rosidl_typesupport_introspection_c.so" to ""
-- Installing: /media/sf_inspection_bot_ws/src/install/inspection_bot_msgs/lib/libinspection_bot_msgs__rosidl_typesupport_c.so
-- Set runtime path of "/media/sf_inspection_bot_ws/src/install/inspection_bot_msgs/lib/libinspection_bot_msgs__rosidl_typesupport_c.so" to ""
-- Up-to-date: /media/sf_inspection_bot_ws/src/install/inspection_bot_msgs/include/inspection_bot_msgs
-- Up-to-date: /media/sf_inspection_bot_ws/src/install/inspection_bot_msgs/include/inspection_bot_msgs/msg
-- Installing: /media/sf_inspection_bot_ws/src/install/inspection_bot_msgs/include/inspection_bot_msgs/msg/anomaly_event.hpp
-- Up-to-date: /media/sf_inspection_bot_ws/src/install/inspection_bot_msgs/include/inspection_bot_msgs/msg/detail
-- Installing: /media/sf_inspection_bot_ws/src/install/inspection_bot_msgs/include/inspection_bot_msgs/msg/detail/anomaly_event__builder.hpp
-- Installing: /media/sf_inspection_bot_ws/src/install/inspection_bot_msgs/include/inspection_bot_msgs/msg/detail/anomaly_event__struct.hpp
-- Installing: /media/sf_inspection_bot_ws/src/install/inspection_bot_msgs/include/inspection_bot_msgs/msg/detail/anomaly_event__traits.hpp
-- Installing: /media/sf_inspection_bot_ws/src/install/inspection_bot_msgs/include/inspection_bot_msgs/msg/detail/anomaly_event__type_support.hpp
-- Installing: /media/sf_inspection_bot_ws/src/install/inspection_bot_msgs/include/inspection_bot_msgs/msg/rosidl_generator_cpp__visibility_control.hpp
-- Up-to-date: /media/sf_inspection_bot_ws/src/install/inspection_bot_msgs/include/inspection_bot_msgs
-- Up-to-date: /media/sf_inspection_bot_ws/src/install/inspection_bot_msgs/include/inspection_bot_msgs/msg
-- Up-to-date: /media/sf_inspection_bot_ws/src/install/inspection_bot_msgs/include/inspection_bot_msgs/msg/detail
-- Installing: /media/sf_inspection_bot_ws/src/install/inspection_bot_msgs/include/inspection_bot_msgs/msg/detail/anomaly_event__rosidl_typesupport_introspection_cpp.hpp
-- Installing: /media/sf_inspection_bot_ws/src/install/inspection_bot_msgs/include/inspection_bot_msgs/msg/detail/anomaly_event__type_support.cpp
-- Installing: /media/sf_inspection_bot_ws/src/install/inspection_bot_msgs/lib/libinspection_bot_msgs__rosidl_typesupport_introspection_cpp.so
-- Set runtime path of "/media/sf_inspection_bot_ws/src/install/inspection_bot_msgs/lib/libinspection_bot_msgs__rosidl_typesupport_introspection_cpp.so" to ""
-- Installing: /media/sf_inspection_bot_ws/src/install/inspection_bot_msgs/lib/libinspection_bot_msgs__rosidl_typesupport_cpp.so
-- Set runtime path of "/media/sf_inspection_bot_ws/src/install/inspection_bot_msgs/lib/libinspection_bot_msgs__rosidl_typesupport_cpp.so" to ""
-- Installing: /media/sf_inspection_bot_ws/src/install/inspection_bot_msgs/share/inspection_bot_msgs/environment/pythonpath.sh
-- Installing: /media/sf_inspection_bot_ws/src/install/inspection_bot_msgs/share/inspection_bot_msgs/environment/pythonpath.dsv
-- Installing: /media/sf_inspection_bot_ws/src/install/inspection_bot_msgs/lib/python3.8/site-packages/inspection_bot_msgs/__init__.py
Compiling '/media/sf_inspection_bot_ws/src/install/inspection_bot_msgs/lib/python3.8/site-packages/inspection_bot_msgs/__init__.py'...
-- Installing: /media/sf_inspection_bot_ws/src/install/inspection_bot_msgs/lib/python3.8/site-packages/inspection_bot_msgs/msg
-- Installing: /media/sf_inspection_bot_ws/src/install/inspection_bot_msgs/lib/python3.8/site-packages/inspection_bot_msgs/msg/_anomaly_event.py
-- Installing: /media/sf_inspection_bot_ws/src/install/inspection_bot_msgs/lib/python3.8/site-packages/inspection_bot_msgs/msg/_anomaly_event_s.c
-- Installing: /media/sf_inspection_bot_ws/src/install/inspection_bot_msgs/lib/python3.8/site-packages/inspection_bot_msgs/msg/__init__.py
-- Installing: /media/sf_inspection_bot_ws/src/install/inspection_bot_msgs/lib/python3.8/site-packages/inspection_bot_msgs/inspection_bot_msgs_s__rosidl_typesupport_fastrtps_c.cpython-38-x86_64-linux-gnu.so
-- Set runtime path of "/media/sf_inspection_bot_ws/src/install/inspection_bot_msgs/lib/python3.8/site-packages/inspection_bot_msgs/inspection_bot_msgs_s__rosidl_typesupport_fastrtps_c.cpython-38-x86_64-linux-gnu.so" to ""
-- Installing: /media/sf_inspection_bot_ws/src/install/inspection_bot_msgs/lib/python3.8/site-packages/inspection_bot_msgs/inspection_bot_msgs_s__rosidl_typesupport_introspection_c.cpython-38-x86_64-linux-gnu.so
-- Set runtime path of "/media/sf_inspection_bot_ws/src/install/inspection_bot_msgs/lib/python3.8/site-packages/inspection_bot_msgs/inspection_bot_msgs_s__rosidl_typesupport_introspection_c.cpython-38-x86_64-linux-gnu.so" to ""
-- Installing: /media/sf_inspection_bot_ws/src/install/inspection_bot_msgs/lib/python3.8/site-packages/inspection_bot_msgs/inspection_bot_msgs_s__rosidl_typesupport_c.cpython-38-x86_64-linux-gnu.so
-- Set runtime path of "/media/sf_inspection_bot_ws/src/install/inspection_bot_msgs/lib/python3.8/site-packages/inspection_bot_msgs/inspection_bot_msgs_s__rosidl_typesupport_c.cpython-38-x86_64-linux-gnu.so" to ""
-- Installing: /media/sf_inspection_bot_ws/src/install/inspection_bot_msgs/lib/libinspection_bot_msgs__python.so
-- Set runtime path of "/media/sf_inspection_bot_ws/src/install/inspection_bot_msgs/lib/libinspection_bot_msgs__python.so" to ""
-- Installing: /media/sf_inspection_bot_ws/src/install/inspection_bot_msgs/share/inspection_bot_msgs/msg/AnomalyEvent.idl
-- Installing: /media/sf_inspection_bot_ws/src/install/inspection_bot_msgs/share/inspection_bot_msgs/msg/AnomalyEvent.msg
-- Installing: /media/sf_inspection_bot_ws/src/install/inspection_bot_msgs/share/ament_index/resource_index/package_run_dependencies/inspection_bot_msgs
-- Installing: /media/sf_inspection_bot_ws/src/install/inspection_bot_msgs/share/ament_index/resource_index/parent_prefix_path/inspection_bot_msgs
-- Installing: /media/sf_inspection_bot_ws/src/install/inspection_bot_msgs/share/inspection_bot_msgs/environment/ament_prefix_path.sh
-- Installing: /media/sf_inspection_bot_ws/src/install/inspection_bot_msgs/share/inspection_bot_msgs/environment/ament_prefix_path.dsv
-- Installing: /media/sf_inspection_bot_ws/src/install/inspection_bot_msgs/share/inspection_bot_msgs/environment/path.sh
-- Installing: /media/sf_inspection_bot_ws/src/install/inspection_bot_msgs/share/inspection_bot_msgs/environment/path.dsv
-- Installing: /media/sf_inspection_bot_ws/src/install/inspection_bot_msgs/share/inspection_bot_msgs/local_setup.bash
-- Installing: /media/sf_inspection_bot_ws/src/install/inspection_bot_msgs/share/inspection_bot_msgs/local_setup.sh
-- Installing: /media/sf_inspection_bot_ws/src/install/inspection_bot_msgs/share/inspection_bot_msgs/local_setup.zsh
-- Installing: /media/sf_inspection_bot_ws/src/install/inspection_bot_msgs/share/inspection_bot_msgs/local_setup.dsv
-- Installing: /media/sf_inspection_bot_ws/src/install/inspection_bot_msgs/share/inspection_bot_msgs/package.dsv
-- Installing: /media/sf_inspection_bot_ws/src/install/inspection_bot_msgs/share/ament_index/resource_index/packages/inspection_bot_msgs
-- Installing: /media/sf_inspection_bot_ws/src/install/inspection_bot_msgs/share/inspection_bot_msgs/cmake/inspection_bot_msgs__rosidl_generator_cExport.cmake
-- Installing: /media/sf_inspection_bot_ws/src/install/inspection_bot_msgs/share/inspection_bot_msgs/cmake/inspection_bot_msgs__rosidl_generator_cExport-noconfig.cmake
-- Installing: /media/sf_inspection_bot_ws/src/install/inspection_bot_msgs/share/inspection_bot_msgs/cmake/inspection_bot_msgs__rosidl_typesupport_introspection_cExport.cmake
-- Installing: /media/sf_inspection_bot_ws/src/install/inspection_bot_msgs/share/inspection_bot_msgs/cmake/inspection_bot_msgs__rosidl_typesupport_introspection_cExport-noconfig.cmake
-- Installing: /media/sf_inspection_bot_ws/src/install/inspection_bot_msgs/share/inspection_bot_msgs/cmake/inspection_bot_msgs__rosidl_typesupport_cExport.cmake
-- Installing: /media/sf_inspection_bot_ws/src/install/inspection_bot_msgs/share/inspection_bot_msgs/cmake/inspection_bot_msgs__rosidl_typesupport_cExport-noconfig.cmake
-- Installing: /media/sf_inspection_bot_ws/src/install/inspection_bot_msgs/share/inspection_bot_msgs/cmake/inspection_bot_msgs__rosidl_generator_cppExport.cmake
-- Installing: /media/sf_inspection_bot_ws/src/install/inspection_bot_msgs/share/inspection_bot_msgs/cmake/inspection_bot_msgs__rosidl_typesupport_introspection_cppExport.cmake
-- Installing: /media/sf_inspection_bot_ws/src/install/inspection_bot_msgs/share/inspection_bot_msgs/cmake/inspection_bot_msgs__rosidl_typesupport_introspection_cppExport-noconfig.cmake
-- Installing: /media/sf_inspection_bot_ws/src/install/inspection_bot_msgs/share/inspection_bot_msgs/cmake/inspection_bot_msgs__rosidl_typesupport_cppExport.cmake
-- Installing: /media/sf_inspection_bot_ws/src/install/inspection_bot_msgs/share/inspection_bot_msgs/cmake/inspection_bot_msgs__rosidl_typesupport_cppExport-noconfig.cmake
-- Installing: /media/sf_inspection_bot_ws/src/install/inspection_bot_msgs/share/inspection_bot_msgs/cmake/rosidl_cmake-extras.cmake
-- Installing: /media/sf_inspection_bot_ws/src/install/inspection_bot_msgs/share/inspection_bot_msgs/cmake/ament_cmake_export_dependencies-extras.cmake
-- Installing: /media/sf_inspection_bot_ws/src/install/inspection_bot_msgs/share/inspection_bot_msgs/cmake/ament_cmake_export_libraries-extras.cmake
-- Installing: /media/sf_inspection_bot_ws/src/install/inspection_bot_msgs/share/inspection_bot_msgs/cmake/ament_cmake_export_targets-extras.cmake
-- Installing: /media/sf_inspection_bot_ws/src/install/inspection_bot_msgs/share/inspection_bot_msgs/cmake/ament_cmake_export_include_directories-extras.cmake
-- Installing: /media/sf_inspection_bot_ws/src/install/inspection_bot_msgs/share/inspection_bot_msgs/cmake/rosidl_cmake_export_typesupport_libraries-extras.cmake
-- Installing: /media/sf_inspection_bot_ws/src/install/inspection_bot_msgs/share/inspection_bot_msgs/cmake/rosidl_cmake_export_typesupport_targets-extras.cmake
-- Installing: /media/sf_inspection_bot_ws/src/install/inspection_bot_msgs/share/inspection_bot_msgs/cmake/inspection_bot_msgsConfig.cmake
-- Installing: /media/sf_inspection_bot_ws/src/install/inspection_bot_msgs/share/inspection_bot_msgs/cmake/inspection_bot_msgsConfig-version.cmake
-- Installing: /media/sf_inspection_bot_ws/src/install/inspection_bot_msgs/share/inspection_bot_msgs/package.xml
