[0.510s] DEBUG:colcon:Command line arguments: ['/usr/bin/colcon', 'build', '--packages-select', 'inspection_bot_msgs']
[0.511s] DEBUG:colcon:Parsed command line arguments: Namespace(allow_overriding=[], ament_cmake_args=None, base_paths=['.'], build_base='build', catkin_cmake_args=None, catkin_skip_building_tests=False, cmake_args=None, cmake_clean_cache=False, cmake_clean_first=False, cmake_force_configure=False, cmake_target=None, cmake_target_skip_unavailable=False, continue_on_error=False, event_handlers=None, executor='parallel', ignore_user_meta=False, install_base='install', log_base=None, log_level=None, main=<bound method BuildVerb.main of <colcon_core.verb.build.BuildVerb object at 0x7f0022aa6970>>, merge_install=False, metas=['./colcon.meta'], packages_above=None, packages_above_and_dependencies=None, packages_above_depth=None, packages_end=None, packages_ignore=None, packages_ignore_regex=None, packages_select=['inspection_bot_msgs'], packages_select_build_failed=False, packages_select_by_dep=None, packages_select_regex=None, packages_select_test_failures=False, packages_skip=None, packages_skip_build_finished=False, packages_skip_by_dep=None, packages_skip_regex=None, packages_skip_test_passed=False, packages_skip_up_to=None, packages_start=None, packages_up_to=None, packages_up_to_regex=None, parallel_workers=3, paths=None, symlink_install=False, test_result_base=None, verb_extension=<colcon_core.verb.build.BuildVerb object at 0x7f0022aa6970>, verb_name='build', verb_parser=<colcon_defaults.argument_parser.defaults.DefaultArgumentsDecorator object at 0x7f0022aa6ee0>)
[0.846s] Level 1:colcon.colcon_core.package_discovery:discover_packages(colcon_meta) check parameters
[0.849s] Level 1:colcon.colcon_core.package_discovery:discover_packages(recursive) check parameters
[0.850s] Level 1:colcon.colcon_core.package_discovery:discover_packages(ignore) check parameters
[0.851s] Level 1:colcon.colcon_core.package_discovery:discover_packages(path) check parameters
[0.852s] Level 1:colcon.colcon_core.package_discovery:discover_packages(colcon_meta) discover
[0.854s] Level 1:colcon.colcon_core.package_discovery:discover_packages(recursive) discover
[0.855s] INFO:colcon.colcon_core.package_discovery:Crawling recursively for packages in '/media/sf_inspection_bot_ws/src'
[0.860s] Level 1:colcon.colcon_core.package_identification:_identify(.) by extensions ['ignore', 'ignore_ament_install']
[0.861s] Level 1:colcon.colcon_core.package_identification:_identify(.) by extension 'ignore'
[0.863s] Level 1:colcon.colcon_core.package_identification:_identify(.) by extension 'ignore_ament_install'
[0.864s] Level 1:colcon.colcon_core.package_identification:_identify(.) by extensions ['colcon_pkg']
[0.865s] Level 1:colcon.colcon_core.package_identification:_identify(.) by extension 'colcon_pkg'
[0.866s] Level 1:colcon.colcon_core.package_identification:_identify(.) by extensions ['colcon_meta']
[0.866s] Level 1:colcon.colcon_core.package_identification:_identify(.) by extension 'colcon_meta'
[0.867s] Level 1:colcon.colcon_core.package_identification:_identify(.) by extensions ['ros']
[0.868s] Level 1:colcon.colcon_core.package_identification:_identify(.) by extension 'ros'
[0.929s] Level 1:colcon.colcon_core.package_identification:_identify(.) by extensions ['cmake', 'python']
[0.929s] Level 1:colcon.colcon_core.package_identification:_identify(.) by extension 'cmake'
[0.930s] Level 1:colcon.colcon_core.package_identification:_identify(.) by extension 'python'
[0.931s] Level 1:colcon.colcon_core.package_identification:_identify(.) by extensions ['python_setup_py']
[0.932s] Level 1:colcon.colcon_core.package_identification:_identify(.) by extension 'python_setup_py'
[0.936s] Level 1:colcon.colcon_core.package_identification:_identify(build) by extensions ['ignore', 'ignore_ament_install']
[0.938s] Level 1:colcon.colcon_core.package_identification:_identify(build) by extension 'ignore'
[0.941s] Level 1:colcon.colcon_core.package_identification:_identify(build) ignored
[0.945s] Level 1:colcon.colcon_core.package_identification:_identify(inspection_bot_bringup) by extensions ['ignore', 'ignore_ament_install']
[0.947s] Level 1:colcon.colcon_core.package_identification:_identify(inspection_bot_bringup) by extension 'ignore'
[0.949s] Level 1:colcon.colcon_core.package_identification:_identify(inspection_bot_bringup) by extension 'ignore_ament_install'
[0.953s] Level 1:colcon.colcon_core.package_identification:_identify(inspection_bot_bringup) by extensions ['colcon_pkg']
[0.954s] Level 1:colcon.colcon_core.package_identification:_identify(inspection_bot_bringup) by extension 'colcon_pkg'
[0.957s] Level 1:colcon.colcon_core.package_identification:_identify(inspection_bot_bringup) by extensions ['colcon_meta']
[0.958s] Level 1:colcon.colcon_core.package_identification:_identify(inspection_bot_bringup) by extension 'colcon_meta'
[0.959s] Level 1:colcon.colcon_core.package_identification:_identify(inspection_bot_bringup) by extensions ['ros']
[0.961s] Level 1:colcon.colcon_core.package_identification:_identify(inspection_bot_bringup) by extension 'ros'
[0.985s] DEBUG:colcon.colcon_core.package_identification:Package 'inspection_bot_bringup' with type 'ros.ament_cmake' and name 'inspection_bot_bringup'
[0.991s] Level 1:colcon.colcon_core.package_identification:_identify(inspection_bot_dashboard) by extensions ['ignore', 'ignore_ament_install']
[0.992s] Level 1:colcon.colcon_core.package_identification:_identify(inspection_bot_dashboard) by extension 'ignore'
[0.995s] Level 1:colcon.colcon_core.package_identification:_identify(inspection_bot_dashboard) by extension 'ignore_ament_install'
[0.997s] Level 1:colcon.colcon_core.package_identification:_identify(inspection_bot_dashboard) by extensions ['colcon_pkg']
[0.997s] Level 1:colcon.colcon_core.package_identification:_identify(inspection_bot_dashboard) by extension 'colcon_pkg'
[1.000s] Level 1:colcon.colcon_core.package_identification:_identify(inspection_bot_dashboard) by extensions ['colcon_meta']
[1.001s] Level 1:colcon.colcon_core.package_identification:_identify(inspection_bot_dashboard) by extension 'colcon_meta'
[1.003s] Level 1:colcon.colcon_core.package_identification:_identify(inspection_bot_dashboard) by extensions ['ros']
[1.004s] Level 1:colcon.colcon_core.package_identification:_identify(inspection_bot_dashboard) by extension 'ros'
[1.008s] Level 1:colcon.colcon_core.package_identification:_identify(inspection_bot_dashboard) by extensions ['cmake', 'python']
[1.009s] Level 1:colcon.colcon_core.package_identification:_identify(inspection_bot_dashboard) by extension 'cmake'
[1.015s] Level 1:colcon.colcon_core.package_identification:_identify(inspection_bot_dashboard) by extension 'python'
[1.018s] Level 1:colcon.colcon_core.package_identification:_identify(inspection_bot_dashboard) by extensions ['python_setup_py']
[1.020s] Level 1:colcon.colcon_core.package_identification:_identify(inspection_bot_dashboard) by extension 'python_setup_py'
[1.026s] Level 1:colcon.colcon_core.package_identification:_identify(inspection_bot_dashboard/reports) by extensions ['ignore', 'ignore_ament_install']
[1.027s] Level 1:colcon.colcon_core.package_identification:_identify(inspection_bot_dashboard/reports) by extension 'ignore'
[1.031s] Level 1:colcon.colcon_core.package_identification:_identify(inspection_bot_dashboard/reports) by extension 'ignore_ament_install'
[1.034s] Level 1:colcon.colcon_core.package_identification:_identify(inspection_bot_dashboard/reports) by extensions ['colcon_pkg']
[1.035s] Level 1:colcon.colcon_core.package_identification:_identify(inspection_bot_dashboard/reports) by extension 'colcon_pkg'
[1.037s] Level 1:colcon.colcon_core.package_identification:_identify(inspection_bot_dashboard/reports) by extensions ['colcon_meta']
[1.038s] Level 1:colcon.colcon_core.package_identification:_identify(inspection_bot_dashboard/reports) by extension 'colcon_meta'
[1.039s] Level 1:colcon.colcon_core.package_identification:_identify(inspection_bot_dashboard/reports) by extensions ['ros']
[1.039s] Level 1:colcon.colcon_core.package_identification:_identify(inspection_bot_dashboard/reports) by extension 'ros'
[1.042s] Level 1:colcon.colcon_core.package_identification:_identify(inspection_bot_dashboard/reports) by extensions ['cmake', 'python']
[1.043s] Level 1:colcon.colcon_core.package_identification:_identify(inspection_bot_dashboard/reports) by extension 'cmake'
[1.044s] Level 1:colcon.colcon_core.package_identification:_identify(inspection_bot_dashboard/reports) by extension 'python'
[1.045s] Level 1:colcon.colcon_core.package_identification:_identify(inspection_bot_dashboard/reports) by extensions ['python_setup_py']
[1.046s] Level 1:colcon.colcon_core.package_identification:_identify(inspection_bot_dashboard/reports) by extension 'python_setup_py'
[1.049s] Level 1:colcon.colcon_core.package_identification:_identify(inspection_bot_dashboard/static) by extensions ['ignore', 'ignore_ament_install']
[1.049s] Level 1:colcon.colcon_core.package_identification:_identify(inspection_bot_dashboard/static) by extension 'ignore'
[1.051s] Level 1:colcon.colcon_core.package_identification:_identify(inspection_bot_dashboard/static) by extension 'ignore_ament_install'
[1.053s] Level 1:colcon.colcon_core.package_identification:_identify(inspection_bot_dashboard/static) by extensions ['colcon_pkg']
[1.054s] Level 1:colcon.colcon_core.package_identification:_identify(inspection_bot_dashboard/static) by extension 'colcon_pkg'
[1.056s] Level 1:colcon.colcon_core.package_identification:_identify(inspection_bot_dashboard/static) by extensions ['colcon_meta']
[1.057s] Level 1:colcon.colcon_core.package_identification:_identify(inspection_bot_dashboard/static) by extension 'colcon_meta'
[1.058s] Level 1:colcon.colcon_core.package_identification:_identify(inspection_bot_dashboard/static) by extensions ['ros']
[1.059s] Level 1:colcon.colcon_core.package_identification:_identify(inspection_bot_dashboard/static) by extension 'ros'
[1.062s] Level 1:colcon.colcon_core.package_identification:_identify(inspection_bot_dashboard/static) by extensions ['cmake', 'python']
[1.063s] Level 1:colcon.colcon_core.package_identification:_identify(inspection_bot_dashboard/static) by extension 'cmake'
[1.064s] Level 1:colcon.colcon_core.package_identification:_identify(inspection_bot_dashboard/static) by extension 'python'
[1.066s] Level 1:colcon.colcon_core.package_identification:_identify(inspection_bot_dashboard/static) by extensions ['python_setup_py']
[1.067s] Level 1:colcon.colcon_core.package_identification:_identify(inspection_bot_dashboard/static) by extension 'python_setup_py'
[1.071s] Level 1:colcon.colcon_core.package_identification:_identify(inspection_bot_dashboard/templates) by extensions ['ignore', 'ignore_ament_install']
[1.071s] Level 1:colcon.colcon_core.package_identification:_identify(inspection_bot_dashboard/templates) by extension 'ignore'
[1.072s] Level 1:colcon.colcon_core.package_identification:_identify(inspection_bot_dashboard/templates) by extension 'ignore_ament_install'
[1.073s] Level 1:colcon.colcon_core.package_identification:_identify(inspection_bot_dashboard/templates) by extensions ['colcon_pkg']
[1.074s] Level 1:colcon.colcon_core.package_identification:_identify(inspection_bot_dashboard/templates) by extension 'colcon_pkg'
[1.075s] Level 1:colcon.colcon_core.package_identification:_identify(inspection_bot_dashboard/templates) by extensions ['colcon_meta']
[1.076s] Level 1:colcon.colcon_core.package_identification:_identify(inspection_bot_dashboard/templates) by extension 'colcon_meta'
[1.077s] Level 1:colcon.colcon_core.package_identification:_identify(inspection_bot_dashboard/templates) by extensions ['ros']
[1.077s] Level 1:colcon.colcon_core.package_identification:_identify(inspection_bot_dashboard/templates) by extension 'ros'
[1.079s] Level 1:colcon.colcon_core.package_identification:_identify(inspection_bot_dashboard/templates) by extensions ['cmake', 'python']
[1.079s] Level 1:colcon.colcon_core.package_identification:_identify(inspection_bot_dashboard/templates) by extension 'cmake'
[1.080s] Level 1:colcon.colcon_core.package_identification:_identify(inspection_bot_dashboard/templates) by extension 'python'
[1.080s] Level 1:colcon.colcon_core.package_identification:_identify(inspection_bot_dashboard/templates) by extensions ['python_setup_py']
[1.080s] Level 1:colcon.colcon_core.package_identification:_identify(inspection_bot_dashboard/templates) by extension 'python_setup_py'
[1.082s] Level 1:colcon.colcon_core.package_identification:_identify(inspection_bot_description) by extensions ['ignore', 'ignore_ament_install']
[1.082s] Level 1:colcon.colcon_core.package_identification:_identify(inspection_bot_description) by extension 'ignore'
[1.083s] Level 1:colcon.colcon_core.package_identification:_identify(inspection_bot_description) by extension 'ignore_ament_install'
[1.085s] Level 1:colcon.colcon_core.package_identification:_identify(inspection_bot_description) by extensions ['colcon_pkg']
[1.085s] Level 1:colcon.colcon_core.package_identification:_identify(inspection_bot_description) by extension 'colcon_pkg'
[1.086s] Level 1:colcon.colcon_core.package_identification:_identify(inspection_bot_description) by extensions ['colcon_meta']
[1.086s] Level 1:colcon.colcon_core.package_identification:_identify(inspection_bot_description) by extension 'colcon_meta'
[1.086s] Level 1:colcon.colcon_core.package_identification:_identify(inspection_bot_description) by extensions ['ros']
[1.087s] Level 1:colcon.colcon_core.package_identification:_identify(inspection_bot_description) by extension 'ros'
[1.092s] DEBUG:colcon.colcon_core.package_identification:Package 'inspection_bot_description' with type 'ros.ament_cmake' and name 'inspection_bot_description'
[1.095s] Level 1:colcon.colcon_core.package_identification:_identify(inspection_bot_msgs) by extensions ['ignore', 'ignore_ament_install']
[1.096s] Level 1:colcon.colcon_core.package_identification:_identify(inspection_bot_msgs) by extension 'ignore'
[1.096s] Level 1:colcon.colcon_core.package_identification:_identify(inspection_bot_msgs) by extension 'ignore_ament_install'
[1.098s] Level 1:colcon.colcon_core.package_identification:_identify(inspection_bot_msgs) by extensions ['colcon_pkg']
[1.098s] Level 1:colcon.colcon_core.package_identification:_identify(inspection_bot_msgs) by extension 'colcon_pkg'
[1.100s] Level 1:colcon.colcon_core.package_identification:_identify(inspection_bot_msgs) by extensions ['colcon_meta']
[1.100s] Level 1:colcon.colcon_core.package_identification:_identify(inspection_bot_msgs) by extension 'colcon_meta'
[1.100s] Level 1:colcon.colcon_core.package_identification:_identify(inspection_bot_msgs) by extensions ['ros']
[1.101s] Level 1:colcon.colcon_core.package_identification:_identify(inspection_bot_msgs) by extension 'ros'
[1.106s] DEBUG:colcon.colcon_core.package_identification:Package 'inspection_bot_msgs' with type 'ros.ament_cmake' and name 'inspection_bot_msgs'
[1.109s] Level 1:colcon.colcon_core.package_identification:_identify(inspection_bot_nav) by extensions ['ignore', 'ignore_ament_install']
[1.110s] Level 1:colcon.colcon_core.package_identification:_identify(inspection_bot_nav) by extension 'ignore'
[1.111s] Level 1:colcon.colcon_core.package_identification:_identify(inspection_bot_nav) by extension 'ignore_ament_install'
[1.111s] Level 1:colcon.colcon_core.package_identification:_identify(inspection_bot_nav) by extensions ['colcon_pkg']
[1.112s] Level 1:colcon.colcon_core.package_identification:_identify(inspection_bot_nav) by extension 'colcon_pkg'
[1.112s] Level 1:colcon.colcon_core.package_identification:_identify(inspection_bot_nav) by extensions ['colcon_meta']
[1.112s] Level 1:colcon.colcon_core.package_identification:_identify(inspection_bot_nav) by extension 'colcon_meta'
[1.113s] Level 1:colcon.colcon_core.package_identification:_identify(inspection_bot_nav) by extensions ['ros']
[1.113s] Level 1:colcon.colcon_core.package_identification:_identify(inspection_bot_nav) by extension 'ros'
[1.120s] DEBUG:colcon.colcon_core.package_identification:Package 'inspection_bot_nav' with type 'ros.ament_python' and name 'inspection_bot_nav'
[1.133s] Level 1:colcon.colcon_core.package_identification:_identify(inspection_bot_vision) by extensions ['ignore', 'ignore_ament_install']
[1.135s] Level 1:colcon.colcon_core.package_identification:_identify(inspection_bot_vision) by extension 'ignore'
[1.137s] Level 1:colcon.colcon_core.package_identification:_identify(inspection_bot_vision) by extension 'ignore_ament_install'
[1.143s] Level 1:colcon.colcon_core.package_identification:_identify(inspection_bot_vision) by extensions ['colcon_pkg']
[1.145s] Level 1:colcon.colcon_core.package_identification:_identify(inspection_bot_vision) by extension 'colcon_pkg'
[1.146s] Level 1:colcon.colcon_core.package_identification:_identify(inspection_bot_vision) by extensions ['colcon_meta']
[1.147s] Level 1:colcon.colcon_core.package_identification:_identify(inspection_bot_vision) by extension 'colcon_meta'
[1.147s] Level 1:colcon.colcon_core.package_identification:_identify(inspection_bot_vision) by extensions ['ros']
[1.148s] Level 1:colcon.colcon_core.package_identification:_identify(inspection_bot_vision) by extension 'ros'
[1.155s] DEBUG:colcon.colcon_core.package_identification:Package 'inspection_bot_vision' with type 'ros.ament_python' and name 'inspection_bot_vision'
[1.157s] Level 1:colcon.colcon_core.package_identification:_identify(install) by extensions ['ignore', 'ignore_ament_install']
[1.159s] Level 1:colcon.colcon_core.package_identification:_identify(install) by extension 'ignore'
[1.161s] Level 1:colcon.colcon_core.package_identification:_identify(install) ignored
[1.164s] Level 1:colcon.colcon_core.package_identification:_identify(log) by extensions ['ignore', 'ignore_ament_install']
[1.164s] Level 1:colcon.colcon_core.package_identification:_identify(log) by extension 'ignore'
[1.165s] Level 1:colcon.colcon_core.package_identification:_identify(log) ignored
[1.166s] Level 1:colcon.colcon_core.package_discovery:discover_packages(recursive) using defaults
[1.167s] Level 1:colcon.colcon_core.package_discovery:discover_packages(ignore) discover
[1.168s] Level 1:colcon.colcon_core.package_discovery:discover_packages(ignore) using defaults
[1.170s] Level 1:colcon.colcon_core.package_discovery:discover_packages(path) discover
[1.171s] Level 1:colcon.colcon_core.package_discovery:discover_packages(path) using defaults
[1.240s] INFO:colcon.colcon_core.package_selection:Skipping not selected package 'inspection_bot_description' in 'inspection_bot_description'
[1.240s] INFO:colcon.colcon_core.package_selection:Skipping not selected package 'inspection_bot_nav' in 'inspection_bot_nav'
[1.241s] INFO:colcon.colcon_core.package_selection:Skipping not selected package 'inspection_bot_vision' in 'inspection_bot_vision'
[1.241s] INFO:colcon.colcon_core.package_selection:Skipping not selected package 'inspection_bot_bringup' in 'inspection_bot_bringup'
[1.243s] Level 1:colcon.colcon_core.package_discovery:discover_packages(prefix_path) check parameters
[1.244s] Level 1:colcon.colcon_core.package_discovery:discover_packages(prefix_path) discover
[1.254s] DEBUG:colcon.colcon_installed_package_information.package_discovery:Found 256 installed packages in /opt/ros/foxy
[1.257s] Level 1:colcon.colcon_core.package_discovery:discover_packages(prefix_path) using defaults
[1.438s] Level 5:colcon.colcon_core.verb:set package 'inspection_bot_msgs' build argument 'cmake_args' from command line to 'None'
[1.445s] Level 5:colcon.colcon_core.verb:set package 'inspection_bot_msgs' build argument 'cmake_target' from command line to 'None'
[1.448s] Level 5:colcon.colcon_core.verb:set package 'inspection_bot_msgs' build argument 'cmake_target_skip_unavailable' from command line to 'False'
[1.450s] Level 5:colcon.colcon_core.verb:set package 'inspection_bot_msgs' build argument 'cmake_clean_cache' from command line to 'False'
[1.453s] Level 5:colcon.colcon_core.verb:set package 'inspection_bot_msgs' build argument 'cmake_clean_first' from command line to 'False'
[1.456s] Level 5:colcon.colcon_core.verb:set package 'inspection_bot_msgs' build argument 'cmake_force_configure' from command line to 'False'
[1.456s] Level 5:colcon.colcon_core.verb:set package 'inspection_bot_msgs' build argument 'ament_cmake_args' from command line to 'None'
[1.457s] Level 5:colcon.colcon_core.verb:set package 'inspection_bot_msgs' build argument 'catkin_cmake_args' from command line to 'None'
[1.457s] Level 5:colcon.colcon_core.verb:set package 'inspection_bot_msgs' build argument 'catkin_skip_building_tests' from command line to 'False'
[1.458s] DEBUG:colcon.colcon_core.verb:Building package 'inspection_bot_msgs' with the following arguments: {'ament_cmake_args': None, 'build_base': '/media/sf_inspection_bot_ws/src/build/inspection_bot_msgs', 'catkin_cmake_args': None, 'catkin_skip_building_tests': False, 'cmake_args': None, 'cmake_clean_cache': False, 'cmake_clean_first': False, 'cmake_force_configure': False, 'cmake_target': None, 'cmake_target_skip_unavailable': False, 'install_base': '/media/sf_inspection_bot_ws/src/install/inspection_bot_msgs', 'merge_install': False, 'path': '/media/sf_inspection_bot_ws/src/inspection_bot_msgs', 'symlink_install': False, 'test_result_base': None}
[1.459s] INFO:colcon.colcon_core.executor:Executing jobs using 'parallel' executor
[1.464s] DEBUG:colcon.colcon_parallel_executor.executor.parallel:run_until_complete
[1.466s] INFO:colcon.colcon_ros.task.ament_cmake.build:Building ROS package in '/media/sf_inspection_bot_ws/src/inspection_bot_msgs' with build type 'ament_cmake'
[1.468s] INFO:colcon.colcon_cmake.task.cmake.build:Building CMake package in '/media/sf_inspection_bot_ws/src/inspection_bot_msgs'
[1.491s] INFO:colcon.colcon_core.plugin_system:Skipping extension 'colcon_core.shell.bat': Not used on non-Windows systems
[1.493s] INFO:colcon.colcon_core.shell:Skip shell extension 'powershell' for command environment: Not usable outside of PowerShell
[1.494s] DEBUG:colcon.colcon_core.shell:Skip shell extension 'dsv' for command environment
[1.656s] DEBUG:colcon.colcon_core.event_handler.log_command:Invoking command in '/media/sf_inspection_bot_ws/src/build/inspection_bot_msgs': CMAKE_PREFIX_PATH=/opt/ros/foxy /usr/bin/cmake /media/sf_inspection_bot_ws/src/inspection_bot_msgs -DCMAKE_INSTALL_PREFIX=/media/sf_inspection_bot_ws/src/install/inspection_bot_msgs
[20.291s] DEBUG:colcon.colcon_core.event_handler.log_command:Invoked command in '/media/sf_inspection_bot_ws/src/build/inspection_bot_msgs' returned '0': CMAKE_PREFIX_PATH=/opt/ros/foxy /usr/bin/cmake /media/sf_inspection_bot_ws/src/inspection_bot_msgs -DCMAKE_INSTALL_PREFIX=/media/sf_inspection_bot_ws/src/install/inspection_bot_msgs
[20.305s] DEBUG:colcon.colcon_core.event_handler.log_command:Invoking command in '/media/sf_inspection_bot_ws/src/build/inspection_bot_msgs': CMAKE_PREFIX_PATH=/opt/ros/foxy /usr/bin/cmake --build /media/sf_inspection_bot_ws/src/build/inspection_bot_msgs -- -j3 -l3
[32.719s] DEBUG:colcon.colcon_core.event_handler.log_command:Invoked command in '/media/sf_inspection_bot_ws/src/build/inspection_bot_msgs' returned '0': CMAKE_PREFIX_PATH=/opt/ros/foxy /usr/bin/cmake --build /media/sf_inspection_bot_ws/src/build/inspection_bot_msgs -- -j3 -l3
[32.768s] DEBUG:colcon.colcon_core.event_handler.log_command:Invoking command in '/media/sf_inspection_bot_ws/src/build/inspection_bot_msgs': CMAKE_PREFIX_PATH=/opt/ros/foxy /usr/bin/cmake --install /media/sf_inspection_bot_ws/src/build/inspection_bot_msgs
[35.133s] Level 1:colcon.colcon_core.environment:create_environment_scripts_only(inspection_bot_msgs)
[35.147s] DEBUG:colcon.colcon_core.event_handler.log_command:Invoked command in '/media/sf_inspection_bot_ws/src/build/inspection_bot_msgs' returned '0': CMAKE_PREFIX_PATH=/opt/ros/foxy /usr/bin/cmake --install /media/sf_inspection_bot_ws/src/build/inspection_bot_msgs
[35.150s] Level 1:colcon.colcon_core.environment:checking '/media/sf_inspection_bot_ws/src/install/inspection_bot_msgs' for CMake module files
[35.186s] Level 1:colcon.colcon_core.environment:checking '/media/sf_inspection_bot_ws/src/install/inspection_bot_msgs' for CMake config files
[35.236s] Level 1:colcon.colcon_core.shell:create_environment_hook('inspection_bot_msgs', 'cmake_prefix_path')
[35.238s] INFO:colcon.colcon_core.shell:Creating environment hook '/media/sf_inspection_bot_ws/src/install/inspection_bot_msgs/share/inspection_bot_msgs/hook/cmake_prefix_path.ps1'
[35.359s] INFO:colcon.colcon_core.shell:Creating environment descriptor '/media/sf_inspection_bot_ws/src/install/inspection_bot_msgs/share/inspection_bot_msgs/hook/cmake_prefix_path.dsv'
[35.367s] INFO:colcon.colcon_core.shell:Creating environment hook '/media/sf_inspection_bot_ws/src/install/inspection_bot_msgs/share/inspection_bot_msgs/hook/cmake_prefix_path.sh'
[35.382s] Level 1:colcon.colcon_core.environment:checking '/media/sf_inspection_bot_ws/src/install/inspection_bot_msgs/lib'
[35.385s] Level 1:colcon.colcon_core.shell:create_environment_hook('inspection_bot_msgs', 'ld_library_path_lib')
[35.387s] INFO:colcon.colcon_core.shell:Creating environment hook '/media/sf_inspection_bot_ws/src/install/inspection_bot_msgs/share/inspection_bot_msgs/hook/ld_library_path_lib.ps1'
[35.420s] INFO:colcon.colcon_core.shell:Creating environment descriptor '/media/sf_inspection_bot_ws/src/install/inspection_bot_msgs/share/inspection_bot_msgs/hook/ld_library_path_lib.dsv'
[35.427s] INFO:colcon.colcon_core.shell:Creating environment hook '/media/sf_inspection_bot_ws/src/install/inspection_bot_msgs/share/inspection_bot_msgs/hook/ld_library_path_lib.sh'
[35.433s] Level 1:colcon.colcon_core.environment:checking '/media/sf_inspection_bot_ws/src/install/inspection_bot_msgs/bin'
[35.434s] Level 1:colcon.colcon_core.environment:checking '/media/sf_inspection_bot_ws/src/install/inspection_bot_msgs/lib/pkgconfig/inspection_bot_msgs.pc'
[35.437s] Level 1:colcon.colcon_core.environment:checking '/media/sf_inspection_bot_ws/src/install/inspection_bot_msgs/lib/python3.8/site-packages'
[35.440s] Level 1:colcon.colcon_core.shell:create_environment_hook('inspection_bot_msgs', 'pythonpath')
[35.441s] INFO:colcon.colcon_core.shell:Creating environment hook '/media/sf_inspection_bot_ws/src/install/inspection_bot_msgs/share/inspection_bot_msgs/hook/pythonpath.ps1'
[35.444s] INFO:colcon.colcon_core.shell:Creating environment descriptor '/media/sf_inspection_bot_ws/src/install/inspection_bot_msgs/share/inspection_bot_msgs/hook/pythonpath.dsv'
[35.478s] INFO:colcon.colcon_core.shell:Creating environment hook '/media/sf_inspection_bot_ws/src/install/inspection_bot_msgs/share/inspection_bot_msgs/hook/pythonpath.sh'
[35.492s] Level 1:colcon.colcon_core.environment:checking '/media/sf_inspection_bot_ws/src/install/inspection_bot_msgs/bin'
[35.496s] INFO:colcon.colcon_core.shell:Creating package script '/media/sf_inspection_bot_ws/src/install/inspection_bot_msgs/share/inspection_bot_msgs/package.ps1'
[35.524s] INFO:colcon.colcon_core.shell:Creating package descriptor '/media/sf_inspection_bot_ws/src/install/inspection_bot_msgs/share/inspection_bot_msgs/package.dsv'
[35.531s] INFO:colcon.colcon_core.shell:Creating package script '/media/sf_inspection_bot_ws/src/install/inspection_bot_msgs/share/inspection_bot_msgs/package.sh'
[35.539s] INFO:colcon.colcon_core.shell:Creating package script '/media/sf_inspection_bot_ws/src/install/inspection_bot_msgs/share/inspection_bot_msgs/package.bash'
[35.543s] INFO:colcon.colcon_core.shell:Creating package script '/media/sf_inspection_bot_ws/src/install/inspection_bot_msgs/share/inspection_bot_msgs/package.zsh'
[35.549s] Level 1:colcon.colcon_core.environment:create_file_with_runtime_dependencies(/media/sf_inspection_bot_ws/src/install/inspection_bot_msgs/share/colcon-core/packages/inspection_bot_msgs)
[35.564s] Level 1:colcon.colcon_core.environment:create_environment_scripts_only(inspection_bot_msgs)
[35.565s] Level 1:colcon.colcon_core.environment:checking '/media/sf_inspection_bot_ws/src/install/inspection_bot_msgs' for CMake module files
[35.595s] Level 1:colcon.colcon_core.environment:checking '/media/sf_inspection_bot_ws/src/install/inspection_bot_msgs' for CMake config files
[35.643s] Level 1:colcon.colcon_core.shell:create_environment_hook('inspection_bot_msgs', 'cmake_prefix_path')
[35.644s] INFO:colcon.colcon_core.shell:Creating environment hook '/media/sf_inspection_bot_ws/src/install/inspection_bot_msgs/share/inspection_bot_msgs/hook/cmake_prefix_path.ps1'
[35.671s] INFO:colcon.colcon_core.shell:Creating environment descriptor '/media/sf_inspection_bot_ws/src/install/inspection_bot_msgs/share/inspection_bot_msgs/hook/cmake_prefix_path.dsv'
[35.676s] INFO:colcon.colcon_core.shell:Creating environment hook '/media/sf_inspection_bot_ws/src/install/inspection_bot_msgs/share/inspection_bot_msgs/hook/cmake_prefix_path.sh'
[35.685s] Level 1:colcon.colcon_core.environment:checking '/media/sf_inspection_bot_ws/src/install/inspection_bot_msgs/lib'
[35.688s] Level 1:colcon.colcon_core.shell:create_environment_hook('inspection_bot_msgs', 'ld_library_path_lib')
[35.689s] INFO:colcon.colcon_core.shell:Creating environment hook '/media/sf_inspection_bot_ws/src/install/inspection_bot_msgs/share/inspection_bot_msgs/hook/ld_library_path_lib.ps1'
[35.720s] INFO:colcon.colcon_core.shell:Creating environment descriptor '/media/sf_inspection_bot_ws/src/install/inspection_bot_msgs/share/inspection_bot_msgs/hook/ld_library_path_lib.dsv'
[35.727s] INFO:colcon.colcon_core.shell:Creating environment hook '/media/sf_inspection_bot_ws/src/install/inspection_bot_msgs/share/inspection_bot_msgs/hook/ld_library_path_lib.sh'
[35.733s] Level 1:colcon.colcon_core.environment:checking '/media/sf_inspection_bot_ws/src/install/inspection_bot_msgs/bin'
[35.735s] Level 1:colcon.colcon_core.environment:checking '/media/sf_inspection_bot_ws/src/install/inspection_bot_msgs/lib/pkgconfig/inspection_bot_msgs.pc'
[35.736s] Level 1:colcon.colcon_core.environment:checking '/media/sf_inspection_bot_ws/src/install/inspection_bot_msgs/lib/python3.8/site-packages'
[35.737s] Level 1:colcon.colcon_core.shell:create_environment_hook('inspection_bot_msgs', 'pythonpath')
[35.739s] INFO:colcon.colcon_core.shell:Creating environment hook '/media/sf_inspection_bot_ws/src/install/inspection_bot_msgs/share/inspection_bot_msgs/hook/pythonpath.ps1'
[35.768s] INFO:colcon.colcon_core.shell:Creating environment descriptor '/media/sf_inspection_bot_ws/src/install/inspection_bot_msgs/share/inspection_bot_msgs/hook/pythonpath.dsv'
[35.776s] INFO:colcon.colcon_core.shell:Creating environment hook '/media/sf_inspection_bot_ws/src/install/inspection_bot_msgs/share/inspection_bot_msgs/hook/pythonpath.sh'
[35.783s] Level 1:colcon.colcon_core.environment:checking '/media/sf_inspection_bot_ws/src/install/inspection_bot_msgs/bin'
[35.786s] INFO:colcon.colcon_core.shell:Creating package script '/media/sf_inspection_bot_ws/src/install/inspection_bot_msgs/share/inspection_bot_msgs/package.ps1'
[35.838s] INFO:colcon.colcon_core.shell:Creating package descriptor '/media/sf_inspection_bot_ws/src/install/inspection_bot_msgs/share/inspection_bot_msgs/package.dsv'
[35.847s] INFO:colcon.colcon_core.shell:Creating package script '/media/sf_inspection_bot_ws/src/install/inspection_bot_msgs/share/inspection_bot_msgs/package.sh'
[35.853s] INFO:colcon.colcon_core.shell:Creating package script '/media/sf_inspection_bot_ws/src/install/inspection_bot_msgs/share/inspection_bot_msgs/package.bash'
[35.859s] INFO:colcon.colcon_core.shell:Creating package script '/media/sf_inspection_bot_ws/src/install/inspection_bot_msgs/share/inspection_bot_msgs/package.zsh'
[35.865s] Level 1:colcon.colcon_core.environment:create_file_with_runtime_dependencies(/media/sf_inspection_bot_ws/src/install/inspection_bot_msgs/share/colcon-core/packages/inspection_bot_msgs)
[35.871s] DEBUG:colcon.colcon_parallel_executor.executor.parallel:closing loop
[35.872s] DEBUG:colcon.colcon_parallel_executor.executor.parallel:loop closed
[35.874s] DEBUG:colcon.colcon_parallel_executor.executor.parallel:run_until_complete finished with '0'
[35.875s] DEBUG:colcon.colcon_core.event_reactor:joining thread
[35.953s] INFO:colcon.colcon_core.plugin_system:Skipping extension 'colcon_notification.desktop_notification.terminal_notifier': Not used on non-Darwin systems
[35.955s] INFO:colcon.colcon_core.plugin_system:Skipping extension 'colcon_notification.desktop_notification.win32': Not used on non-Windows systems
[35.955s] INFO:colcon.colcon_notification.desktop_notification:Sending desktop notification using 'notify2'
[36.072s] DEBUG:colcon.colcon_core.event_reactor:joined thread
[36.073s] INFO:colcon.colcon_core.shell:Creating prefix script '/media/sf_inspection_bot_ws/src/install/local_setup.ps1'
[36.096s] INFO:colcon.colcon_core.shell:Creating prefix util module '/media/sf_inspection_bot_ws/src/install/_local_setup_util_ps1.py'
[36.105s] INFO:colcon.colcon_core.shell:Creating prefix chain script '/media/sf_inspection_bot_ws/src/install/setup.ps1'
[36.123s] INFO:colcon.colcon_core.shell:Creating prefix script '/media/sf_inspection_bot_ws/src/install/local_setup.sh'
[36.131s] INFO:colcon.colcon_core.shell:Creating prefix util module '/media/sf_inspection_bot_ws/src/install/_local_setup_util_sh.py'
[36.143s] INFO:colcon.colcon_core.shell:Creating prefix chain script '/media/sf_inspection_bot_ws/src/install/setup.sh'
[36.154s] INFO:colcon.colcon_core.shell:Creating prefix script '/media/sf_inspection_bot_ws/src/install/local_setup.bash'
[36.169s] INFO:colcon.colcon_core.shell:Creating prefix chain script '/media/sf_inspection_bot_ws/src/install/setup.bash'
[36.178s] INFO:colcon.colcon_core.shell:Creating prefix script '/media/sf_inspection_bot_ws/src/install/local_setup.zsh'
[36.185s] INFO:colcon.colcon_core.shell:Creating prefix chain script '/media/sf_inspection_bot_ws/src/install/setup.zsh'
