[0.160s] Invoking command in '/media/sf_inspection_bot_ws/src/build/inspection_bot_msgs': CMAKE_PREFIX_PATH=/opt/ros/foxy /usr/bin/cmake --build /media/sf_inspection_bot_ws/src/build/inspection_bot_msgs -- -j3 -l3
[1.024s] [  3%] Built target inspection_bot_msgs__cpp
[1.063s] [ 12%] Built target inspection_bot_msgs__rosidl_generator_c
[1.252s] [ 22%] Built target inspection_bot_msgs__rosidl_typesupport_cpp
[1.350s] [ 32%] Built target inspection_bot_msgs__rosidl_typesupport_introspection_cpp
[1.378s] [ 41%] Built target inspection_bot_msgs__rosidl_typesupport_fastrtps_cpp
[1.654s] [ 58%] Built target inspection_bot_msgs__rosidl_typesupport_fastrtps_c
[1.657s] [ 61%] Built target inspection_bot_msgs__rosidl_typesupport_introspection_c
[1.665s] [ 70%] Built target inspection_bot_msgs__rosidl_typesupport_c
[1.789s] [ 70%] Built target inspection_bot_msgs
[1.902s] [ 74%] Built target inspection_bot_msgs__py
[2.143s] [ 80%] Built target inspection_bot_msgs__python
[2.513s] [ 90%] Built target inspection_bot_msgs__rosidl_typesupport_c__pyext
[2.527s] [ 93%] Built target inspection_bot_msgs__rosidl_typesupport_fastrtps_c__pyext
[2.536s] [100%] Built target inspection_bot_msgs__rosidl_typesupport_introspection_c__pyext
[2.621s] Invoked command in '/media/sf_inspection_bot_ws/src/build/inspection_bot_msgs' returned '0': CMAKE_PREFIX_PATH=/opt/ros/foxy /usr/bin/cmake --build /media/sf_inspection_bot_ws/src/build/inspection_bot_msgs -- -j3 -l3
[2.689s] Invoking command in '/media/sf_inspection_bot_ws/src/build/inspection_bot_msgs': CMAKE_PREFIX_PATH=/opt/ros/foxy /usr/bin/cmake --install /media/sf_inspection_bot_ws/src/build/inspection_bot_msgs
[2.708s] -- Install configuration: ""
[2.714s] -- Up-to-date: /media/sf_inspection_bot_ws/src/install/inspection_bot_msgs/share/ament_index/resource_index/rosidl_interfaces/inspection_bot_msgs
[2.719s] -- Up-to-date: /media/sf_inspection_bot_ws/src/install/inspection_bot_msgs/include/inspection_bot_msgs
[2.725s] -- Up-to-date: /media/sf_inspection_bot_ws/src/install/inspection_bot_msgs/include/inspection_bot_msgs/msg
[2.735s] -- Up-to-date: /media/sf_inspection_bot_ws/src/install/inspection_bot_msgs/include/inspection_bot_msgs/msg/anomaly_event.h
[2.737s] -- Up-to-date: /media/sf_inspection_bot_ws/src/install/inspection_bot_msgs/include/inspection_bot_msgs/msg/detail
[2.744s] -- Up-to-date: /media/sf_inspection_bot_ws/src/install/inspection_bot_msgs/include/inspection_bot_msgs/msg/detail/anomaly_event__functions.c
[2.746s] -- Up-to-date: /media/sf_inspection_bot_ws/src/install/inspection_bot_msgs/include/inspection_bot_msgs/msg/detail/anomaly_event__functions.h
[2.749s] -- Up-to-date: /media/sf_inspection_bot_ws/src/install/inspection_bot_msgs/include/inspection_bot_msgs/msg/detail/anomaly_event__struct.h
[2.751s] -- Up-to-date: /media/sf_inspection_bot_ws/src/install/inspection_bot_msgs/include/inspection_bot_msgs/msg/detail/anomaly_event__type_support.h
[2.758s] -- Up-to-date: /media/sf_inspection_bot_ws/src/install/inspection_bot_msgs/include/inspection_bot_msgs/msg/rosidl_generator_c__visibility_control.h
[2.762s] -- Up-to-date: /media/sf_inspection_bot_ws/src/install/inspection_bot_msgs/share/inspection_bot_msgs/environment/library_path.sh
[2.765s] -- Up-to-date: /media/sf_inspection_bot_ws/src/install/inspection_bot_msgs/share/inspection_bot_msgs/environment/library_path.dsv
[2.803s] -- Up-to-date: /media/sf_inspection_bot_ws/src/install/inspection_bot_msgs/lib/libinspection_bot_msgs__rosidl_generator_c.so
[2.847s] -- Up-to-date: /media/sf_inspection_bot_ws/src/install/inspection_bot_msgs/include/inspection_bot_msgs
[2.850s] -- Up-to-date: /media/sf_inspection_bot_ws/src/install/inspection_bot_msgs/include/inspection_bot_msgs/msg
[2.853s] -- Up-to-date: /media/sf_inspection_bot_ws/src/install/inspection_bot_msgs/include/inspection_bot_msgs/msg/detail
[2.858s] -- Up-to-date: /media/sf_inspection_bot_ws/src/install/inspection_bot_msgs/include/inspection_bot_msgs/msg/detail/anomaly_event__rosidl_typesupport_fastrtps_c.h
[2.861s] -- Up-to-date: /media/sf_inspection_bot_ws/src/install/inspection_bot_msgs/include/inspection_bot_msgs/msg/rosidl_typesupport_fastrtps_c__visibility_control.h
[2.902s] -- Up-to-date: /media/sf_inspection_bot_ws/src/install/inspection_bot_msgs/lib/libinspection_bot_msgs__rosidl_typesupport_fastrtps_c.so
[2.936s] -- Up-to-date: /media/sf_inspection_bot_ws/src/install/inspection_bot_msgs/include/inspection_bot_msgs
[2.941s] -- Up-to-date: /media/sf_inspection_bot_ws/src/install/inspection_bot_msgs/include/inspection_bot_msgs/msg
[2.944s] -- Up-to-date: /media/sf_inspection_bot_ws/src/install/inspection_bot_msgs/include/inspection_bot_msgs/msg/detail
[2.947s] -- Up-to-date: /media/sf_inspection_bot_ws/src/install/inspection_bot_msgs/include/inspection_bot_msgs/msg/detail/anomaly_event__rosidl_typesupport_fastrtps_cpp.hpp
[2.948s] -- Up-to-date: /media/sf_inspection_bot_ws/src/install/inspection_bot_msgs/include/inspection_bot_msgs/msg/detail/dds_fastrtps
[2.951s] -- Up-to-date: /media/sf_inspection_bot_ws/src/install/inspection_bot_msgs/include/inspection_bot_msgs/msg/rosidl_typesupport_fastrtps_cpp__visibility_control.h
[2.971s] -- Up-to-date: /media/sf_inspection_bot_ws/src/install/inspection_bot_msgs/lib/libinspection_bot_msgs__rosidl_typesupport_fastrtps_cpp.so
[3.021s] -- Up-to-date: /media/sf_inspection_bot_ws/src/install/inspection_bot_msgs/include/inspection_bot_msgs
[3.023s] -- Up-to-date: /media/sf_inspection_bot_ws/src/install/inspection_bot_msgs/include/inspection_bot_msgs/msg
[3.032s] -- Up-to-date: /media/sf_inspection_bot_ws/src/install/inspection_bot_msgs/include/inspection_bot_msgs/msg/detail
[3.035s] -- Up-to-date: /media/sf_inspection_bot_ws/src/install/inspection_bot_msgs/include/inspection_bot_msgs/msg/detail/anomaly_event__rosidl_typesupport_introspection_c.h
[3.037s] -- Up-to-date: /media/sf_inspection_bot_ws/src/install/inspection_bot_msgs/include/inspection_bot_msgs/msg/detail/anomaly_event__type_support.c
[3.039s] -- Up-to-date: /media/sf_inspection_bot_ws/src/install/inspection_bot_msgs/include/inspection_bot_msgs/msg/rosidl_typesupport_introspection_c__visibility_control.h
[3.061s] -- Up-to-date: /media/sf_inspection_bot_ws/src/install/inspection_bot_msgs/lib/libinspection_bot_msgs__rosidl_typesupport_introspection_c.so
[3.118s] -- Up-to-date: /media/sf_inspection_bot_ws/src/install/inspection_bot_msgs/lib/libinspection_bot_msgs__rosidl_typesupport_c.so
[3.148s] -- Up-to-date: /media/sf_inspection_bot_ws/src/install/inspection_bot_msgs/include/inspection_bot_msgs
[3.152s] -- Up-to-date: /media/sf_inspection_bot_ws/src/install/inspection_bot_msgs/include/inspection_bot_msgs/msg
[3.158s] -- Up-to-date: /media/sf_inspection_bot_ws/src/install/inspection_bot_msgs/include/inspection_bot_msgs/msg/anomaly_event.hpp
[3.161s] -- Up-to-date: /media/sf_inspection_bot_ws/src/install/inspection_bot_msgs/include/inspection_bot_msgs/msg/detail
[3.166s] -- Up-to-date: /media/sf_inspection_bot_ws/src/install/inspection_bot_msgs/include/inspection_bot_msgs/msg/detail/anomaly_event__builder.hpp
[3.170s] -- Up-to-date: /media/sf_inspection_bot_ws/src/install/inspection_bot_msgs/include/inspection_bot_msgs/msg/detail/anomaly_event__struct.hpp
[3.173s] -- Up-to-date: /media/sf_inspection_bot_ws/src/install/inspection_bot_msgs/include/inspection_bot_msgs/msg/detail/anomaly_event__traits.hpp
[3.176s] -- Up-to-date: /media/sf_inspection_bot_ws/src/install/inspection_bot_msgs/include/inspection_bot_msgs/msg/detail/anomaly_event__type_support.hpp
[3.182s] -- Up-to-date: /media/sf_inspection_bot_ws/src/install/inspection_bot_msgs/include/inspection_bot_msgs/msg/rosidl_generator_cpp__visibility_control.hpp
[3.184s] -- Up-to-date: /media/sf_inspection_bot_ws/src/install/inspection_bot_msgs/include/inspection_bot_msgs
[3.187s] -- Up-to-date: /media/sf_inspection_bot_ws/src/install/inspection_bot_msgs/include/inspection_bot_msgs/msg
[3.190s] -- Up-to-date: /media/sf_inspection_bot_ws/src/install/inspection_bot_msgs/include/inspection_bot_msgs/msg/detail
[3.196s] -- Up-to-date: /media/sf_inspection_bot_ws/src/install/inspection_bot_msgs/include/inspection_bot_msgs/msg/detail/anomaly_event__rosidl_typesupport_introspection_cpp.hpp
[3.200s] -- Up-to-date: /media/sf_inspection_bot_ws/src/install/inspection_bot_msgs/include/inspection_bot_msgs/msg/detail/anomaly_event__type_support.cpp
[3.245s] -- Up-to-date: /media/sf_inspection_bot_ws/src/install/inspection_bot_msgs/lib/libinspection_bot_msgs__rosidl_typesupport_introspection_cpp.so
[3.314s] -- Up-to-date: /media/sf_inspection_bot_ws/src/install/inspection_bot_msgs/lib/libinspection_bot_msgs__rosidl_typesupport_cpp.so
[3.351s] -- Up-to-date: /media/sf_inspection_bot_ws/src/install/inspection_bot_msgs/share/inspection_bot_msgs/environment/pythonpath.sh
[3.354s] -- Up-to-date: /media/sf_inspection_bot_ws/src/install/inspection_bot_msgs/share/inspection_bot_msgs/environment/pythonpath.dsv
[3.360s] -- Up-to-date: /media/sf_inspection_bot_ws/src/install/inspection_bot_msgs/lib/python3.8/site-packages/inspection_bot_msgs/__init__.py
[3.437s] -- Up-to-date: /media/sf_inspection_bot_ws/src/install/inspection_bot_msgs/lib/python3.8/site-packages/inspection_bot_msgs/msg
[3.442s] -- Up-to-date: /media/sf_inspection_bot_ws/src/install/inspection_bot_msgs/lib/python3.8/site-packages/inspection_bot_msgs/msg/_anomaly_event.py
[3.445s] -- Up-to-date: /media/sf_inspection_bot_ws/src/install/inspection_bot_msgs/lib/python3.8/site-packages/inspection_bot_msgs/msg/_anomaly_event_s.c
[3.449s] -- Up-to-date: /media/sf_inspection_bot_ws/src/install/inspection_bot_msgs/lib/python3.8/site-packages/inspection_bot_msgs/msg/__init__.py
[3.476s] -- Up-to-date: /media/sf_inspection_bot_ws/src/install/inspection_bot_msgs/lib/python3.8/site-packages/inspection_bot_msgs/inspection_bot_msgs_s__rosidl_typesupport_fastrtps_c.cpython-38-x86_64-linux-gnu.so
[3.526s] -- Up-to-date: /media/sf_inspection_bot_ws/src/install/inspection_bot_msgs/lib/python3.8/site-packages/inspection_bot_msgs/inspection_bot_msgs_s__rosidl_typesupport_introspection_c.cpython-38-x86_64-linux-gnu.so
[3.604s] -- Up-to-date: /media/sf_inspection_bot_ws/src/install/inspection_bot_msgs/lib/python3.8/site-packages/inspection_bot_msgs/inspection_bot_msgs_s__rosidl_typesupport_c.cpython-38-x86_64-linux-gnu.so
[3.702s] -- Up-to-date: /media/sf_inspection_bot_ws/src/install/inspection_bot_msgs/lib/libinspection_bot_msgs__python.so
[3.763s] -- Up-to-date: /media/sf_inspection_bot_ws/src/install/inspection_bot_msgs/share/inspection_bot_msgs/msg/AnomalyEvent.idl
[3.768s] -- Up-to-date: /media/sf_inspection_bot_ws/src/install/inspection_bot_msgs/share/inspection_bot_msgs/msg/AnomalyEvent.msg
[3.776s] -- Up-to-date: /media/sf_inspection_bot_ws/src/install/inspection_bot_msgs/share/ament_index/resource_index/package_run_dependencies/inspection_bot_msgs
[3.783s] -- Up-to-date: /media/sf_inspection_bot_ws/src/install/inspection_bot_msgs/share/ament_index/resource_index/parent_prefix_path/inspection_bot_msgs
[3.786s] -- Up-to-date: /media/sf_inspection_bot_ws/src/install/inspection_bot_msgs/share/inspection_bot_msgs/environment/ament_prefix_path.sh
[3.798s] -- Up-to-date: /media/sf_inspection_bot_ws/src/install/inspection_bot_msgs/share/inspection_bot_msgs/environment/ament_prefix_path.dsv
[3.803s] -- Up-to-date: /media/sf_inspection_bot_ws/src/install/inspection_bot_msgs/share/inspection_bot_msgs/environment/path.sh
[3.808s] -- Up-to-date: /media/sf_inspection_bot_ws/src/install/inspection_bot_msgs/share/inspection_bot_msgs/environment/path.dsv
[3.811s] -- Up-to-date: /media/sf_inspection_bot_ws/src/install/inspection_bot_msgs/share/inspection_bot_msgs/local_setup.bash
[3.822s] -- Up-to-date: /media/sf_inspection_bot_ws/src/install/inspection_bot_msgs/share/inspection_bot_msgs/local_setup.sh
[3.826s] -- Up-to-date: /media/sf_inspection_bot_ws/src/install/inspection_bot_msgs/share/inspection_bot_msgs/local_setup.zsh
[3.830s] -- Up-to-date: /media/sf_inspection_bot_ws/src/install/inspection_bot_msgs/share/inspection_bot_msgs/local_setup.dsv
[3.832s] -- Installing: /media/sf_inspection_bot_ws/src/install/inspection_bot_msgs/share/inspection_bot_msgs/package.dsv
[3.856s] -- Up-to-date: /media/sf_inspection_bot_ws/src/install/inspection_bot_msgs/share/ament_index/resource_index/packages/inspection_bot_msgs
[3.904s] -- Up-to-date: /media/sf_inspection_bot_ws/src/install/inspection_bot_msgs/share/inspection_bot_msgs/cmake/inspection_bot_msgs__rosidl_generator_cExport.cmake
[3.911s] -- Up-to-date: /media/sf_inspection_bot_ws/src/install/inspection_bot_msgs/share/inspection_bot_msgs/cmake/inspection_bot_msgs__rosidl_generator_cExport-noconfig.cmake
[3.930s] -- Up-to-date: /media/sf_inspection_bot_ws/src/install/inspection_bot_msgs/share/inspection_bot_msgs/cmake/inspection_bot_msgs__rosidl_typesupport_introspection_cExport.cmake
[3.934s] -- Up-to-date: /media/sf_inspection_bot_ws/src/install/inspection_bot_msgs/share/inspection_bot_msgs/cmake/inspection_bot_msgs__rosidl_typesupport_introspection_cExport-noconfig.cmake
[3.953s] -- Up-to-date: /media/sf_inspection_bot_ws/src/install/inspection_bot_msgs/share/inspection_bot_msgs/cmake/inspection_bot_msgs__rosidl_typesupport_cExport.cmake
[3.965s] -- Up-to-date: /media/sf_inspection_bot_ws/src/install/inspection_bot_msgs/share/inspection_bot_msgs/cmake/inspection_bot_msgs__rosidl_typesupport_cExport-noconfig.cmake
[3.982s] -- Up-to-date: /media/sf_inspection_bot_ws/src/install/inspection_bot_msgs/share/inspection_bot_msgs/cmake/inspection_bot_msgs__rosidl_generator_cppExport.cmake
[4.013s] -- Up-to-date: /media/sf_inspection_bot_ws/src/install/inspection_bot_msgs/share/inspection_bot_msgs/cmake/inspection_bot_msgs__rosidl_typesupport_introspection_cppExport.cmake
[4.029s] -- Up-to-date: /media/sf_inspection_bot_ws/src/install/inspection_bot_msgs/share/inspection_bot_msgs/cmake/inspection_bot_msgs__rosidl_typesupport_introspection_cppExport-noconfig.cmake
[4.046s] -- Up-to-date: /media/sf_inspection_bot_ws/src/install/inspection_bot_msgs/share/inspection_bot_msgs/cmake/inspection_bot_msgs__rosidl_typesupport_cppExport.cmake
[4.061s] -- Up-to-date: /media/sf_inspection_bot_ws/src/install/inspection_bot_msgs/share/inspection_bot_msgs/cmake/inspection_bot_msgs__rosidl_typesupport_cppExport-noconfig.cmake
[4.077s] -- Up-to-date: /media/sf_inspection_bot_ws/src/install/inspection_bot_msgs/share/inspection_bot_msgs/cmake/rosidl_cmake-extras.cmake
[4.087s] -- Up-to-date: /media/sf_inspection_bot_ws/src/install/inspection_bot_msgs/share/inspection_bot_msgs/cmake/ament_cmake_export_dependencies-extras.cmake
[4.105s] -- Up-to-date: /media/sf_inspection_bot_ws/src/install/inspection_bot_msgs/share/inspection_bot_msgs/cmake/ament_cmake_export_libraries-extras.cmake
[4.114s] -- Up-to-date: /media/sf_inspection_bot_ws/src/install/inspection_bot_msgs/share/inspection_bot_msgs/cmake/ament_cmake_export_targets-extras.cmake
[4.129s] -- Up-to-date: /media/sf_inspection_bot_ws/src/install/inspection_bot_msgs/share/inspection_bot_msgs/cmake/ament_cmake_export_include_directories-extras.cmake
[4.146s] -- Up-to-date: /media/sf_inspection_bot_ws/src/install/inspection_bot_msgs/share/inspection_bot_msgs/cmake/rosidl_cmake_export_typesupport_libraries-extras.cmake
[4.172s] -- Up-to-date: /media/sf_inspection_bot_ws/src/install/inspection_bot_msgs/share/inspection_bot_msgs/cmake/rosidl_cmake_export_typesupport_targets-extras.cmake
[4.197s] -- Up-to-date: /media/sf_inspection_bot_ws/src/install/inspection_bot_msgs/share/inspection_bot_msgs/cmake/inspection_bot_msgsConfig.cmake
[4.215s] -- Up-to-date: /media/sf_inspection_bot_ws/src/install/inspection_bot_msgs/share/inspection_bot_msgs/cmake/inspection_bot_msgsConfig-version.cmake
[4.228s] -- Up-to-date: /media/sf_inspection_bot_ws/src/install/inspection_bot_msgs/share/inspection_bot_msgs/package.xml
[4.233s] Invoked command in '/media/sf_inspection_bot_ws/src/build/inspection_bot_msgs' returned '0': CMAKE_PREFIX_PATH=/opt/ros/foxy /usr/bin/cmake --install /media/sf_inspection_bot_ws/src/build/inspection_bot_msgs
