[0.189s] Invoking command in '/media/sf_inspection_bot_ws/src/build/inspection_bot_description': CMAKE_PREFIX_PATH=/opt/ros/foxy /usr/bin/cmake /media/sf_inspection_bot_ws/src/inspection_bot_description -DCMAKE_INSTALL_PREFIX=/media/sf_inspection_bot_ws/src/install/inspection_bot_description
[1.728s] -- The C compiler identification is GNU 9.4.0
[2.607s] -- The CXX compiler identification is GNU 9.4.0
[2.673s] -- Check for working C compiler: /usr/bin/cc
[3.137s] -- Check for working C compiler: /usr/bin/cc -- works
[3.149s] -- Detecting C compiler ABI info
[3.702s] -- Detecting C compiler ABI info - done
[3.764s] -- Detecting C compile features
[3.769s] -- Detecting C compile features - done
[3.820s] -- Check for working CXX compiler: /usr/bin/c++
[4.595s] -- Check for working CXX compiler: /usr/bin/c++ -- works
[4.600s] -- Detecting CXX compiler ABI info
[6.584s] -- Detecting CXX compiler ABI info - done
[6.627s] -- Detecting CXX compile features
[6.630s] -- Detecting CXX compile features - done
[6.691s] -- Found ament_cmake: 0.9.12 (/opt/ros/foxy/share/ament_cmake/cmake)
[6.848s] -- Found PythonInterp: /usr/bin/python3 (found suitable version "3.8.10", minimum required is "3") 
[6.852s] -- Using PYTHON_EXECUTABLE: /usr/bin/python3
[7.831s] -- Configuring done
[8.015s] -- Generating done
[8.113s] -- Build files have been written to: /media/sf_inspection_bot_ws/src/build/inspection_bot_description
[8.126s] Invoked command in '/media/sf_inspection_bot_ws/src/build/inspection_bot_description' returned '0': CMAKE_PREFIX_PATH=/opt/ros/foxy /usr/bin/cmake /media/sf_inspection_bot_ws/src/inspection_bot_description -DCMAKE_INSTALL_PREFIX=/media/sf_inspection_bot_ws/src/install/inspection_bot_description
[8.141s] Invoking command in '/media/sf_inspection_bot_ws/src/build/inspection_bot_description': CMAKE_PREFIX_PATH=/opt/ros/foxy /usr/bin/cmake --build /media/sf_inspection_bot_ws/src/build/inspection_bot_description -- -j3 -l3
[8.309s] Invoked command in '/media/sf_inspection_bot_ws/src/build/inspection_bot_description' returned '0': CMAKE_PREFIX_PATH=/opt/ros/foxy /usr/bin/cmake --build /media/sf_inspection_bot_ws/src/build/inspection_bot_description -- -j3 -l3
[8.333s] Invoking command in '/media/sf_inspection_bot_ws/src/build/inspection_bot_description': CMAKE_PREFIX_PATH=/opt/ros/foxy /usr/bin/cmake --install /media/sf_inspection_bot_ws/src/build/inspection_bot_description
[8.346s] -- Install configuration: ""
[8.351s] -- Installing: /media/sf_inspection_bot_ws/src/install/inspection_bot_description/share/inspection_bot_description/worlds
[8.367s] -- Installing: /media/sf_inspection_bot_ws/src/install/inspection_bot_description/share/inspection_bot_description/worlds/server_room.world
[8.393s] -- Installing: /media/sf_inspection_bot_ws/src/install/inspection_bot_description/share/inspection_bot_description/urdf
[8.403s] -- Installing: /media/sf_inspection_bot_ws/src/install/inspection_bot_description/share/inspection_bot_description/urdf/rgb_camera.xacro
[8.431s] -- Installing: /media/sf_inspection_bot_ws/src/install/inspection_bot_description/share/inspection_bot_description/meshes
[8.445s] -- Installing: /media/sf_inspection_bot_ws/src/install/inspection_bot_description/share/ament_index/resource_index/package_run_dependencies/inspection_bot_description
[8.475s] -- Installing: /media/sf_inspection_bot_ws/src/install/inspection_bot_description/share/ament_index/resource_index/parent_prefix_path/inspection_bot_description
[8.499s] -- Installing: /media/sf_inspection_bot_ws/src/install/inspection_bot_description/share/inspection_bot_description/environment/ament_prefix_path.sh
[8.518s] -- Installing: /media/sf_inspection_bot_ws/src/install/inspection_bot_description/share/inspection_bot_description/environment/ament_prefix_path.dsv
[8.543s] -- Installing: /media/sf_inspection_bot_ws/src/install/inspection_bot_description/share/inspection_bot_description/environment/path.sh
[8.559s] -- Installing: /media/sf_inspection_bot_ws/src/install/inspection_bot_description/share/inspection_bot_description/environment/path.dsv
[8.590s] -- Installing: /media/sf_inspection_bot_ws/src/install/inspection_bot_description/share/inspection_bot_description/local_setup.bash
[8.600s] -- Installing: /media/sf_inspection_bot_ws/src/install/inspection_bot_description/share/inspection_bot_description/local_setup.sh
[8.638s] -- Installing: /media/sf_inspection_bot_ws/src/install/inspection_bot_description/share/inspection_bot_description/local_setup.zsh
[8.660s] -- Installing: /media/sf_inspection_bot_ws/src/install/inspection_bot_description/share/inspection_bot_description/local_setup.dsv
[8.687s] -- Installing: /media/sf_inspection_bot_ws/src/install/inspection_bot_description/share/inspection_bot_description/package.dsv
[8.715s] -- Installing: /media/sf_inspection_bot_ws/src/install/inspection_bot_description/share/ament_index/resource_index/packages/inspection_bot_description
[8.754s] -- Installing: /media/sf_inspection_bot_ws/src/install/inspection_bot_description/share/inspection_bot_description/cmake/inspection_bot_descriptionConfig.cmake
[8.792s] -- Installing: /media/sf_inspection_bot_ws/src/install/inspection_bot_description/share/inspection_bot_description/cmake/inspection_bot_descriptionConfig-version.cmake
[8.822s] -- Installing: /media/sf_inspection_bot_ws/src/install/inspection_bot_description/share/inspection_bot_description/package.xml
[8.858s] Invoked command in '/media/sf_inspection_bot_ws/src/build/inspection_bot_description' returned '0': CMAKE_PREFIX_PATH=/opt/ros/foxy /usr/bin/cmake --install /media/sf_inspection_bot_ws/src/build/inspection_bot_description
