[0.147s] Invoking command in '/media/sf_inspection_bot_ws/build/inspection_bot_description': CMAKE_PREFIX_PATH=/opt/ros/foxy /usr/bin/cmake /media/sf_inspection_bot_ws/src/inspection_bot_description -DAMENT_CMAKE_SYMLINK_INSTALL=1 -DCMAKE_INSTALL_PREFIX=/media/sf_inspection_bot_ws/install/inspection_bot_description
[1.181s] -- The C compiler identification is GNU 9.4.0
[1.833s] -- The CXX compiler identification is GNU 9.4.0
[1.941s] -- Check for working C compiler: /usr/bin/cc
[2.647s] -- Check for working C compiler: /usr/bin/cc -- works
[2.656s] -- Detecting C compiler ABI info
[3.257s] -- Detecting C compiler ABI info - done
[3.305s] -- Detecting C compile features
[3.307s] -- Detecting C compile features - done
[3.342s] -- Check for working CXX compiler: /usr/bin/c++
[3.865s] -- Check for working CXX compiler: /usr/bin/c++ -- works
[3.873s] -- Detecting CXX compiler ABI info
[4.425s] -- Detecting CXX compiler ABI info - done
[4.464s] -- Detecting CXX compile features
[4.467s] -- Detecting CXX compile features - done
[4.535s] -- Found ament_cmake: 0.9.12 (/opt/ros/foxy/share/ament_cmake/cmake)
[4.603s] -- Found PythonInterp: /usr/bin/python3 (found suitable version "3.8.10", minimum required is "3") 
[4.606s] -- Using PYTHON_EXECUTABLE: /usr/bin/python3
[4.854s] -- Override CMake install command with custom implementation using symlinks instead of copying resources
[5.613s] -- Configuring done
[5.811s] -- Generating done
[5.974s] -- Build files have been written to: /media/sf_inspection_bot_ws/build/inspection_bot_description
[5.991s] Invoked command in '/media/sf_inspection_bot_ws/build/inspection_bot_description' returned '0': CMAKE_PREFIX_PATH=/opt/ros/foxy /usr/bin/cmake /media/sf_inspection_bot_ws/src/inspection_bot_description -DAMENT_CMAKE_SYMLINK_INSTALL=1 -DCMAKE_INSTALL_PREFIX=/media/sf_inspection_bot_ws/install/inspection_bot_description
[6.027s] Invoking command in '/media/sf_inspection_bot_ws/build/inspection_bot_description': CMAKE_PREFIX_PATH=/opt/ros/foxy /usr/bin/cmake --build /media/sf_inspection_bot_ws/build/inspection_bot_description -- -j3 -l3
[6.291s] Invoked command in '/media/sf_inspection_bot_ws/build/inspection_bot_description' returned '0': CMAKE_PREFIX_PATH=/opt/ros/foxy /usr/bin/cmake --build /media/sf_inspection_bot_ws/build/inspection_bot_description -- -j3 -l3
[6.330s] Invoking command in '/media/sf_inspection_bot_ws/build/inspection_bot_description': CMAKE_PREFIX_PATH=/opt/ros/foxy /usr/bin/cmake --install /media/sf_inspection_bot_ws/build/inspection_bot_description
[6.363s] -- Install configuration: ""
[6.397s] -- Execute custom install script
[6.423s] -- Symlinking: /media/sf_inspection_bot_ws/install/inspection_bot_description/share/inspection_bot_description/worlds/server_room.world
[6.450s] CMake Error: failed to create symbolic link '/media/sf_inspection_bot_ws/install/inspection_bot_description/share/inspection_bot_description/worlds/server_room.world': operation not permitted
[6.456s] CMake Error at ament_cmake_symlink_install/ament_cmake_symlink_install.cmake:302 (message):
[6.461s]   Could not create symlink
[6.464s]   '/media/sf_inspection_bot_ws/install/inspection_bot_description/share/inspection_bot_description/worlds/server_room.world'
[6.467s]   pointing to
[6.476s]   '/media/sf_inspection_bot_ws/src/inspection_bot_description/worlds/server_room.world'
[6.481s] Call Stack (most recent call first):
[6.484s]   ament_cmake_symlink_install/ament_cmake_symlink_install.cmake:96 (_ament_cmake_symlink_install_create_symlink)
[6.488s]   ament_cmake_symlink_install/ament_cmake_symlink_install.cmake:314 (ament_cmake_symlink_install_directory)
[6.491s]   cmake_install.cmake:41 (include)
[6.502s] 
[6.510s] 
[6.512s] Invoked command in '/media/sf_inspection_bot_ws/build/inspection_bot_description' returned '1': CMAKE_PREFIX_PATH=/opt/ros/foxy /usr/bin/cmake --install /media/sf_inspection_bot_ws/build/inspection_bot_description
