running egg_info
creating ../build/inspection_bot_vision/inspection_bot_vision.egg-info
writing ../build/inspection_bot_vision/inspection_bot_vision.egg-info/PKG-INFO
writing dependency_links to ../build/inspection_bot_vision/inspection_bot_vision.egg-info/dependency_links.txt
writing entry points to ../build/inspection_bot_vision/inspection_bot_vision.egg-info/entry_points.txt
writing requirements to ../build/inspection_bot_vision/inspection_bot_vision.egg-info/requires.txt
writing top-level names to ../build/inspection_bot_vision/inspection_bot_vision.egg-info/top_level.txt
writing manifest file '../build/inspection_bot_vision/inspection_bot_vision.egg-info/SOURCES.txt'
reading manifest file '../build/inspection_bot_vision/inspection_bot_vision.egg-info/SOURCES.txt'
writing manifest file '../build/inspection_bot_vision/inspection_bot_vision.egg-info/SOURCES.txt'
running build
running build_py
creating /media/sf_inspection_bot_ws/src/build/inspection_bot_vision/build
creating /media/sf_inspection_bot_ws/src/build/inspection_bot_vision/build/lib
creating /media/sf_inspection_bot_ws/src/build/inspection_bot_vision/build/lib/inspection_bot_vision
copying inspection_bot_vision/anomaly_detector.py -> /media/sf_inspection_bot_ws/src/build/inspection_bot_vision/build/lib/inspection_bot_vision
copying inspection_bot_vision/detectors.py -> /media/sf_inspection_bot_ws/src/build/inspection_bot_vision/build/lib/inspection_bot_vision
copying inspection_bot_vision/__init__.py -> /media/sf_inspection_bot_ws/src/build/inspection_bot_vision/build/lib/inspection_bot_vision
running install
running install_lib
creating /media/sf_inspection_bot_ws/src/install/inspection_bot_vision/lib/python3.8/site-packages/inspection_bot_vision
copying /media/sf_inspection_bot_ws/src/build/inspection_bot_vision/build/lib/inspection_bot_vision/anomaly_detector.py -> /media/sf_inspection_bot_ws/src/install/inspection_bot_vision/lib/python3.8/site-packages/inspection_bot_vision
copying /media/sf_inspection_bot_ws/src/build/inspection_bot_vision/build/lib/inspection_bot_vision/detectors.py -> /media/sf_inspection_bot_ws/src/install/inspection_bot_vision/lib/python3.8/site-packages/inspection_bot_vision
copying /media/sf_inspection_bot_ws/src/build/inspection_bot_vision/build/lib/inspection_bot_vision/__init__.py -> /media/sf_inspection_bot_ws/src/install/inspection_bot_vision/lib/python3.8/site-packages/inspection_bot_vision
byte-compiling /media/sf_inspection_bot_ws/src/install/inspection_bot_vision/lib/python3.8/site-packages/inspection_bot_vision/anomaly_detector.py to anomaly_detector.cpython-38.pyc
byte-compiling /media/sf_inspection_bot_ws/src/install/inspection_bot_vision/lib/python3.8/site-packages/inspection_bot_vision/detectors.py to detectors.cpython-38.pyc
byte-compiling /media/sf_inspection_bot_ws/src/install/inspection_bot_vision/lib/python3.8/site-packages/inspection_bot_vision/__init__.py to __init__.cpython-38.pyc
running install_data
creating /media/sf_inspection_bot_ws/src/install/inspection_bot_vision/share/ament_index
creating /media/sf_inspection_bot_ws/src/install/inspection_bot_vision/share/ament_index/resource_index
creating /media/sf_inspection_bot_ws/src/install/inspection_bot_vision/share/ament_index/resource_index/packages
copying resource/inspection_bot_vision -> /media/sf_inspection_bot_ws/src/install/inspection_bot_vision/share/ament_index/resource_index/packages
copying package.xml -> /media/sf_inspection_bot_ws/src/install/inspection_bot_vision/share/inspection_bot_vision
running install_egg_info
Copying ../build/inspection_bot_vision/inspection_bot_vision.egg-info to /media/sf_inspection_bot_ws/src/install/inspection_bot_vision/lib/python3.8/site-packages/inspection_bot_vision-0.1.0-py3.8.egg-info
running install_scripts
Installing anomaly_detector script to /media/sf_inspection_bot_ws/src/install/inspection_bot_vision/lib/inspection_bot_vision
writing list of installed files to '/media/sf_inspection_bot_ws/src/build/inspection_bot_vision/install.log'
