running egg_info
creating ../build/inspection_bot_nav/inspection_bot_nav.egg-info
writing ../build/inspection_bot_nav/inspection_bot_nav.egg-info/PKG-INFO
writing dependency_links to ../build/inspection_bot_nav/inspection_bot_nav.egg-info/dependency_links.txt
writing entry points to ../build/inspection_bot_nav/inspection_bot_nav.egg-info/entry_points.txt
writing requirements to ../build/inspection_bot_nav/inspection_bot_nav.egg-info/requires.txt
writing top-level names to ../build/inspection_bot_nav/inspection_bot_nav.egg-info/top_level.txt
writing manifest file '../build/inspection_bot_nav/inspection_bot_nav.egg-info/SOURCES.txt'
reading manifest file '../build/inspection_bot_nav/inspection_bot_nav.egg-info/SOURCES.txt'
writing manifest file '../build/inspection_bot_nav/inspection_bot_nav.egg-info/SOURCES.txt'
running build
running build_py
creating /media/sf_inspection_bot_ws/src/build/inspection_bot_nav/build
creating /media/sf_inspection_bot_ws/src/build/inspection_bot_nav/build/lib
creating /media/sf_inspection_bot_ws/src/build/inspection_bot_nav/build/lib/inspection_bot_nav
copying inspection_bot_nav/inspection_commander.py -> /media/sf_inspection_bot_ws/src/build/inspection_bot_nav/build/lib/inspection_bot_nav
copying inspection_bot_nav/tsp_planner.py -> /media/sf_inspection_bot_ws/src/build/inspection_bot_nav/build/lib/inspection_bot_nav
copying inspection_bot_nav/__init__.py -> /media/sf_inspection_bot_ws/src/build/inspection_bot_nav/build/lib/inspection_bot_nav
running install
running install_lib
creating /media/sf_inspection_bot_ws/src/install/inspection_bot_nav/lib/python3.8/site-packages/inspection_bot_nav
copying /media/sf_inspection_bot_ws/src/build/inspection_bot_nav/build/lib/inspection_bot_nav/inspection_commander.py -> /media/sf_inspection_bot_ws/src/install/inspection_bot_nav/lib/python3.8/site-packages/inspection_bot_nav
copying /media/sf_inspection_bot_ws/src/build/inspection_bot_nav/build/lib/inspection_bot_nav/tsp_planner.py -> /media/sf_inspection_bot_ws/src/install/inspection_bot_nav/lib/python3.8/site-packages/inspection_bot_nav
copying /media/sf_inspection_bot_ws/src/build/inspection_bot_nav/build/lib/inspection_bot_nav/__init__.py -> /media/sf_inspection_bot_ws/src/install/inspection_bot_nav/lib/python3.8/site-packages/inspection_bot_nav
byte-compiling /media/sf_inspection_bot_ws/src/install/inspection_bot_nav/lib/python3.8/site-packages/inspection_bot_nav/inspection_commander.py to inspection_commander.cpython-38.pyc
byte-compiling /media/sf_inspection_bot_ws/src/install/inspection_bot_nav/lib/python3.8/site-packages/inspection_bot_nav/tsp_planner.py to tsp_planner.cpython-38.pyc
byte-compiling /media/sf_inspection_bot_ws/src/install/inspection_bot_nav/lib/python3.8/site-packages/inspection_bot_nav/__init__.py to __init__.cpython-38.pyc
running install_data
creating /media/sf_inspection_bot_ws/src/install/inspection_bot_nav/share/ament_index
creating /media/sf_inspection_bot_ws/src/install/inspection_bot_nav/share/ament_index/resource_index
creating /media/sf_inspection_bot_ws/src/install/inspection_bot_nav/share/ament_index/resource_index/packages
copying resource/inspection_bot_nav -> /media/sf_inspection_bot_ws/src/install/inspection_bot_nav/share/ament_index/resource_index/packages
copying package.xml -> /media/sf_inspection_bot_ws/src/install/inspection_bot_nav/share/inspection_bot_nav
creating /media/sf_inspection_bot_ws/src/install/inspection_bot_nav/share/inspection_bot_nav/config
copying config/inspection_points.yaml -> /media/sf_inspection_bot_ws/src/install/inspection_bot_nav/share/inspection_bot_nav/config
copying config/nav2_params.yaml -> /media/sf_inspection_bot_ws/src/install/inspection_bot_nav/share/inspection_bot_nav/config
copying config/slam_toolbox_params.yaml -> /media/sf_inspection_bot_ws/src/install/inspection_bot_nav/share/inspection_bot_nav/config
running install_egg_info
Copying ../build/inspection_bot_nav/inspection_bot_nav.egg-info to /media/sf_inspection_bot_ws/src/install/inspection_bot_nav/lib/python3.8/site-packages/inspection_bot_nav-0.1.0-py3.8.egg-info
running install_scripts
Installing inspection_commander script to /media/sf_inspection_bot_ws/src/install/inspection_bot_nav/lib/inspection_bot_nav
Installing tsp_planner script to /media/sf_inspection_bot_ws/src/install/inspection_bot_nav/lib/inspection_bot_nav
writing list of installed files to '/media/sf_inspection_bot_ws/src/build/inspection_bot_nav/install.log'
