[4.144s] Invoking command in '/media/sf_inspection_bot_ws/src/inspection_bot_nav': AMENT_PREFIX_PATH=/media/sf_inspection_bot_ws/src/install/inspection_bot_msgs:${AMENT_PREFIX_PATH} CMAKE_PREFIX_PATH=/media/sf_inspection_bot_ws/src/install/inspection_bot_msgs LD_LIBRARY_PATH=/media/sf_inspection_bot_ws/src/install/inspection_bot_msgs/lib:${LD_LIBRARY_PATH} PYTHONPATH=/media/sf_inspection_bot_ws/src/build/inspection_bot_nav/prefix_override:/usr/lib/python3/dist-packages/colcon_core/task/python/colcon_distutils_commands:/media/sf_inspection_bot_ws/src/install/inspection_bot_nav/lib/python3.8/site-packages:/media/sf_inspection_bot_ws/src/install/inspection_bot_msgs/lib/python3.8/site-packages:${PYTHONPATH} /usr/bin/python3 -W ignore:setup.py install is deprecated -W ignore:easy_install command is deprecated setup.py egg_info --egg-base ../build/inspection_bot_nav build --build-base /media/sf_inspection_bot_ws/src/build/inspection_bot_nav/build install --record /media/sf_inspection_bot_ws/src/build/inspection_bot_nav/install.log --single-version-externally-managed install_data
[4.476s] running egg_info
[4.478s] creating ../build/inspection_bot_nav/inspection_bot_nav.egg-info
[4.488s] writing ../build/inspection_bot_nav/inspection_bot_nav.egg-info/PKG-INFO
[4.494s] writing dependency_links to ../build/inspection_bot_nav/inspection_bot_nav.egg-info/dependency_links.txt
[4.498s] writing entry points to ../build/inspection_bot_nav/inspection_bot_nav.egg-info/entry_points.txt
[4.501s] writing requirements to ../build/inspection_bot_nav/inspection_bot_nav.egg-info/requires.txt
[4.504s] writing top-level names to ../build/inspection_bot_nav/inspection_bot_nav.egg-info/top_level.txt
[4.509s] writing manifest file '../build/inspection_bot_nav/inspection_bot_nav.egg-info/SOURCES.txt'
[4.607s] reading manifest file '../build/inspection_bot_nav/inspection_bot_nav.egg-info/SOURCES.txt'
[4.612s] writing manifest file '../build/inspection_bot_nav/inspection_bot_nav.egg-info/SOURCES.txt'
[4.619s] running build
[4.620s] running build_py
[4.623s] creating /media/sf_inspection_bot_ws/src/build/inspection_bot_nav/build
[4.625s] creating /media/sf_inspection_bot_ws/src/build/inspection_bot_nav/build/lib
[4.631s] creating /media/sf_inspection_bot_ws/src/build/inspection_bot_nav/build/lib/inspection_bot_nav
[4.635s] copying inspection_bot_nav/inspection_commander.py -> /media/sf_inspection_bot_ws/src/build/inspection_bot_nav/build/lib/inspection_bot_nav
[4.647s] copying inspection_bot_nav/tsp_planner.py -> /media/sf_inspection_bot_ws/src/build/inspection_bot_nav/build/lib/inspection_bot_nav
[4.666s] copying inspection_bot_nav/__init__.py -> /media/sf_inspection_bot_ws/src/build/inspection_bot_nav/build/lib/inspection_bot_nav
[4.680s] running install
[4.686s] running install_lib
[4.691s] creating /media/sf_inspection_bot_ws/src/install/inspection_bot_nav/lib/python3.8/site-packages/inspection_bot_nav
[4.695s] copying /media/sf_inspection_bot_ws/src/build/inspection_bot_nav/build/lib/inspection_bot_nav/inspection_commander.py -> /media/sf_inspection_bot_ws/src/install/inspection_bot_nav/lib/python3.8/site-packages/inspection_bot_nav
[4.708s] copying /media/sf_inspection_bot_ws/src/build/inspection_bot_nav/build/lib/inspection_bot_nav/tsp_planner.py -> /media/sf_inspection_bot_ws/src/install/inspection_bot_nav/lib/python3.8/site-packages/inspection_bot_nav
[4.725s] copying /media/sf_inspection_bot_ws/src/build/inspection_bot_nav/build/lib/inspection_bot_nav/__init__.py -> /media/sf_inspection_bot_ws/src/install/inspection_bot_nav/lib/python3.8/site-packages/inspection_bot_nav
[4.740s] byte-compiling /media/sf_inspection_bot_ws/src/install/inspection_bot_nav/lib/python3.8/site-packages/inspection_bot_nav/inspection_commander.py to inspection_commander.cpython-38.pyc
[4.762s] byte-compiling /media/sf_inspection_bot_ws/src/install/inspection_bot_nav/lib/python3.8/site-packages/inspection_bot_nav/tsp_planner.py to tsp_planner.cpython-38.pyc
[4.780s] byte-compiling /media/sf_inspection_bot_ws/src/install/inspection_bot_nav/lib/python3.8/site-packages/inspection_bot_nav/__init__.py to __init__.cpython-38.pyc
[4.788s] running install_data
[4.791s] creating /media/sf_inspection_bot_ws/src/install/inspection_bot_nav/share/ament_index
[4.792s] creating /media/sf_inspection_bot_ws/src/install/inspection_bot_nav/share/ament_index/resource_index
[4.794s] creating /media/sf_inspection_bot_ws/src/install/inspection_bot_nav/share/ament_index/resource_index/packages
[4.797s] copying resource/inspection_bot_nav -> /media/sf_inspection_bot_ws/src/install/inspection_bot_nav/share/ament_index/resource_index/packages
[4.810s] copying package.xml -> /media/sf_inspection_bot_ws/src/install/inspection_bot_nav/share/inspection_bot_nav
[4.815s] creating /media/sf_inspection_bot_ws/src/install/inspection_bot_nav/share/inspection_bot_nav/config
[4.820s] copying config/inspection_points.yaml -> /media/sf_inspection_bot_ws/src/install/inspection_bot_nav/share/inspection_bot_nav/config
[4.829s] copying config/nav2_params.yaml -> /media/sf_inspection_bot_ws/src/install/inspection_bot_nav/share/inspection_bot_nav/config
[4.842s] copying config/slam_toolbox_params.yaml -> /media/sf_inspection_bot_ws/src/install/inspection_bot_nav/share/inspection_bot_nav/config
[4.852s] running install_egg_info
[4.860s] Copying ../build/inspection_bot_nav/inspection_bot_nav.egg-info to /media/sf_inspection_bot_ws/src/install/inspection_bot_nav/lib/python3.8/site-packages/inspection_bot_nav-0.1.0-py3.8.egg-info
[4.946s] running install_scripts
[4.986s] Installing inspection_commander script to /media/sf_inspection_bot_ws/src/install/inspection_bot_nav/lib/inspection_bot_nav
[4.997s] Installing tsp_planner script to /media/sf_inspection_bot_ws/src/install/inspection_bot_nav/lib/inspection_bot_nav
[5.008s] writing list of installed files to '/media/sf_inspection_bot_ws/src/build/inspection_bot_nav/install.log'
[5.174s] Invoked command in '/media/sf_inspection_bot_ws/src/inspection_bot_nav' returned '0': AMENT_PREFIX_PATH=/media/sf_inspection_bot_ws/src/install/inspection_bot_msgs:${AMENT_PREFIX_PATH} CMAKE_PREFIX_PATH=/media/sf_inspection_bot_ws/src/install/inspection_bot_msgs LD_LIBRARY_PATH=/media/sf_inspection_bot_ws/src/install/inspection_bot_msgs/lib:${LD_LIBRARY_PATH} PYTHONPATH=/media/sf_inspection_bot_ws/src/build/inspection_bot_nav/prefix_override:/usr/lib/python3/dist-packages/colcon_core/task/python/colcon_distutils_commands:/media/sf_inspection_bot_ws/src/install/inspection_bot_nav/lib/python3.8/site-packages:/media/sf_inspection_bot_ws/src/install/inspection_bot_msgs/lib/python3.8/site-packages:${PYTHONPATH} /usr/bin/python3 -W ignore:setup.py install is deprecated -W ignore:easy_install command is deprecated setup.py egg_info --egg-base ../build/inspection_bot_nav build --build-base /media/sf_inspection_bot_ws/src/build/inspection_bot_nav/build install --record /media/sf_inspection_bot_ws/src/build/inspection_bot_nav/install.log --single-version-externally-managed install_data
