[0.283s] DEBUG:colcon:Command line arguments: ['/usr/bin/colcon', 'build']
[0.284s] DEBUG:colcon:Parsed command line arguments: Namespace(allow_overriding=[], ament_cmake_args=None, base_paths=['.'], build_base='build', catkin_cmake_args=None, catkin_skip_building_tests=False, cmake_args=None, cmake_clean_cache=False, cmake_clean_first=False, cmake_force_configure=False, cmake_target=None, cmake_target_skip_unavailable=False, continue_on_error=False, event_handlers=None, executor='parallel', ignore_user_meta=False, install_base='install', log_base=None, log_level=None, main=<bound method BuildVerb.main of <colcon_core.verb.build.BuildVerb object at 0x7f363c176100>>, merge_install=False, metas=['./colcon.meta'], packages_above=None, packages_above_and_dependencies=None, packages_above_depth=None, packages_end=None, packages_ignore=None, packages_ignore_regex=None, packages_select=None, packages_select_build_failed=False, packages_select_by_dep=None, packages_select_regex=None, packages_select_test_failures=False, packages_skip=None, packages_skip_build_finished=False, packages_skip_by_dep=None, packages_skip_regex=None, packages_skip_test_passed=False, packages_skip_up_to=None, packages_start=None, packages_up_to=None, packages_up_to_regex=None, parallel_workers=3, paths=None, symlink_install=False, test_result_base=None, verb_extension=<colcon_core.verb.build.BuildVerb object at 0x7f363c176100>, verb_name='build', verb_parser=<colcon_defaults.argument_parser.defaults.DefaultArgumentsDecorator object at 0x7f363c176580>)
[0.408s] Level 1:colcon.colcon_core.package_discovery:discover_packages(colcon_meta) check parameters
[0.413s] Level 1:colcon.colcon_core.package_discovery:discover_packages(recursive) check parameters
[0.413s] Level 1:colcon.colcon_core.package_discovery:discover_packages(ignore) check parameters
[0.414s] Level 1:colcon.colcon_core.package_discovery:discover_packages(path) check parameters
[0.415s] Level 1:colcon.colcon_core.package_discovery:discover_packages(colcon_meta) discover
[0.416s] Level 1:colcon.colcon_core.package_discovery:discover_packages(recursive) discover
[0.416s] INFO:colcon.colcon_core.package_discovery:Crawling recursively for packages in '/media/sf_inspection_bot_ws'
[0.418s] Level 1:colcon.colcon_core.package_identification:_identify(.) by extensions ['ignore', 'ignore_ament_install']
[0.419s] Level 1:colcon.colcon_core.package_identification:_identify(.) by extension 'ignore'
[0.420s] Level 1:colcon.colcon_core.package_identification:_identify(.) by extension 'ignore_ament_install'
[0.421s] Level 1:colcon.colcon_core.package_identification:_identify(.) by extensions ['colcon_pkg']
[0.422s] Level 1:colcon.colcon_core.package_identification:_identify(.) by extension 'colcon_pkg'
[0.423s] Level 1:colcon.colcon_core.package_identification:_identify(.) by extensions ['colcon_meta']
[0.424s] Level 1:colcon.colcon_core.package_identification:_identify(.) by extension 'colcon_meta'
[0.424s] Level 1:colcon.colcon_core.package_identification:_identify(.) by extensions ['ros']
[0.424s] Level 1:colcon.colcon_core.package_identification:_identify(.) by extension 'ros'
[0.458s] Level 1:colcon.colcon_core.package_identification:_identify(.) by extensions ['cmake', 'python']
[0.459s] Level 1:colcon.colcon_core.package_identification:_identify(.) by extension 'cmake'
[0.459s] Level 1:colcon.colcon_core.package_identification:_identify(.) by extension 'python'
[0.461s] Level 1:colcon.colcon_core.package_identification:_identify(.) by extensions ['python_setup_py']
[0.461s] Level 1:colcon.colcon_core.package_identification:_identify(.) by extension 'python_setup_py'
[0.463s] Level 1:colcon.colcon_core.package_identification:_identify(build) by extensions ['ignore', 'ignore_ament_install']
[0.464s] Level 1:colcon.colcon_core.package_identification:_identify(build) by extension 'ignore'
[0.464s] Level 1:colcon.colcon_core.package_identification:_identify(build) ignored
[0.466s] Level 1:colcon.colcon_core.package_identification:_identify(install) by extensions ['ignore', 'ignore_ament_install']
[0.467s] Level 1:colcon.colcon_core.package_identification:_identify(install) by extension 'ignore'
[0.467s] Level 1:colcon.colcon_core.package_identification:_identify(install) ignored
[0.469s] Level 1:colcon.colcon_core.package_identification:_identify(log) by extensions ['ignore', 'ignore_ament_install']
[0.469s] Level 1:colcon.colcon_core.package_identification:_identify(log) by extension 'ignore'
[0.470s] Level 1:colcon.colcon_core.package_identification:_identify(log) ignored
[0.472s] Level 1:colcon.colcon_core.package_identification:_identify(src) by extensions ['ignore', 'ignore_ament_install']
[0.473s] Level 1:colcon.colcon_core.package_identification:_identify(src) by extension 'ignore'
[0.474s] Level 1:colcon.colcon_core.package_identification:_identify(src) by extension 'ignore_ament_install'
[0.476s] Level 1:colcon.colcon_core.package_identification:_identify(src) by extensions ['colcon_pkg']
[0.476s] Level 1:colcon.colcon_core.package_identification:_identify(src) by extension 'colcon_pkg'
[0.477s] Level 1:colcon.colcon_core.package_identification:_identify(src) by extensions ['colcon_meta']
[0.477s] Level 1:colcon.colcon_core.package_identification:_identify(src) by extension 'colcon_meta'
[0.478s] Level 1:colcon.colcon_core.package_identification:_identify(src) by extensions ['ros']
[0.479s] Level 1:colcon.colcon_core.package_identification:_identify(src) by extension 'ros'
[0.481s] Level 1:colcon.colcon_core.package_identification:_identify(src) by extensions ['cmake', 'python']
[0.481s] Level 1:colcon.colcon_core.package_identification:_identify(src) by extension 'cmake'
[0.482s] Level 1:colcon.colcon_core.package_identification:_identify(src) by extension 'python'
[0.483s] Level 1:colcon.colcon_core.package_identification:_identify(src) by extensions ['python_setup_py']
[0.483s] Level 1:colcon.colcon_core.package_identification:_identify(src) by extension 'python_setup_py'
[0.486s] Level 1:colcon.colcon_core.package_identification:_identify(src/build) by extensions ['ignore', 'ignore_ament_install']
[0.487s] Level 1:colcon.colcon_core.package_identification:_identify(src/build) by extension 'ignore'
[0.489s] Level 1:colcon.colcon_core.package_identification:_identify(src/build) ignored
[0.493s] Level 1:colcon.colcon_core.package_identification:_identify(src/inspection_bot_bringup) by extensions ['ignore', 'ignore_ament_install']
[0.494s] Level 1:colcon.colcon_core.package_identification:_identify(src/inspection_bot_bringup) by extension 'ignore'
[0.495s] Level 1:colcon.colcon_core.package_identification:_identify(src/inspection_bot_bringup) by extension 'ignore_ament_install'
[0.496s] Level 1:colcon.colcon_core.package_identification:_identify(src/inspection_bot_bringup) by extensions ['colcon_pkg']
[0.497s] Level 1:colcon.colcon_core.package_identification:_identify(src/inspection_bot_bringup) by extension 'colcon_pkg'
[0.498s] Level 1:colcon.colcon_core.package_identification:_identify(src/inspection_bot_bringup) by extensions ['colcon_meta']
[0.499s] Level 1:colcon.colcon_core.package_identification:_identify(src/inspection_bot_bringup) by extension 'colcon_meta'
[0.500s] Level 1:colcon.colcon_core.package_identification:_identify(src/inspection_bot_bringup) by extensions ['ros']
[0.500s] Level 1:colcon.colcon_core.package_identification:_identify(src/inspection_bot_bringup) by extension 'ros'
[0.511s] DEBUG:colcon.colcon_core.package_identification:Package 'src/inspection_bot_bringup' with type 'ros.ament_cmake' and name 'inspection_bot_bringup'
[0.513s] Level 1:colcon.colcon_core.package_identification:_identify(src/inspection_bot_dashboard) by extensions ['ignore', 'ignore_ament_install']
[0.513s] Level 1:colcon.colcon_core.package_identification:_identify(src/inspection_bot_dashboard) by extension 'ignore'
[0.514s] Level 1:colcon.colcon_core.package_identification:_identify(src/inspection_bot_dashboard) by extension 'ignore_ament_install'
[0.515s] Level 1:colcon.colcon_core.package_identification:_identify(src/inspection_bot_dashboard) by extensions ['colcon_pkg']
[0.516s] Level 1:colcon.colcon_core.package_identification:_identify(src/inspection_bot_dashboard) by extension 'colcon_pkg'
[0.516s] Level 1:colcon.colcon_core.package_identification:_identify(src/inspection_bot_dashboard) by extensions ['colcon_meta']
[0.517s] Level 1:colcon.colcon_core.package_identification:_identify(src/inspection_bot_dashboard) by extension 'colcon_meta'
[0.517s] Level 1:colcon.colcon_core.package_identification:_identify(src/inspection_bot_dashboard) by extensions ['ros']
[0.517s] Level 1:colcon.colcon_core.package_identification:_identify(src/inspection_bot_dashboard) by extension 'ros'
[0.520s] Level 1:colcon.colcon_core.package_identification:_identify(src/inspection_bot_dashboard) by extensions ['cmake', 'python']
[0.521s] Level 1:colcon.colcon_core.package_identification:_identify(src/inspection_bot_dashboard) by extension 'cmake'
[0.522s] Level 1:colcon.colcon_core.package_identification:_identify(src/inspection_bot_dashboard) by extension 'python'
[0.523s] Level 1:colcon.colcon_core.package_identification:_identify(src/inspection_bot_dashboard) by extensions ['python_setup_py']
[0.523s] Level 1:colcon.colcon_core.package_identification:_identify(src/inspection_bot_dashboard) by extension 'python_setup_py'
[0.525s] Level 1:colcon.colcon_core.package_identification:_identify(src/inspection_bot_dashboard/reports) by extensions ['ignore', 'ignore_ament_install']
[0.526s] Level 1:colcon.colcon_core.package_identification:_identify(src/inspection_bot_dashboard/reports) by extension 'ignore'
[0.527s] Level 1:colcon.colcon_core.package_identification:_identify(src/inspection_bot_dashboard/reports) by extension 'ignore_ament_install'
[0.529s] Level 1:colcon.colcon_core.package_identification:_identify(src/inspection_bot_dashboard/reports) by extensions ['colcon_pkg']
[0.530s] Level 1:colcon.colcon_core.package_identification:_identify(src/inspection_bot_dashboard/reports) by extension 'colcon_pkg'
[0.530s] Level 1:colcon.colcon_core.package_identification:_identify(src/inspection_bot_dashboard/reports) by extensions ['colcon_meta']
[0.531s] Level 1:colcon.colcon_core.package_identification:_identify(src/inspection_bot_dashboard/reports) by extension 'colcon_meta'
[0.531s] Level 1:colcon.colcon_core.package_identification:_identify(src/inspection_bot_dashboard/reports) by extensions ['ros']
[0.531s] Level 1:colcon.colcon_core.package_identification:_identify(src/inspection_bot_dashboard/reports) by extension 'ros'
[0.533s] Level 1:colcon.colcon_core.package_identification:_identify(src/inspection_bot_dashboard/reports) by extensions ['cmake', 'python']
[0.533s] Level 1:colcon.colcon_core.package_identification:_identify(src/inspection_bot_dashboard/reports) by extension 'cmake'
[0.534s] Level 1:colcon.colcon_core.package_identification:_identify(src/inspection_bot_dashboard/reports) by extension 'python'
[0.534s] Level 1:colcon.colcon_core.package_identification:_identify(src/inspection_bot_dashboard/reports) by extensions ['python_setup_py']
[0.535s] Level 1:colcon.colcon_core.package_identification:_identify(src/inspection_bot_dashboard/reports) by extension 'python_setup_py'
[0.536s] Level 1:colcon.colcon_core.package_identification:_identify(src/inspection_bot_dashboard/static) by extensions ['ignore', 'ignore_ament_install']
[0.537s] Level 1:colcon.colcon_core.package_identification:_identify(src/inspection_bot_dashboard/static) by extension 'ignore'
[0.539s] Level 1:colcon.colcon_core.package_identification:_identify(src/inspection_bot_dashboard/static) by extension 'ignore_ament_install'
[0.540s] Level 1:colcon.colcon_core.package_identification:_identify(src/inspection_bot_dashboard/static) by extensions ['colcon_pkg']
[0.541s] Level 1:colcon.colcon_core.package_identification:_identify(src/inspection_bot_dashboard/static) by extension 'colcon_pkg'
[0.541s] Level 1:colcon.colcon_core.package_identification:_identify(src/inspection_bot_dashboard/static) by extensions ['colcon_meta']
[0.542s] Level 1:colcon.colcon_core.package_identification:_identify(src/inspection_bot_dashboard/static) by extension 'colcon_meta'
[0.542s] Level 1:colcon.colcon_core.package_identification:_identify(src/inspection_bot_dashboard/static) by extensions ['ros']
[0.543s] Level 1:colcon.colcon_core.package_identification:_identify(src/inspection_bot_dashboard/static) by extension 'ros'
[0.546s] Level 1:colcon.colcon_core.package_identification:_identify(src/inspection_bot_dashboard/static) by extensions ['cmake', 'python']
[0.547s] Level 1:colcon.colcon_core.package_identification:_identify(src/inspection_bot_dashboard/static) by extension 'cmake'
[0.548s] Level 1:colcon.colcon_core.package_identification:_identify(src/inspection_bot_dashboard/static) by extension 'python'
[0.549s] Level 1:colcon.colcon_core.package_identification:_identify(src/inspection_bot_dashboard/static) by extensions ['python_setup_py']
[0.550s] Level 1:colcon.colcon_core.package_identification:_identify(src/inspection_bot_dashboard/static) by extension 'python_setup_py'
[0.554s] Level 1:colcon.colcon_core.package_identification:_identify(src/inspection_bot_dashboard/templates) by extensions ['ignore', 'ignore_ament_install']
[0.555s] Level 1:colcon.colcon_core.package_identification:_identify(src/inspection_bot_dashboard/templates) by extension 'ignore'
[0.557s] Level 1:colcon.colcon_core.package_identification:_identify(src/inspection_bot_dashboard/templates) by extension 'ignore_ament_install'
[0.558s] Level 1:colcon.colcon_core.package_identification:_identify(src/inspection_bot_dashboard/templates) by extensions ['colcon_pkg']
[0.559s] Level 1:colcon.colcon_core.package_identification:_identify(src/inspection_bot_dashboard/templates) by extension 'colcon_pkg'
[0.559s] Level 1:colcon.colcon_core.package_identification:_identify(src/inspection_bot_dashboard/templates) by extensions ['colcon_meta']
[0.560s] Level 1:colcon.colcon_core.package_identification:_identify(src/inspection_bot_dashboard/templates) by extension 'colcon_meta'
[0.560s] Level 1:colcon.colcon_core.package_identification:_identify(src/inspection_bot_dashboard/templates) by extensions ['ros']
[0.561s] Level 1:colcon.colcon_core.package_identification:_identify(src/inspection_bot_dashboard/templates) by extension 'ros'
[0.563s] Level 1:colcon.colcon_core.package_identification:_identify(src/inspection_bot_dashboard/templates) by extensions ['cmake', 'python']
[0.563s] Level 1:colcon.colcon_core.package_identification:_identify(src/inspection_bot_dashboard/templates) by extension 'cmake'
[0.564s] Level 1:colcon.colcon_core.package_identification:_identify(src/inspection_bot_dashboard/templates) by extension 'python'
[0.564s] Level 1:colcon.colcon_core.package_identification:_identify(src/inspection_bot_dashboard/templates) by extensions ['python_setup_py']
[0.564s] Level 1:colcon.colcon_core.package_identification:_identify(src/inspection_bot_dashboard/templates) by extension 'python_setup_py'
[0.566s] Level 1:colcon.colcon_core.package_identification:_identify(src/inspection_bot_description) by extensions ['ignore', 'ignore_ament_install']
[0.567s] Level 1:colcon.colcon_core.package_identification:_identify(src/inspection_bot_description) by extension 'ignore'
[0.568s] Level 1:colcon.colcon_core.package_identification:_identify(src/inspection_bot_description) by extension 'ignore_ament_install'
[0.569s] Level 1:colcon.colcon_core.package_identification:_identify(src/inspection_bot_description) by extensions ['colcon_pkg']
[0.569s] Level 1:colcon.colcon_core.package_identification:_identify(src/inspection_bot_description) by extension 'colcon_pkg'
[0.570s] Level 1:colcon.colcon_core.package_identification:_identify(src/inspection_bot_description) by extensions ['colcon_meta']
[0.570s] Level 1:colcon.colcon_core.package_identification:_identify(src/inspection_bot_description) by extension 'colcon_meta'
[0.571s] Level 1:colcon.colcon_core.package_identification:_identify(src/inspection_bot_description) by extensions ['ros']
[0.572s] Level 1:colcon.colcon_core.package_identification:_identify(src/inspection_bot_description) by extension 'ros'
[0.578s] DEBUG:colcon.colcon_core.package_identification:Package 'src/inspection_bot_description' with type 'ros.ament_cmake' and name 'inspection_bot_description'
[0.582s] Level 1:colcon.colcon_core.package_identification:_identify(src/inspection_bot_msgs) by extensions ['ignore', 'ignore_ament_install']
[0.583s] Level 1:colcon.colcon_core.package_identification:_identify(src/inspection_bot_msgs) by extension 'ignore'
[0.584s] Level 1:colcon.colcon_core.package_identification:_identify(src/inspection_bot_msgs) by extension 'ignore_ament_install'
[0.587s] Level 1:colcon.colcon_core.package_identification:_identify(src/inspection_bot_msgs) by extensions ['colcon_pkg']
[0.587s] Level 1:colcon.colcon_core.package_identification:_identify(src/inspection_bot_msgs) by extension 'colcon_pkg'
[0.588s] Level 1:colcon.colcon_core.package_identification:_identify(src/inspection_bot_msgs) by extensions ['colcon_meta']
[0.589s] Level 1:colcon.colcon_core.package_identification:_identify(src/inspection_bot_msgs) by extension 'colcon_meta'
[0.590s] Level 1:colcon.colcon_core.package_identification:_identify(src/inspection_bot_msgs) by extensions ['ros']
[0.590s] Level 1:colcon.colcon_core.package_identification:_identify(src/inspection_bot_msgs) by extension 'ros'
[0.599s] DEBUG:colcon.colcon_core.package_identification:Package 'src/inspection_bot_msgs' with type 'ros.ament_cmake' and name 'inspection_bot_msgs'
[0.607s] Level 1:colcon.colcon_core.package_identification:_identify(src/inspection_bot_nav) by extensions ['ignore', 'ignore_ament_install']
[0.607s] Level 1:colcon.colcon_core.package_identification:_identify(src/inspection_bot_nav) by extension 'ignore'
[0.609s] Level 1:colcon.colcon_core.package_identification:_identify(src/inspection_bot_nav) by extension 'ignore_ament_install'
[0.610s] Level 1:colcon.colcon_core.package_identification:_identify(src/inspection_bot_nav) by extensions ['colcon_pkg']
[0.611s] Level 1:colcon.colcon_core.package_identification:_identify(src/inspection_bot_nav) by extension 'colcon_pkg'
[0.612s] Level 1:colcon.colcon_core.package_identification:_identify(src/inspection_bot_nav) by extensions ['colcon_meta']
[0.612s] Level 1:colcon.colcon_core.package_identification:_identify(src/inspection_bot_nav) by extension 'colcon_meta'
[0.613s] Level 1:colcon.colcon_core.package_identification:_identify(src/inspection_bot_nav) by extensions ['ros']
[0.614s] Level 1:colcon.colcon_core.package_identification:_identify(src/inspection_bot_nav) by extension 'ros'
[0.627s] DEBUG:colcon.colcon_core.package_identification:Package 'src/inspection_bot_nav' with type 'ros.ament_python' and name 'inspection_bot_nav'
[0.634s] Level 1:colcon.colcon_core.package_identification:_identify(src/inspection_bot_vision) by extensions ['ignore', 'ignore_ament_install']
[0.635s] Level 1:colcon.colcon_core.package_identification:_identify(src/inspection_bot_vision) by extension 'ignore'
[0.636s] Level 1:colcon.colcon_core.package_identification:_identify(src/inspection_bot_vision) by extension 'ignore_ament_install'
[0.637s] Level 1:colcon.colcon_core.package_identification:_identify(src/inspection_bot_vision) by extensions ['colcon_pkg']
[0.638s] Level 1:colcon.colcon_core.package_identification:_identify(src/inspection_bot_vision) by extension 'colcon_pkg'
[0.639s] Level 1:colcon.colcon_core.package_identification:_identify(src/inspection_bot_vision) by extensions ['colcon_meta']
[0.640s] Level 1:colcon.colcon_core.package_identification:_identify(src/inspection_bot_vision) by extension 'colcon_meta'
[0.641s] Level 1:colcon.colcon_core.package_identification:_identify(src/inspection_bot_vision) by extensions ['ros']
[0.642s] Level 1:colcon.colcon_core.package_identification:_identify(src/inspection_bot_vision) by extension 'ros'
[0.672s] DEBUG:colcon.colcon_core.package_identification:Package 'src/inspection_bot_vision' with type 'ros.ament_python' and name 'inspection_bot_vision'
[0.678s] Level 1:colcon.colcon_core.package_identification:_identify(src/install) by extensions ['ignore', 'ignore_ament_install']
[0.678s] Level 1:colcon.colcon_core.package_identification:_identify(src/install) by extension 'ignore'
[0.683s] Level 1:colcon.colcon_core.package_identification:_identify(src/install) ignored
[0.689s] Level 1:colcon.colcon_core.package_identification:_identify(src/log) by extensions ['ignore', 'ignore_ament_install']
[0.690s] Level 1:colcon.colcon_core.package_identification:_identify(src/log) by extension 'ignore'
[0.691s] Level 1:colcon.colcon_core.package_identification:_identify(src/log) ignored
[0.691s] Level 1:colcon.colcon_core.package_discovery:discover_packages(recursive) using defaults
[0.691s] Level 1:colcon.colcon_core.package_discovery:discover_packages(ignore) discover
[0.692s] Level 1:colcon.colcon_core.package_discovery:discover_packages(ignore) using defaults
[0.692s] Level 1:colcon.colcon_core.package_discovery:discover_packages(path) discover
[0.693s] Level 1:colcon.colcon_core.package_discovery:discover_packages(path) using defaults
[0.774s] Level 1:colcon.colcon_core.package_discovery:discover_packages(prefix_path) check parameters
[0.775s] Level 1:colcon.colcon_core.package_discovery:discover_packages(prefix_path) discover
[0.800s] DEBUG:colcon.colcon_installed_package_information.package_discovery:Found 256 installed packages in /opt/ros/foxy
[0.818s] Level 1:colcon.colcon_core.package_discovery:discover_packages(prefix_path) using defaults
[0.993s] Level 5:colcon.colcon_core.verb:set package 'inspection_bot_description' build argument 'cmake_args' from command line to 'None'
[0.995s] Level 5:colcon.colcon_core.verb:set package 'inspection_bot_description' build argument 'cmake_target' from command line to 'None'
[0.996s] Level 5:colcon.colcon_core.verb:set package 'inspection_bot_description' build argument 'cmake_target_skip_unavailable' from command line to 'False'
[0.996s] Level 5:colcon.colcon_core.verb:set package 'inspection_bot_description' build argument 'cmake_clean_cache' from command line to 'False'
[0.997s] Level 5:colcon.colcon_core.verb:set package 'inspection_bot_description' build argument 'cmake_clean_first' from command line to 'False'
[0.997s] Level 5:colcon.colcon_core.verb:set package 'inspection_bot_description' build argument 'cmake_force_configure' from command line to 'False'
[0.998s] Level 5:colcon.colcon_core.verb:set package 'inspection_bot_description' build argument 'ament_cmake_args' from command line to 'None'
[0.998s] Level 5:colcon.colcon_core.verb:set package 'inspection_bot_description' build argument 'catkin_cmake_args' from command line to 'None'
[0.999s] Level 5:colcon.colcon_core.verb:set package 'inspection_bot_description' build argument 'catkin_skip_building_tests' from command line to 'False'
[1.000s] DEBUG:colcon.colcon_core.verb:Building package 'inspection_bot_description' with the following arguments: {'ament_cmake_args': None, 'build_base': '/media/sf_inspection_bot_ws/build/inspection_bot_description', 'catkin_cmake_args': None, 'catkin_skip_building_tests': False, 'cmake_args': None, 'cmake_clean_cache': False, 'cmake_clean_first': False, 'cmake_force_configure': False, 'cmake_target': None, 'cmake_target_skip_unavailable': False, 'install_base': '/media/sf_inspection_bot_ws/install/inspection_bot_description', 'merge_install': False, 'path': '/media/sf_inspection_bot_ws/src/inspection_bot_description', 'symlink_install': False, 'test_result_base': None}
[1.002s] Level 5:colcon.colcon_core.verb:set package 'inspection_bot_msgs' build argument 'cmake_args' from command line to 'None'
[1.003s] Level 5:colcon.colcon_core.verb:set package 'inspection_bot_msgs' build argument 'cmake_target' from command line to 'None'
[1.004s] Level 5:colcon.colcon_core.verb:set package 'inspection_bot_msgs' build argument 'cmake_target_skip_unavailable' from command line to 'False'
[1.005s] Level 5:colcon.colcon_core.verb:set package 'inspection_bot_msgs' build argument 'cmake_clean_cache' from command line to 'False'
[1.006s] Level 5:colcon.colcon_core.verb:set package 'inspection_bot_msgs' build argument 'cmake_clean_first' from command line to 'False'
[1.006s] Level 5:colcon.colcon_core.verb:set package 'inspection_bot_msgs' build argument 'cmake_force_configure' from command line to 'False'
[1.007s] Level 5:colcon.colcon_core.verb:set package 'inspection_bot_msgs' build argument 'ament_cmake_args' from command line to 'None'
[1.007s] Level 5:colcon.colcon_core.verb:set package 'inspection_bot_msgs' build argument 'catkin_cmake_args' from command line to 'None'
[1.008s] Level 5:colcon.colcon_core.verb:set package 'inspection_bot_msgs' build argument 'catkin_skip_building_tests' from command line to 'False'
[1.009s] DEBUG:colcon.colcon_core.verb:Building package 'inspection_bot_msgs' with the following arguments: {'ament_cmake_args': None, 'build_base': '/media/sf_inspection_bot_ws/build/inspection_bot_msgs', 'catkin_cmake_args': None, 'catkin_skip_building_tests': False, 'cmake_args': None, 'cmake_clean_cache': False, 'cmake_clean_first': False, 'cmake_force_configure': False, 'cmake_target': None, 'cmake_target_skip_unavailable': False, 'install_base': '/media/sf_inspection_bot_ws/install/inspection_bot_msgs', 'merge_install': False, 'path': '/media/sf_inspection_bot_ws/src/inspection_bot_msgs', 'symlink_install': False, 'test_result_base': None}
[1.010s] Level 5:colcon.colcon_core.verb:set package 'inspection_bot_nav' build argument 'cmake_args' from command line to 'None'
[1.010s] Level 5:colcon.colcon_core.verb:set package 'inspection_bot_nav' build argument 'cmake_target' from command line to 'None'
[1.011s] Level 5:colcon.colcon_core.verb:set package 'inspection_bot_nav' build argument 'cmake_target_skip_unavailable' from command line to 'False'
[1.012s] Level 5:colcon.colcon_core.verb:set package 'inspection_bot_nav' build argument 'cmake_clean_cache' from command line to 'False'
[1.012s] Level 5:colcon.colcon_core.verb:set package 'inspection_bot_nav' build argument 'cmake_clean_first' from command line to 'False'
[1.013s] Level 5:colcon.colcon_core.verb:set package 'inspection_bot_nav' build argument 'cmake_force_configure' from command line to 'False'
[1.014s] Level 5:colcon.colcon_core.verb:set package 'inspection_bot_nav' build argument 'ament_cmake_args' from command line to 'None'
[1.016s] Level 5:colcon.colcon_core.verb:set package 'inspection_bot_nav' build argument 'catkin_cmake_args' from command line to 'None'
[1.017s] Level 5:colcon.colcon_core.verb:set package 'inspection_bot_nav' build argument 'catkin_skip_building_tests' from command line to 'False'
[1.018s] DEBUG:colcon.colcon_core.verb:Building package 'inspection_bot_nav' with the following arguments: {'ament_cmake_args': None, 'build_base': '/media/sf_inspection_bot_ws/build/inspection_bot_nav', 'catkin_cmake_args': None, 'catkin_skip_building_tests': False, 'cmake_args': None, 'cmake_clean_cache': False, 'cmake_clean_first': False, 'cmake_force_configure': False, 'cmake_target': None, 'cmake_target_skip_unavailable': False, 'install_base': '/media/sf_inspection_bot_ws/install/inspection_bot_nav', 'merge_install': False, 'path': '/media/sf_inspection_bot_ws/src/inspection_bot_nav', 'symlink_install': False, 'test_result_base': None}
[1.020s] Level 5:colcon.colcon_core.verb:set package 'inspection_bot_vision' build argument 'cmake_args' from command line to 'None'
[1.021s] Level 5:colcon.colcon_core.verb:set package 'inspection_bot_vision' build argument 'cmake_target' from command line to 'None'
[1.021s] Level 5:colcon.colcon_core.verb:set package 'inspection_bot_vision' build argument 'cmake_target_skip_unavailable' from command line to 'False'
[1.022s] Level 5:colcon.colcon_core.verb:set package 'inspection_bot_vision' build argument 'cmake_clean_cache' from command line to 'False'
[1.023s] Level 5:colcon.colcon_core.verb:set package 'inspection_bot_vision' build argument 'cmake_clean_first' from command line to 'False'
[1.023s] Level 5:colcon.colcon_core.verb:set package 'inspection_bot_vision' build argument 'cmake_force_configure' from command line to 'False'
[1.024s] Level 5:colcon.colcon_core.verb:set package 'inspection_bot_vision' build argument 'ament_cmake_args' from command line to 'None'
[1.024s] Level 5:colcon.colcon_core.verb:set package 'inspection_bot_vision' build argument 'catkin_cmake_args' from command line to 'None'
[1.025s] Level 5:colcon.colcon_core.verb:set package 'inspection_bot_vision' build argument 'catkin_skip_building_tests' from command line to 'False'
[1.025s] DEBUG:colcon.colcon_core.verb:Building package 'inspection_bot_vision' with the following arguments: {'ament_cmake_args': None, 'build_base': '/media/sf_inspection_bot_ws/build/inspection_bot_vision', 'catkin_cmake_args': None, 'catkin_skip_building_tests': False, 'cmake_args': None, 'cmake_clean_cache': False, 'cmake_clean_first': False, 'cmake_force_configure': False, 'cmake_target': None, 'cmake_target_skip_unavailable': False, 'install_base': '/media/sf_inspection_bot_ws/install/inspection_bot_vision', 'merge_install': False, 'path': '/media/sf_inspection_bot_ws/src/inspection_bot_vision', 'symlink_install': False, 'test_result_base': None}
[1.026s] Level 5:colcon.colcon_core.verb:set package 'inspection_bot_bringup' build argument 'cmake_args' from command line to 'None'
[1.027s] Level 5:colcon.colcon_core.verb:set package 'inspection_bot_bringup' build argument 'cmake_target' from command line to 'None'
[1.027s] Level 5:colcon.colcon_core.verb:set package 'inspection_bot_bringup' build argument 'cmake_target_skip_unavailable' from command line to 'False'
[1.027s] Level 5:colcon.colcon_core.verb:set package 'inspection_bot_bringup' build argument 'cmake_clean_cache' from command line to 'False'
[1.028s] Level 5:colcon.colcon_core.verb:set package 'inspection_bot_bringup' build argument 'cmake_clean_first' from command line to 'False'
[1.028s] Level 5:colcon.colcon_core.verb:set package 'inspection_bot_bringup' build argument 'cmake_force_configure' from command line to 'False'
[1.028s] Level 5:colcon.colcon_core.verb:set package 'inspection_bot_bringup' build argument 'ament_cmake_args' from command line to 'None'
[1.029s] Level 5:colcon.colcon_core.verb:set package 'inspection_bot_bringup' build argument 'catkin_cmake_args' from command line to 'None'
[1.029s] Level 5:colcon.colcon_core.verb:set package 'inspection_bot_bringup' build argument 'catkin_skip_building_tests' from command line to 'False'
[1.029s] DEBUG:colcon.colcon_core.verb:Building package 'inspection_bot_bringup' with the following arguments: {'ament_cmake_args': None, 'build_base': '/media/sf_inspection_bot_ws/build/inspection_bot_bringup', 'catkin_cmake_args': None, 'catkin_skip_building_tests': False, 'cmake_args': None, 'cmake_clean_cache': False, 'cmake_clean_first': False, 'cmake_force_configure': False, 'cmake_target': None, 'cmake_target_skip_unavailable': False, 'install_base': '/media/sf_inspection_bot_ws/install/inspection_bot_bringup', 'merge_install': False, 'path': '/media/sf_inspection_bot_ws/src/inspection_bot_bringup', 'symlink_install': False, 'test_result_base': None}
[1.030s] INFO:colcon.colcon_core.executor:Executing jobs using 'parallel' executor
[1.035s] DEBUG:colcon.colcon_parallel_executor.executor.parallel:run_until_complete
[1.040s] INFO:colcon.colcon_ros.task.ament_cmake.build:Building ROS package in '/media/sf_inspection_bot_ws/src/inspection_bot_msgs' with build type 'ament_cmake'
[1.040s] INFO:colcon.colcon_cmake.task.cmake.build:Building CMake package in '/media/sf_inspection_bot_ws/src/inspection_bot_msgs'
[1.077s] INFO:colcon.colcon_core.plugin_system:Skipping extension 'colcon_core.shell.bat': Not used on non-Windows systems
[1.079s] INFO:colcon.colcon_core.shell:Skip shell extension 'powershell' for command environment: Not usable outside of PowerShell
[1.080s] DEBUG:colcon.colcon_core.shell:Skip shell extension 'dsv' for command environment
[1.097s] INFO:colcon.colcon_ros.task.ament_cmake.build:Building ROS package in '/media/sf_inspection_bot_ws/src/inspection_bot_description' with build type 'ament_cmake'
[1.101s] INFO:colcon.colcon_cmake.task.cmake.build:Building CMake package in '/media/sf_inspection_bot_ws/src/inspection_bot_description'
[1.103s] INFO:colcon.colcon_core.shell:Skip shell extension 'powershell' for command environment: Not usable outside of PowerShell
[1.103s] DEBUG:colcon.colcon_core.shell:Skip shell extension 'dsv' for command environment
[1.290s] DEBUG:colcon.colcon_core.event_handler.log_command:Invoking command in '/media/sf_inspection_bot_ws/build/inspection_bot_msgs': CMAKE_PREFIX_PATH=/opt/ros/foxy /usr/bin/cmake /media/sf_inspection_bot_ws/src/inspection_bot_msgs -DCMAKE_INSTALL_PREFIX=/media/sf_inspection_bot_ws/install/inspection_bot_msgs
[1.396s] DEBUG:colcon.colcon_core.event_handler.log_command:Invoking command in '/media/sf_inspection_bot_ws/build/inspection_bot_description': CMAKE_PREFIX_PATH=/opt/ros/foxy /usr/bin/cmake /media/sf_inspection_bot_ws/src/inspection_bot_description -DCMAKE_INSTALL_PREFIX=/media/sf_inspection_bot_ws/install/inspection_bot_description
[4.007s] DEBUG:colcon.colcon_core.event_handler.log_command:Invoked command in '/media/sf_inspection_bot_ws/build/inspection_bot_description' returned '0': CMAKE_PREFIX_PATH=/opt/ros/foxy /usr/bin/cmake /media/sf_inspection_bot_ws/src/inspection_bot_description -DCMAKE_INSTALL_PREFIX=/media/sf_inspection_bot_ws/install/inspection_bot_description
[4.028s] DEBUG:colcon.colcon_core.event_handler.log_command:Invoking command in '/media/sf_inspection_bot_ws/build/inspection_bot_description': CMAKE_PREFIX_PATH=/opt/ros/foxy /usr/bin/cmake --build /media/sf_inspection_bot_ws/build/inspection_bot_description -- -j3 -l3
[4.416s] DEBUG:colcon.colcon_core.event_handler.log_command:Invoked command in '/media/sf_inspection_bot_ws/build/inspection_bot_description' returned '0': CMAKE_PREFIX_PATH=/opt/ros/foxy /usr/bin/cmake --build /media/sf_inspection_bot_ws/build/inspection_bot_description -- -j3 -l3
[4.495s] DEBUG:colcon.colcon_core.event_handler.log_command:Invoking command in '/media/sf_inspection_bot_ws/build/inspection_bot_description': CMAKE_PREFIX_PATH=/opt/ros/foxy /usr/bin/cmake --install /media/sf_inspection_bot_ws/build/inspection_bot_description
[4.708s] Level 1:colcon.colcon_core.environment:create_environment_scripts_only(inspection_bot_description)
[4.725s] DEBUG:colcon.colcon_core.event_handler.log_command:Invoked command in '/media/sf_inspection_bot_ws/build/inspection_bot_description' returned '1': CMAKE_PREFIX_PATH=/opt/ros/foxy /usr/bin/cmake --install /media/sf_inspection_bot_ws/build/inspection_bot_description
[4.731s] Level 1:colcon.colcon_core.environment:checking '/media/sf_inspection_bot_ws/install/inspection_bot_description' for CMake module files
[4.751s] Level 1:colcon.colcon_core.environment:checking '/media/sf_inspection_bot_ws/install/inspection_bot_description' for CMake config files
[4.773s] Level 1:colcon.colcon_core.environment:checking '/media/sf_inspection_bot_ws/install/inspection_bot_description/bin'
[4.774s] Level 1:colcon.colcon_core.environment:checking '/media/sf_inspection_bot_ws/install/inspection_bot_description/lib/pkgconfig/inspection_bot_description.pc'
[4.776s] Level 1:colcon.colcon_core.environment:checking '/media/sf_inspection_bot_ws/install/inspection_bot_description/lib/python3.8/site-packages'
[4.776s] Level 1:colcon.colcon_core.environment:checking '/media/sf_inspection_bot_ws/install/inspection_bot_description/bin'
[4.777s] INFO:colcon.colcon_core.shell:Creating package script '/media/sf_inspection_bot_ws/install/inspection_bot_description/share/inspection_bot_description/package.ps1'
[4.927s] INFO:colcon.colcon_core.shell:Creating package descriptor '/media/sf_inspection_bot_ws/install/inspection_bot_description/share/inspection_bot_description/package.dsv'
[4.936s] INFO:colcon.colcon_core.shell:Creating package script '/media/sf_inspection_bot_ws/install/inspection_bot_description/share/inspection_bot_description/package.sh'
[4.947s] INFO:colcon.colcon_core.shell:Creating package script '/media/sf_inspection_bot_ws/install/inspection_bot_description/share/inspection_bot_description/package.bash'
[4.955s] INFO:colcon.colcon_core.shell:Creating package script '/media/sf_inspection_bot_ws/install/inspection_bot_description/share/inspection_bot_description/package.zsh'
[4.968s] Level 1:colcon.colcon_core.environment:create_file_with_runtime_dependencies(/media/sf_inspection_bot_ws/install/inspection_bot_description/share/colcon-core/packages/inspection_bot_description)
[13.665s] DEBUG:colcon.colcon_parallel_executor.executor.parallel:closing loop
[13.666s] DEBUG:colcon.colcon_parallel_executor.executor.parallel:loop closed
[13.667s] DEBUG:colcon.colcon_parallel_executor.executor.parallel:run_until_complete finished with '1'
[13.668s] DEBUG:colcon.colcon_core.event_reactor:joining thread
[13.708s] INFO:colcon.colcon_core.plugin_system:Skipping extension 'colcon_notification.desktop_notification.terminal_notifier': Not used on non-Darwin systems
[13.711s] INFO:colcon.colcon_core.plugin_system:Skipping extension 'colcon_notification.desktop_notification.win32': Not used on non-Windows systems
[13.715s] INFO:colcon.colcon_notification.desktop_notification:Sending desktop notification using 'notify2'
[13.975s] DEBUG:colcon.colcon_core.event_reactor:joined thread
[13.978s] INFO:colcon.colcon_core.shell:Creating prefix script '/media/sf_inspection_bot_ws/install/local_setup.ps1'
[14.002s] INFO:colcon.colcon_core.shell:Creating prefix util module '/media/sf_inspection_bot_ws/install/_local_setup_util_ps1.py'
[14.020s] INFO:colcon.colcon_core.shell:Creating prefix chain script '/media/sf_inspection_bot_ws/install/setup.ps1'
[14.037s] INFO:colcon.colcon_core.shell:Creating prefix script '/media/sf_inspection_bot_ws/install/local_setup.sh'
[14.060s] INFO:colcon.colcon_core.shell:Creating prefix util module '/media/sf_inspection_bot_ws/install/_local_setup_util_sh.py'
[14.065s] INFO:colcon.colcon_core.shell:Creating prefix chain script '/media/sf_inspection_bot_ws/install/setup.sh'
[14.076s] INFO:colcon.colcon_core.shell:Creating prefix script '/media/sf_inspection_bot_ws/install/local_setup.bash'
[14.082s] INFO:colcon.colcon_core.shell:Creating prefix chain script '/media/sf_inspection_bot_ws/install/setup.bash'
[14.090s] INFO:colcon.colcon_core.shell:Creating prefix script '/media/sf_inspection_bot_ws/install/local_setup.zsh'
[14.097s] INFO:colcon.colcon_core.shell:Creating prefix chain script '/media/sf_inspection_bot_ws/install/setup.zsh'
