[0.353s] DEBUG:colcon:Command line arguments: ['/usr/bin/colcon', 'build', '--symlink-install']
[0.353s] DEBUG:colcon:Parsed command line arguments: Namespace(allow_overriding=[], ament_cmake_args=None, base_paths=['.'], build_base='build', catkin_cmake_args=None, catkin_skip_building_tests=False, cmake_args=None, cmake_clean_cache=False, cmake_clean_first=False, cmake_force_configure=False, cmake_target=None, cmake_target_skip_unavailable=False, continue_on_error=False, event_handlers=None, executor='parallel', ignore_user_meta=False, install_base='install', log_base=None, log_level=None, main=<bound method BuildVerb.main of <colcon_core.verb.build.BuildVerb object at 0x7f6313093fd0>>, merge_install=False, metas=['./colcon.meta'], packages_above=None, packages_above_and_dependencies=None, packages_above_depth=None, packages_end=None, packages_ignore=None, packages_ignore_regex=None, packages_select=None, packages_select_build_failed=False, packages_select_by_dep=None, packages_select_regex=None, packages_select_test_failures=False, packages_skip=None, packages_skip_build_finished=False, packages_skip_by_dep=None, packages_skip_regex=None, packages_skip_test_passed=False, packages_skip_up_to=None, packages_start=None, packages_up_to=None, packages_up_to_regex=None, parallel_workers=3, paths=None, symlink_install=True, test_result_base=None, verb_extension=<colcon_core.verb.build.BuildVerb object at 0x7f6313093fd0>, verb_name='build', verb_parser=<colcon_defaults.argument_parser.defaults.DefaultArgumentsDecorator object at 0x7f6313021490>)
[0.485s] Level 1:colcon.colcon_core.package_discovery:discover_packages(colcon_meta) check parameters
[0.490s] Level 1:colcon.colcon_core.package_discovery:discover_packages(recursive) check parameters
[0.491s] Level 1:colcon.colcon_core.package_discovery:discover_packages(ignore) check parameters
[0.491s] Level 1:colcon.colcon_core.package_discovery:discover_packages(path) check parameters
[0.492s] Level 1:colcon.colcon_core.package_discovery:discover_packages(colcon_meta) discover
[0.493s] Level 1:colcon.colcon_core.package_discovery:discover_packages(recursive) discover
[0.496s] INFO:colcon.colcon_core.package_discovery:Crawling recursively for packages in '/media/sf_inspection_bot_ws'
[0.498s] Level 1:colcon.colcon_core.package_identification:_identify(.) by extensions ['ignore', 'ignore_ament_install']
[0.499s] Level 1:colcon.colcon_core.package_identification:_identify(.) by extension 'ignore'
[0.500s] Level 1:colcon.colcon_core.package_identification:_identify(.) by extension 'ignore_ament_install'
[0.501s] Level 1:colcon.colcon_core.package_identification:_identify(.) by extensions ['colcon_pkg']
[0.501s] Level 1:colcon.colcon_core.package_identification:_identify(.) by extension 'colcon_pkg'
[0.501s] Level 1:colcon.colcon_core.package_identification:_identify(.) by extensions ['colcon_meta']
[0.502s] Level 1:colcon.colcon_core.package_identification:_identify(.) by extension 'colcon_meta'
[0.502s] Level 1:colcon.colcon_core.package_identification:_identify(.) by extensions ['ros']
[0.503s] Level 1:colcon.colcon_core.package_identification:_identify(.) by extension 'ros'
[0.537s] Level 1:colcon.colcon_core.package_identification:_identify(.) by extensions ['cmake', 'python']
[0.537s] Level 1:colcon.colcon_core.package_identification:_identify(.) by extension 'cmake'
[0.538s] Level 1:colcon.colcon_core.package_identification:_identify(.) by extension 'python'
[0.539s] Level 1:colcon.colcon_core.package_identification:_identify(.) by extensions ['python_setup_py']
[0.540s] Level 1:colcon.colcon_core.package_identification:_identify(.) by extension 'python_setup_py'
[0.541s] Level 1:colcon.colcon_core.package_identification:_identify(build) by extensions ['ignore', 'ignore_ament_install']
[0.542s] Level 1:colcon.colcon_core.package_identification:_identify(build) by extension 'ignore'
[0.542s] Level 1:colcon.colcon_core.package_identification:_identify(build) ignored
[0.543s] Level 1:colcon.colcon_core.package_identification:_identify(install) by extensions ['ignore', 'ignore_ament_install']
[0.544s] Level 1:colcon.colcon_core.package_identification:_identify(install) by extension 'ignore'
[0.545s] Level 1:colcon.colcon_core.package_identification:_identify(install) ignored
[0.547s] Level 1:colcon.colcon_core.package_identification:_identify(log) by extensions ['ignore', 'ignore_ament_install']
[0.547s] Level 1:colcon.colcon_core.package_identification:_identify(log) by extension 'ignore'
[0.548s] Level 1:colcon.colcon_core.package_identification:_identify(log) ignored
[0.549s] Level 1:colcon.colcon_core.package_identification:_identify(src) by extensions ['ignore', 'ignore_ament_install']
[0.550s] Level 1:colcon.colcon_core.package_identification:_identify(src) by extension 'ignore'
[0.550s] Level 1:colcon.colcon_core.package_identification:_identify(src) by extension 'ignore_ament_install'
[0.551s] Level 1:colcon.colcon_core.package_identification:_identify(src) by extensions ['colcon_pkg']
[0.551s] Level 1:colcon.colcon_core.package_identification:_identify(src) by extension 'colcon_pkg'
[0.552s] Level 1:colcon.colcon_core.package_identification:_identify(src) by extensions ['colcon_meta']
[0.552s] Level 1:colcon.colcon_core.package_identification:_identify(src) by extension 'colcon_meta'
[0.553s] Level 1:colcon.colcon_core.package_identification:_identify(src) by extensions ['ros']
[0.553s] Level 1:colcon.colcon_core.package_identification:_identify(src) by extension 'ros'
[0.554s] Level 1:colcon.colcon_core.package_identification:_identify(src) by extensions ['cmake', 'python']
[0.554s] Level 1:colcon.colcon_core.package_identification:_identify(src) by extension 'cmake'
[0.555s] Level 1:colcon.colcon_core.package_identification:_identify(src) by extension 'python'
[0.556s] Level 1:colcon.colcon_core.package_identification:_identify(src) by extensions ['python_setup_py']
[0.556s] Level 1:colcon.colcon_core.package_identification:_identify(src) by extension 'python_setup_py'
[0.558s] Level 1:colcon.colcon_core.package_identification:_identify(src/build) by extensions ['ignore', 'ignore_ament_install']
[0.559s] Level 1:colcon.colcon_core.package_identification:_identify(src/build) by extension 'ignore'
[0.559s] Level 1:colcon.colcon_core.package_identification:_identify(src/build) ignored
[0.561s] Level 1:colcon.colcon_core.package_identification:_identify(src/inspection_bot_bringup) by extensions ['ignore', 'ignore_ament_install']
[0.562s] Level 1:colcon.colcon_core.package_identification:_identify(src/inspection_bot_bringup) by extension 'ignore'
[0.563s] Level 1:colcon.colcon_core.package_identification:_identify(src/inspection_bot_bringup) by extension 'ignore_ament_install'
[0.563s] Level 1:colcon.colcon_core.package_identification:_identify(src/inspection_bot_bringup) by extensions ['colcon_pkg']
[0.564s] Level 1:colcon.colcon_core.package_identification:_identify(src/inspection_bot_bringup) by extension 'colcon_pkg'
[0.564s] Level 1:colcon.colcon_core.package_identification:_identify(src/inspection_bot_bringup) by extensions ['colcon_meta']
[0.565s] Level 1:colcon.colcon_core.package_identification:_identify(src/inspection_bot_bringup) by extension 'colcon_meta'
[0.565s] Level 1:colcon.colcon_core.package_identification:_identify(src/inspection_bot_bringup) by extensions ['ros']
[0.565s] Level 1:colcon.colcon_core.package_identification:_identify(src/inspection_bot_bringup) by extension 'ros'
[0.574s] DEBUG:colcon.colcon_core.package_identification:Package 'src/inspection_bot_bringup' with type 'ros.ament_cmake' and name 'inspection_bot_bringup'
[0.576s] Level 1:colcon.colcon_core.package_identification:_identify(src/inspection_bot_dashboard) by extensions ['ignore', 'ignore_ament_install']
[0.576s] Level 1:colcon.colcon_core.package_identification:_identify(src/inspection_bot_dashboard) by extension 'ignore'
[0.577s] Level 1:colcon.colcon_core.package_identification:_identify(src/inspection_bot_dashboard) by extension 'ignore_ament_install'
[0.578s] Level 1:colcon.colcon_core.package_identification:_identify(src/inspection_bot_dashboard) by extensions ['colcon_pkg']
[0.579s] Level 1:colcon.colcon_core.package_identification:_identify(src/inspection_bot_dashboard) by extension 'colcon_pkg'
[0.580s] Level 1:colcon.colcon_core.package_identification:_identify(src/inspection_bot_dashboard) by extensions ['colcon_meta']
[0.580s] Level 1:colcon.colcon_core.package_identification:_identify(src/inspection_bot_dashboard) by extension 'colcon_meta'
[0.580s] Level 1:colcon.colcon_core.package_identification:_identify(src/inspection_bot_dashboard) by extensions ['ros']
[0.581s] Level 1:colcon.colcon_core.package_identification:_identify(src/inspection_bot_dashboard) by extension 'ros'
[0.582s] Level 1:colcon.colcon_core.package_identification:_identify(src/inspection_bot_dashboard) by extensions ['cmake', 'python']
[0.582s] Level 1:colcon.colcon_core.package_identification:_identify(src/inspection_bot_dashboard) by extension 'cmake'
[0.583s] Level 1:colcon.colcon_core.package_identification:_identify(src/inspection_bot_dashboard) by extension 'python'
[0.583s] Level 1:colcon.colcon_core.package_identification:_identify(src/inspection_bot_dashboard) by extensions ['python_setup_py']
[0.584s] Level 1:colcon.colcon_core.package_identification:_identify(src/inspection_bot_dashboard) by extension 'python_setup_py'
[0.585s] Level 1:colcon.colcon_core.package_identification:_identify(src/inspection_bot_dashboard/reports) by extensions ['ignore', 'ignore_ament_install']
[0.585s] Level 1:colcon.colcon_core.package_identification:_identify(src/inspection_bot_dashboard/reports) by extension 'ignore'
[0.586s] Level 1:colcon.colcon_core.package_identification:_identify(src/inspection_bot_dashboard/reports) by extension 'ignore_ament_install'
[0.587s] Level 1:colcon.colcon_core.package_identification:_identify(src/inspection_bot_dashboard/reports) by extensions ['colcon_pkg']
[0.587s] Level 1:colcon.colcon_core.package_identification:_identify(src/inspection_bot_dashboard/reports) by extension 'colcon_pkg'
[0.588s] Level 1:colcon.colcon_core.package_identification:_identify(src/inspection_bot_dashboard/reports) by extensions ['colcon_meta']
[0.588s] Level 1:colcon.colcon_core.package_identification:_identify(src/inspection_bot_dashboard/reports) by extension 'colcon_meta'
[0.588s] Level 1:colcon.colcon_core.package_identification:_identify(src/inspection_bot_dashboard/reports) by extensions ['ros']
[0.589s] Level 1:colcon.colcon_core.package_identification:_identify(src/inspection_bot_dashboard/reports) by extension 'ros'
[0.590s] Level 1:colcon.colcon_core.package_identification:_identify(src/inspection_bot_dashboard/reports) by extensions ['cmake', 'python']
[0.590s] Level 1:colcon.colcon_core.package_identification:_identify(src/inspection_bot_dashboard/reports) by extension 'cmake'
[0.591s] Level 1:colcon.colcon_core.package_identification:_identify(src/inspection_bot_dashboard/reports) by extension 'python'
[0.591s] Level 1:colcon.colcon_core.package_identification:_identify(src/inspection_bot_dashboard/reports) by extensions ['python_setup_py']
[0.592s] Level 1:colcon.colcon_core.package_identification:_identify(src/inspection_bot_dashboard/reports) by extension 'python_setup_py'
[0.595s] Level 1:colcon.colcon_core.package_identification:_identify(src/inspection_bot_dashboard/static) by extensions ['ignore', 'ignore_ament_install']
[0.595s] Level 1:colcon.colcon_core.package_identification:_identify(src/inspection_bot_dashboard/static) by extension 'ignore'
[0.596s] Level 1:colcon.colcon_core.package_identification:_identify(src/inspection_bot_dashboard/static) by extension 'ignore_ament_install'
[0.598s] Level 1:colcon.colcon_core.package_identification:_identify(src/inspection_bot_dashboard/static) by extensions ['colcon_pkg']
[0.598s] Level 1:colcon.colcon_core.package_identification:_identify(src/inspection_bot_dashboard/static) by extension 'colcon_pkg'
[0.599s] Level 1:colcon.colcon_core.package_identification:_identify(src/inspection_bot_dashboard/static) by extensions ['colcon_meta']
[0.599s] Level 1:colcon.colcon_core.package_identification:_identify(src/inspection_bot_dashboard/static) by extension 'colcon_meta'
[0.600s] Level 1:colcon.colcon_core.package_identification:_identify(src/inspection_bot_dashboard/static) by extensions ['ros']
[0.600s] Level 1:colcon.colcon_core.package_identification:_identify(src/inspection_bot_dashboard/static) by extension 'ros'
[0.602s] Level 1:colcon.colcon_core.package_identification:_identify(src/inspection_bot_dashboard/static) by extensions ['cmake', 'python']
[0.602s] Level 1:colcon.colcon_core.package_identification:_identify(src/inspection_bot_dashboard/static) by extension 'cmake'
[0.603s] Level 1:colcon.colcon_core.package_identification:_identify(src/inspection_bot_dashboard/static) by extension 'python'
[0.603s] Level 1:colcon.colcon_core.package_identification:_identify(src/inspection_bot_dashboard/static) by extensions ['python_setup_py']
[0.604s] Level 1:colcon.colcon_core.package_identification:_identify(src/inspection_bot_dashboard/static) by extension 'python_setup_py'
[0.605s] Level 1:colcon.colcon_core.package_identification:_identify(src/inspection_bot_dashboard/templates) by extensions ['ignore', 'ignore_ament_install']
[0.605s] Level 1:colcon.colcon_core.package_identification:_identify(src/inspection_bot_dashboard/templates) by extension 'ignore'
[0.606s] Level 1:colcon.colcon_core.package_identification:_identify(src/inspection_bot_dashboard/templates) by extension 'ignore_ament_install'
[0.607s] Level 1:colcon.colcon_core.package_identification:_identify(src/inspection_bot_dashboard/templates) by extensions ['colcon_pkg']
[0.608s] Level 1:colcon.colcon_core.package_identification:_identify(src/inspection_bot_dashboard/templates) by extension 'colcon_pkg'
[0.609s] Level 1:colcon.colcon_core.package_identification:_identify(src/inspection_bot_dashboard/templates) by extensions ['colcon_meta']
[0.609s] Level 1:colcon.colcon_core.package_identification:_identify(src/inspection_bot_dashboard/templates) by extension 'colcon_meta'
[0.609s] Level 1:colcon.colcon_core.package_identification:_identify(src/inspection_bot_dashboard/templates) by extensions ['ros']
[0.610s] Level 1:colcon.colcon_core.package_identification:_identify(src/inspection_bot_dashboard/templates) by extension 'ros'
[0.612s] Level 1:colcon.colcon_core.package_identification:_identify(src/inspection_bot_dashboard/templates) by extensions ['cmake', 'python']
[0.612s] Level 1:colcon.colcon_core.package_identification:_identify(src/inspection_bot_dashboard/templates) by extension 'cmake'
[0.613s] Level 1:colcon.colcon_core.package_identification:_identify(src/inspection_bot_dashboard/templates) by extension 'python'
[0.613s] Level 1:colcon.colcon_core.package_identification:_identify(src/inspection_bot_dashboard/templates) by extensions ['python_setup_py']
[0.614s] Level 1:colcon.colcon_core.package_identification:_identify(src/inspection_bot_dashboard/templates) by extension 'python_setup_py'
[0.615s] Level 1:colcon.colcon_core.package_identification:_identify(src/inspection_bot_description) by extensions ['ignore', 'ignore_ament_install']
[0.615s] Level 1:colcon.colcon_core.package_identification:_identify(src/inspection_bot_description) by extension 'ignore'
[0.616s] Level 1:colcon.colcon_core.package_identification:_identify(src/inspection_bot_description) by extension 'ignore_ament_install'
[0.617s] Level 1:colcon.colcon_core.package_identification:_identify(src/inspection_bot_description) by extensions ['colcon_pkg']
[0.617s] Level 1:colcon.colcon_core.package_identification:_identify(src/inspection_bot_description) by extension 'colcon_pkg'
[0.618s] Level 1:colcon.colcon_core.package_identification:_identify(src/inspection_bot_description) by extensions ['colcon_meta']
[0.618s] Level 1:colcon.colcon_core.package_identification:_identify(src/inspection_bot_description) by extension 'colcon_meta'
[0.618s] Level 1:colcon.colcon_core.package_identification:_identify(src/inspection_bot_description) by extensions ['ros']
[0.619s] Level 1:colcon.colcon_core.package_identification:_identify(src/inspection_bot_description) by extension 'ros'
[0.622s] DEBUG:colcon.colcon_core.package_identification:Package 'src/inspection_bot_description' with type 'ros.ament_cmake' and name 'inspection_bot_description'
[0.623s] Level 1:colcon.colcon_core.package_identification:_identify(src/inspection_bot_msgs) by extensions ['ignore', 'ignore_ament_install']
[0.624s] Level 1:colcon.colcon_core.package_identification:_identify(src/inspection_bot_msgs) by extension 'ignore'
[0.624s] Level 1:colcon.colcon_core.package_identification:_identify(src/inspection_bot_msgs) by extension 'ignore_ament_install'
[0.625s] Level 1:colcon.colcon_core.package_identification:_identify(src/inspection_bot_msgs) by extensions ['colcon_pkg']
[0.626s] Level 1:colcon.colcon_core.package_identification:_identify(src/inspection_bot_msgs) by extension 'colcon_pkg'
[0.626s] Level 1:colcon.colcon_core.package_identification:_identify(src/inspection_bot_msgs) by extensions ['colcon_meta']
[0.627s] Level 1:colcon.colcon_core.package_identification:_identify(src/inspection_bot_msgs) by extension 'colcon_meta'
[0.628s] Level 1:colcon.colcon_core.package_identification:_identify(src/inspection_bot_msgs) by extensions ['ros']
[0.628s] Level 1:colcon.colcon_core.package_identification:_identify(src/inspection_bot_msgs) by extension 'ros'
[0.632s] DEBUG:colcon.colcon_core.package_identification:Package 'src/inspection_bot_msgs' with type 'ros.ament_cmake' and name 'inspection_bot_msgs'
[0.634s] Level 1:colcon.colcon_core.package_identification:_identify(src/inspection_bot_nav) by extensions ['ignore', 'ignore_ament_install']
[0.635s] Level 1:colcon.colcon_core.package_identification:_identify(src/inspection_bot_nav) by extension 'ignore'
[0.635s] Level 1:colcon.colcon_core.package_identification:_identify(src/inspection_bot_nav) by extension 'ignore_ament_install'
[0.636s] Level 1:colcon.colcon_core.package_identification:_identify(src/inspection_bot_nav) by extensions ['colcon_pkg']
[0.637s] Level 1:colcon.colcon_core.package_identification:_identify(src/inspection_bot_nav) by extension 'colcon_pkg'
[0.638s] Level 1:colcon.colcon_core.package_identification:_identify(src/inspection_bot_nav) by extensions ['colcon_meta']
[0.638s] Level 1:colcon.colcon_core.package_identification:_identify(src/inspection_bot_nav) by extension 'colcon_meta'
[0.638s] Level 1:colcon.colcon_core.package_identification:_identify(src/inspection_bot_nav) by extensions ['ros']
[0.639s] Level 1:colcon.colcon_core.package_identification:_identify(src/inspection_bot_nav) by extension 'ros'
[0.644s] DEBUG:colcon.colcon_core.package_identification:Package 'src/inspection_bot_nav' with type 'ros.ament_python' and name 'inspection_bot_nav'
[0.646s] Level 1:colcon.colcon_core.package_identification:_identify(src/inspection_bot_vision) by extensions ['ignore', 'ignore_ament_install']
[0.646s] Level 1:colcon.colcon_core.package_identification:_identify(src/inspection_bot_vision) by extension 'ignore'
[0.647s] Level 1:colcon.colcon_core.package_identification:_identify(src/inspection_bot_vision) by extension 'ignore_ament_install'
[0.648s] Level 1:colcon.colcon_core.package_identification:_identify(src/inspection_bot_vision) by extensions ['colcon_pkg']
[0.648s] Level 1:colcon.colcon_core.package_identification:_identify(src/inspection_bot_vision) by extension 'colcon_pkg'
[0.649s] Level 1:colcon.colcon_core.package_identification:_identify(src/inspection_bot_vision) by extensions ['colcon_meta']
[0.649s] Level 1:colcon.colcon_core.package_identification:_identify(src/inspection_bot_vision) by extension 'colcon_meta'
[0.650s] Level 1:colcon.colcon_core.package_identification:_identify(src/inspection_bot_vision) by extensions ['ros']
[0.650s] Level 1:colcon.colcon_core.package_identification:_identify(src/inspection_bot_vision) by extension 'ros'
[0.653s] DEBUG:colcon.colcon_core.package_identification:Package 'src/inspection_bot_vision' with type 'ros.ament_python' and name 'inspection_bot_vision'
[0.655s] Level 1:colcon.colcon_core.package_identification:_identify(src/install) by extensions ['ignore', 'ignore_ament_install']
[0.655s] Level 1:colcon.colcon_core.package_identification:_identify(src/install) by extension 'ignore'
[0.656s] Level 1:colcon.colcon_core.package_identification:_identify(src/install) ignored
[0.657s] Level 1:colcon.colcon_core.package_identification:_identify(src/log) by extensions ['ignore', 'ignore_ament_install']
[0.658s] Level 1:colcon.colcon_core.package_identification:_identify(src/log) by extension 'ignore'
[0.658s] Level 1:colcon.colcon_core.package_identification:_identify(src/log) ignored
[0.659s] Level 1:colcon.colcon_core.package_discovery:discover_packages(recursive) using defaults
[0.659s] Level 1:colcon.colcon_core.package_discovery:discover_packages(ignore) discover
[0.659s] Level 1:colcon.colcon_core.package_discovery:discover_packages(ignore) using defaults
[0.660s] Level 1:colcon.colcon_core.package_discovery:discover_packages(path) discover
[0.660s] Level 1:colcon.colcon_core.package_discovery:discover_packages(path) using defaults
[0.686s] Level 1:colcon.colcon_core.package_discovery:discover_packages(prefix_path) check parameters
[0.686s] Level 1:colcon.colcon_core.package_discovery:discover_packages(prefix_path) discover
[0.690s] DEBUG:colcon.colcon_installed_package_information.package_discovery:Found 256 installed packages in /opt/ros/foxy
[0.702s] Level 1:colcon.colcon_core.package_discovery:discover_packages(prefix_path) using defaults
[0.757s] Level 5:colcon.colcon_core.verb:set package 'inspection_bot_description' build argument 'cmake_args' from command line to 'None'
[0.757s] Level 5:colcon.colcon_core.verb:set package 'inspection_bot_description' build argument 'cmake_target' from command line to 'None'
[0.758s] Level 5:colcon.colcon_core.verb:set package 'inspection_bot_description' build argument 'cmake_target_skip_unavailable' from command line to 'False'
[0.758s] Level 5:colcon.colcon_core.verb:set package 'inspection_bot_description' build argument 'cmake_clean_cache' from command line to 'False'
[0.759s] Level 5:colcon.colcon_core.verb:set package 'inspection_bot_description' build argument 'cmake_clean_first' from command line to 'False'
[0.759s] Level 5:colcon.colcon_core.verb:set package 'inspection_bot_description' build argument 'cmake_force_configure' from command line to 'False'
[0.760s] Level 5:colcon.colcon_core.verb:set package 'inspection_bot_description' build argument 'ament_cmake_args' from command line to 'None'
[0.761s] Level 5:colcon.colcon_core.verb:set package 'inspection_bot_description' build argument 'catkin_cmake_args' from command line to 'None'
[0.762s] Level 5:colcon.colcon_core.verb:set package 'inspection_bot_description' build argument 'catkin_skip_building_tests' from command line to 'False'
[0.763s] DEBUG:colcon.colcon_core.verb:Building package 'inspection_bot_description' with the following arguments: {'ament_cmake_args': None, 'build_base': '/media/sf_inspection_bot_ws/build/inspection_bot_description', 'catkin_cmake_args': None, 'catkin_skip_building_tests': False, 'cmake_args': None, 'cmake_clean_cache': False, 'cmake_clean_first': False, 'cmake_force_configure': False, 'cmake_target': None, 'cmake_target_skip_unavailable': False, 'install_base': '/media/sf_inspection_bot_ws/install/inspection_bot_description', 'merge_install': False, 'path': '/media/sf_inspection_bot_ws/src/inspection_bot_description', 'symlink_install': True, 'test_result_base': None}
[0.764s] Level 5:colcon.colcon_core.verb:set package 'inspection_bot_msgs' build argument 'cmake_args' from command line to 'None'
[0.764s] Level 5:colcon.colcon_core.verb:set package 'inspection_bot_msgs' build argument 'cmake_target' from command line to 'None'
[0.765s] Level 5:colcon.colcon_core.verb:set package 'inspection_bot_msgs' build argument 'cmake_target_skip_unavailable' from command line to 'False'
[0.765s] Level 5:colcon.colcon_core.verb:set package 'inspection_bot_msgs' build argument 'cmake_clean_cache' from command line to 'False'
[0.766s] Level 5:colcon.colcon_core.verb:set package 'inspection_bot_msgs' build argument 'cmake_clean_first' from command line to 'False'
[0.766s] Level 5:colcon.colcon_core.verb:set package 'inspection_bot_msgs' build argument 'cmake_force_configure' from command line to 'False'
[0.766s] Level 5:colcon.colcon_core.verb:set package 'inspection_bot_msgs' build argument 'ament_cmake_args' from command line to 'None'
[0.767s] Level 5:colcon.colcon_core.verb:set package 'inspection_bot_msgs' build argument 'catkin_cmake_args' from command line to 'None'
[0.767s] Level 5:colcon.colcon_core.verb:set package 'inspection_bot_msgs' build argument 'catkin_skip_building_tests' from command line to 'False'
[0.767s] DEBUG:colcon.colcon_core.verb:Building package 'inspection_bot_msgs' with the following arguments: {'ament_cmake_args': None, 'build_base': '/media/sf_inspection_bot_ws/build/inspection_bot_msgs', 'catkin_cmake_args': None, 'catkin_skip_building_tests': False, 'cmake_args': None, 'cmake_clean_cache': False, 'cmake_clean_first': False, 'cmake_force_configure': False, 'cmake_target': None, 'cmake_target_skip_unavailable': False, 'install_base': '/media/sf_inspection_bot_ws/install/inspection_bot_msgs', 'merge_install': False, 'path': '/media/sf_inspection_bot_ws/src/inspection_bot_msgs', 'symlink_install': True, 'test_result_base': None}
[0.768s] Level 5:colcon.colcon_core.verb:set package 'inspection_bot_nav' build argument 'cmake_args' from command line to 'None'
[0.769s] Level 5:colcon.colcon_core.verb:set package 'inspection_bot_nav' build argument 'cmake_target' from command line to 'None'
[0.769s] Level 5:colcon.colcon_core.verb:set package 'inspection_bot_nav' build argument 'cmake_target_skip_unavailable' from command line to 'False'
[0.770s] Level 5:colcon.colcon_core.verb:set package 'inspection_bot_nav' build argument 'cmake_clean_cache' from command line to 'False'
[0.770s] Level 5:colcon.colcon_core.verb:set package 'inspection_bot_nav' build argument 'cmake_clean_first' from command line to 'False'
[0.770s] Level 5:colcon.colcon_core.verb:set package 'inspection_bot_nav' build argument 'cmake_force_configure' from command line to 'False'
[0.771s] Level 5:colcon.colcon_core.verb:set package 'inspection_bot_nav' build argument 'ament_cmake_args' from command line to 'None'
[0.771s] Level 5:colcon.colcon_core.verb:set package 'inspection_bot_nav' build argument 'catkin_cmake_args' from command line to 'None'
[0.771s] Level 5:colcon.colcon_core.verb:set package 'inspection_bot_nav' build argument 'catkin_skip_building_tests' from command line to 'False'
[0.772s] DEBUG:colcon.colcon_core.verb:Building package 'inspection_bot_nav' with the following arguments: {'ament_cmake_args': None, 'build_base': '/media/sf_inspection_bot_ws/build/inspection_bot_nav', 'catkin_cmake_args': None, 'catkin_skip_building_tests': False, 'cmake_args': None, 'cmake_clean_cache': False, 'cmake_clean_first': False, 'cmake_force_configure': False, 'cmake_target': None, 'cmake_target_skip_unavailable': False, 'install_base': '/media/sf_inspection_bot_ws/install/inspection_bot_nav', 'merge_install': False, 'path': '/media/sf_inspection_bot_ws/src/inspection_bot_nav', 'symlink_install': True, 'test_result_base': None}
[0.773s] Level 5:colcon.colcon_core.verb:set package 'inspection_bot_vision' build argument 'cmake_args' from command line to 'None'
[0.773s] Level 5:colcon.colcon_core.verb:set package 'inspection_bot_vision' build argument 'cmake_target' from command line to 'None'
[0.774s] Level 5:colcon.colcon_core.verb:set package 'inspection_bot_vision' build argument 'cmake_target_skip_unavailable' from command line to 'False'
[0.774s] Level 5:colcon.colcon_core.verb:set package 'inspection_bot_vision' build argument 'cmake_clean_cache' from command line to 'False'
[0.774s] Level 5:colcon.colcon_core.verb:set package 'inspection_bot_vision' build argument 'cmake_clean_first' from command line to 'False'
[0.775s] Level 5:colcon.colcon_core.verb:set package 'inspection_bot_vision' build argument 'cmake_force_configure' from command line to 'False'
[0.775s] Level 5:colcon.colcon_core.verb:set package 'inspection_bot_vision' build argument 'ament_cmake_args' from command line to 'None'
[0.775s] Level 5:colcon.colcon_core.verb:set package 'inspection_bot_vision' build argument 'catkin_cmake_args' from command line to 'None'
[0.776s] Level 5:colcon.colcon_core.verb:set package 'inspection_bot_vision' build argument 'catkin_skip_building_tests' from command line to 'False'
[0.776s] DEBUG:colcon.colcon_core.verb:Building package 'inspection_bot_vision' with the following arguments: {'ament_cmake_args': None, 'build_base': '/media/sf_inspection_bot_ws/build/inspection_bot_vision', 'catkin_cmake_args': None, 'catkin_skip_building_tests': False, 'cmake_args': None, 'cmake_clean_cache': False, 'cmake_clean_first': False, 'cmake_force_configure': False, 'cmake_target': None, 'cmake_target_skip_unavailable': False, 'install_base': '/media/sf_inspection_bot_ws/install/inspection_bot_vision', 'merge_install': False, 'path': '/media/sf_inspection_bot_ws/src/inspection_bot_vision', 'symlink_install': True, 'test_result_base': None}
[0.776s] Level 5:colcon.colcon_core.verb:set package 'inspection_bot_bringup' build argument 'cmake_args' from command line to 'None'
[0.777s] Level 5:colcon.colcon_core.verb:set package 'inspection_bot_bringup' build argument 'cmake_target' from command line to 'None'
[0.777s] Level 5:colcon.colcon_core.verb:set package 'inspection_bot_bringup' build argument 'cmake_target_skip_unavailable' from command line to 'False'
[0.778s] Level 5:colcon.colcon_core.verb:set package 'inspection_bot_bringup' build argument 'cmake_clean_cache' from command line to 'False'
[0.778s] Level 5:colcon.colcon_core.verb:set package 'inspection_bot_bringup' build argument 'cmake_clean_first' from command line to 'False'
[0.779s] Level 5:colcon.colcon_core.verb:set package 'inspection_bot_bringup' build argument 'cmake_force_configure' from command line to 'False'
[0.779s] Level 5:colcon.colcon_core.verb:set package 'inspection_bot_bringup' build argument 'ament_cmake_args' from command line to 'None'
[0.779s] Level 5:colcon.colcon_core.verb:set package 'inspection_bot_bringup' build argument 'catkin_cmake_args' from command line to 'None'
[0.780s] Level 5:colcon.colcon_core.verb:set package 'inspection_bot_bringup' build argument 'catkin_skip_building_tests' from command line to 'False'
[0.780s] DEBUG:colcon.colcon_core.verb:Building package 'inspection_bot_bringup' with the following arguments: {'ament_cmake_args': None, 'build_base': '/media/sf_inspection_bot_ws/build/inspection_bot_bringup', 'catkin_cmake_args': None, 'catkin_skip_building_tests': False, 'cmake_args': None, 'cmake_clean_cache': False, 'cmake_clean_first': False, 'cmake_force_configure': False, 'cmake_target': None, 'cmake_target_skip_unavailable': False, 'install_base': '/media/sf_inspection_bot_ws/install/inspection_bot_bringup', 'merge_install': False, 'path': '/media/sf_inspection_bot_ws/src/inspection_bot_bringup', 'symlink_install': True, 'test_result_base': None}
[0.781s] INFO:colcon.colcon_core.executor:Executing jobs using 'parallel' executor
[0.783s] DEBUG:colcon.colcon_parallel_executor.executor.parallel:run_until_complete
[0.785s] INFO:colcon.colcon_ros.task.ament_cmake.build:Building ROS package in '/media/sf_inspection_bot_ws/src/inspection_bot_msgs' with build type 'ament_cmake'
[0.786s] INFO:colcon.colcon_cmake.task.cmake.build:Building CMake package in '/media/sf_inspection_bot_ws/src/inspection_bot_msgs'
[0.793s] INFO:colcon.colcon_core.plugin_system:Skipping extension 'colcon_core.shell.bat': Not used on non-Windows systems
[0.795s] INFO:colcon.colcon_core.shell:Skip shell extension 'powershell' for command environment: Not usable outside of PowerShell
[0.796s] DEBUG:colcon.colcon_core.shell:Skip shell extension 'dsv' for command environment
[0.815s] INFO:colcon.colcon_ros.task.ament_cmake.build:Building ROS package in '/media/sf_inspection_bot_ws/src/inspection_bot_description' with build type 'ament_cmake'
[0.817s] INFO:colcon.colcon_cmake.task.cmake.build:Building CMake package in '/media/sf_inspection_bot_ws/src/inspection_bot_description'
[0.819s] INFO:colcon.colcon_core.shell:Skip shell extension 'powershell' for command environment: Not usable outside of PowerShell
[0.819s] DEBUG:colcon.colcon_core.shell:Skip shell extension 'dsv' for command environment
[0.907s] DEBUG:colcon.colcon_core.event_handler.log_command:Invoking command in '/media/sf_inspection_bot_ws/build/inspection_bot_msgs': CMAKE_PREFIX_PATH=/opt/ros/foxy /usr/bin/cmake /media/sf_inspection_bot_ws/src/inspection_bot_msgs -DAMENT_CMAKE_SYMLINK_INSTALL=1 -DCMAKE_INSTALL_PREFIX=/media/sf_inspection_bot_ws/install/inspection_bot_msgs
[0.964s] DEBUG:colcon.colcon_core.event_handler.log_command:Invoking command in '/media/sf_inspection_bot_ws/build/inspection_bot_description': CMAKE_PREFIX_PATH=/opt/ros/foxy /usr/bin/cmake /media/sf_inspection_bot_ws/src/inspection_bot_description -DAMENT_CMAKE_SYMLINK_INSTALL=1 -DCMAKE_INSTALL_PREFIX=/media/sf_inspection_bot_ws/install/inspection_bot_description
[6.810s] DEBUG:colcon.colcon_core.event_handler.log_command:Invoked command in '/media/sf_inspection_bot_ws/build/inspection_bot_description' returned '0': CMAKE_PREFIX_PATH=/opt/ros/foxy /usr/bin/cmake /media/sf_inspection_bot_ws/src/inspection_bot_description -DAMENT_CMAKE_SYMLINK_INSTALL=1 -DCMAKE_INSTALL_PREFIX=/media/sf_inspection_bot_ws/install/inspection_bot_description
[6.845s] DEBUG:colcon.colcon_core.event_handler.log_command:Invoking command in '/media/sf_inspection_bot_ws/build/inspection_bot_description': CMAKE_PREFIX_PATH=/opt/ros/foxy /usr/bin/cmake --build /media/sf_inspection_bot_ws/build/inspection_bot_description -- -j3 -l3
[7.107s] DEBUG:colcon.colcon_core.event_handler.log_command:Invoked command in '/media/sf_inspection_bot_ws/build/inspection_bot_description' returned '0': CMAKE_PREFIX_PATH=/opt/ros/foxy /usr/bin/cmake --build /media/sf_inspection_bot_ws/build/inspection_bot_description -- -j3 -l3
[7.147s] DEBUG:colcon.colcon_core.event_handler.log_command:Invoking command in '/media/sf_inspection_bot_ws/build/inspection_bot_description': CMAKE_PREFIX_PATH=/opt/ros/foxy /usr/bin/cmake --install /media/sf_inspection_bot_ws/build/inspection_bot_description
[7.274s] Level 1:colcon.colcon_core.environment:create_environment_scripts_only(inspection_bot_description)
[7.328s] DEBUG:colcon.colcon_core.event_handler.log_command:Invoked command in '/media/sf_inspection_bot_ws/build/inspection_bot_description' returned '1': CMAKE_PREFIX_PATH=/opt/ros/foxy /usr/bin/cmake --install /media/sf_inspection_bot_ws/build/inspection_bot_description
[7.334s] Level 1:colcon.colcon_core.environment:checking '/media/sf_inspection_bot_ws/install/inspection_bot_description' for CMake module files
[7.345s] Level 1:colcon.colcon_core.environment:checking '/media/sf_inspection_bot_ws/install/inspection_bot_description' for CMake config files
[7.357s] Level 1:colcon.colcon_core.environment:checking '/media/sf_inspection_bot_ws/install/inspection_bot_description/bin'
[7.358s] Level 1:colcon.colcon_core.environment:checking '/media/sf_inspection_bot_ws/install/inspection_bot_description/lib/pkgconfig/inspection_bot_description.pc'
[7.359s] Level 1:colcon.colcon_core.environment:checking '/media/sf_inspection_bot_ws/install/inspection_bot_description/lib/python3.8/site-packages'
[7.360s] Level 1:colcon.colcon_core.environment:checking '/media/sf_inspection_bot_ws/install/inspection_bot_description/bin'
[7.360s] INFO:colcon.colcon_core.shell:Creating package script '/media/sf_inspection_bot_ws/install/inspection_bot_description/share/inspection_bot_description/package.ps1'
[7.368s] INFO:colcon.colcon_core.shell:Creating package descriptor '/media/sf_inspection_bot_ws/install/inspection_bot_description/share/inspection_bot_description/package.dsv'
[7.477s] INFO:colcon.colcon_core.shell:Creating package script '/media/sf_inspection_bot_ws/install/inspection_bot_description/share/inspection_bot_description/package.sh'
[7.489s] INFO:colcon.colcon_core.shell:Creating package script '/media/sf_inspection_bot_ws/install/inspection_bot_description/share/inspection_bot_description/package.bash'
[7.498s] INFO:colcon.colcon_core.shell:Creating package script '/media/sf_inspection_bot_ws/install/inspection_bot_description/share/inspection_bot_description/package.zsh'
[7.506s] Level 1:colcon.colcon_core.environment:create_file_with_runtime_dependencies(/media/sf_inspection_bot_ws/install/inspection_bot_description/share/colcon-core/packages/inspection_bot_description)
[18.622s] DEBUG:colcon.colcon_parallel_executor.executor.parallel:closing loop
[18.622s] DEBUG:colcon.colcon_parallel_executor.executor.parallel:loop closed
[18.623s] DEBUG:colcon.colcon_parallel_executor.executor.parallel:run_until_complete finished with '1'
[18.624s] DEBUG:colcon.colcon_core.event_reactor:joining thread
[18.663s] INFO:colcon.colcon_core.plugin_system:Skipping extension 'colcon_notification.desktop_notification.terminal_notifier': Not used on non-Darwin systems
[18.664s] INFO:colcon.colcon_core.plugin_system:Skipping extension 'colcon_notification.desktop_notification.win32': Not used on non-Windows systems
[18.665s] INFO:colcon.colcon_notification.desktop_notification:Sending desktop notification using 'notify2'
[18.914s] DEBUG:colcon.colcon_core.event_reactor:joined thread
[18.917s] INFO:colcon.colcon_core.shell:Creating prefix script '/media/sf_inspection_bot_ws/install/local_setup.ps1'
[18.940s] INFO:colcon.colcon_core.shell:Creating prefix util module '/media/sf_inspection_bot_ws/install/_local_setup_util_ps1.py'
[18.952s] INFO:colcon.colcon_core.shell:Creating prefix chain script '/media/sf_inspection_bot_ws/install/setup.ps1'
[18.975s] INFO:colcon.colcon_core.shell:Creating prefix script '/media/sf_inspection_bot_ws/install/local_setup.sh'
[18.987s] INFO:colcon.colcon_core.shell:Creating prefix util module '/media/sf_inspection_bot_ws/install/_local_setup_util_sh.py'
[18.996s] INFO:colcon.colcon_core.shell:Creating prefix chain script '/media/sf_inspection_bot_ws/install/setup.sh'
[19.004s] INFO:colcon.colcon_core.shell:Creating prefix script '/media/sf_inspection_bot_ws/install/local_setup.bash'
[19.010s] INFO:colcon.colcon_core.shell:Creating prefix chain script '/media/sf_inspection_bot_ws/install/setup.bash'
[19.025s] INFO:colcon.colcon_core.shell:Creating prefix script '/media/sf_inspection_bot_ws/install/local_setup.zsh'
[19.042s] INFO:colcon.colcon_core.shell:Creating prefix chain script '/media/sf_inspection_bot_ws/install/setup.zsh'
