/media/sf_inspection_bot_ws/src/install/inspection_bot_nav/lib/python3.8/site-packages/inspection_bot_nav/inspection_commander.py
/media/sf_inspection_bot_ws/src/install/inspection_bot_nav/lib/python3.8/site-packages/inspection_bot_nav/tsp_planner.py
/media/sf_inspection_bot_ws/src/install/inspection_bot_nav/lib/python3.8/site-packages/inspection_bot_nav/__init__.py
/media/sf_inspection_bot_ws/src/install/inspection_bot_nav/lib/python3.8/site-packages/inspection_bot_nav/__pycache__/inspection_commander.cpython-38.pyc
/media/sf_inspection_bot_ws/src/install/inspection_bot_nav/lib/python3.8/site-packages/inspection_bot_nav/__pycache__/tsp_planner.cpython-38.pyc
/media/sf_inspection_bot_ws/src/install/inspection_bot_nav/lib/python3.8/site-packages/inspection_bot_nav/__pycache__/__init__.cpython-38.pyc
/media/sf_inspection_bot_ws/src/install/inspection_bot_nav/share/ament_index/resource_index/packages/inspection_bot_nav
/media/sf_inspection_bot_ws/src/install/inspection_bot_nav/share/inspection_bot_nav/package.xml
/media/sf_inspection_bot_ws/src/install/inspection_bot_nav/share/inspection_bot_nav/config/inspection_points.yaml
/media/sf_inspection_bot_ws/src/install/inspection_bot_nav/share/inspection_bot_nav/config/nav2_params.yaml
/media/sf_inspection_bot_ws/src/install/inspection_bot_nav/share/inspection_bot_nav/config/slam_toolbox_params.yaml
/media/sf_inspection_bot_ws/src/install/inspection_bot_nav/lib/python3.8/site-packages/inspection_bot_nav-0.1.0-py3.8.egg-info/dependency_links.txt
/media/sf_inspection_bot_ws/src/install/inspection_bot_nav/lib/python3.8/site-packages/inspection_bot_nav-0.1.0-py3.8.egg-info/entry_points.txt
/media/sf_inspection_bot_ws/src/install/inspection_bot_nav/lib/python3.8/site-packages/inspection_bot_nav-0.1.0-py3.8.egg-info/PKG-INFO
/media/sf_inspection_bot_ws/src/install/inspection_bot_nav/lib/python3.8/site-packages/inspection_bot_nav-0.1.0-py3.8.egg-info/requires.txt
/media/sf_inspection_bot_ws/src/install/inspection_bot_nav/lib/python3.8/site-packages/inspection_bot_nav-0.1.0-py3.8.egg-info/SOURCES.txt
/media/sf_inspection_bot_ws/src/install/inspection_bot_nav/lib/python3.8/site-packages/inspection_bot_nav-0.1.0-py3.8.egg-info/top_level.txt
/media/sf_inspection_bot_ws/src/install/inspection_bot_nav/lib/python3.8/site-packages/inspection_bot_nav-0.1.0-py3.8.egg-info/zip-safe
/media/sf_inspection_bot_ws/src/install/inspection_bot_nav/lib/inspection_bot_nav/inspection_commander
/media/sf_inspection_bot_ws/src/install/inspection_bot_nav/lib/inspection_bot_nav/tsp_planner
